PHPUnit 11.5.34 by Sebastian Bergmann and contributors.

Runtime:       PHP 8.4.13
Configuration: /var/www/html/phpunit.xml

....PostViewController::recordView error: 無效的文章 ID in /var/www/html/app/Application/Controllers/Api/V1/PostViewController.php:234
.PostViewController::recordView error: 文章 ID 不能為空 in /var/www/html/app/Application/Controllers/Api/V1/PostViewController.php:225
.PostViewController::recordView error: 無效的文章 ID in /var/www/html/app/Application/Controllers/Api/V1/PostViewController.php:234
.PostViewController::recordView error: 無效的文章 ID in /var/www/html/app/Application/Controllers/Api/V1/PostViewController.php:234
..PostViewController::recordView error: Database error in /var/www/html/tests/Unit/Application/Controllers/Api/V1/PostViewControllerTest.php:190
...PostViewController::recordView error: Event dispatcher error in /var/www/html/tests/Unit/Application/Controllers/Api/V1/PostViewControllerTest.php:247
........................[JWT] Token 已過期: Refresh token has expired
.[JWT] Token 無效: Access token is invalid
[JWT] 異常類型: App\Domains\Auth\Exceptions\InvalidTokenException
[JWT] 堆疊追蹤: #0 /var/www/html/vendor/phpunit/phpunit/src/Framework/TestCase.php(1656): Tests\Unit\Application\Middleware\JwtAuthenticationMiddlewareTest->testShouldReturnUnauthorizedWhenTokenInvalid()
#1 /var/www/html/vendor/phpunit/phpunit/src/Framework/TestCase.php(514): PHPUnit\Framework\TestCase->runTest()
#2 /var/www/html/vendor/phpunit/phpunit/src/Framework/TestRunner/TestRunner.php(87): PHPUnit\Framework\TestCase->runBare()
#3 /var/www/html/vendor/phpunit/phpunit/src/Framework/TestCase.php(361): PHPUnit\Framework\TestRunner->run(Object(Tests\Unit\Application\Middleware\JwtAuthenticationMiddlewareTest))
#4 /var/www/html/vendor/phpunit/phpunit/src/Framework/TestSuite.php(369): PHPUnit\Framework\TestCase->run()
#5 /var/www/html/vendor/phpunit/phpunit/src/Framework/TestSuite.php(369): PHPUnit\Framework\TestSuite->run()
#6 /var/www/html/vendor/phpunit/phpunit/src/Framework/TestSuite.php(369): PHPUnit\Framework\TestSuite->run()
#7 /var/www/html/vendor/phpunit/phpunit/src/TextUI/TestRunner.php(64): PHPUnit\Framework\TestSuite->run()
#8 /var/www/html/vendor/phpunit/phpunit/src/TextUI/Application.php(211): PHPUnit\TextUI\TestRunner->run(Object(PHPUnit\TextUI\Configuration\Configuration), Object(PHPUnit\Runner\ResultCache\DefaultResultCache), Object(PHPUnit\Framework\TestSuite))
#9 /var/www/html/vendor/phpunit/phpunit/phpunit(104): PHPUnit\TextUI\Application->run(Array)
#10 /var/www/html/vendor/bin/phpunit(122): include('/var/www/html/v...')
#11 {main}
..[JWT] 認證驗證失敗: Received Mockery_10_App_Infrastructure_Routing_Contracts_RequestHandlerInterface::handle(), but no expectations were specified
[JWT] 異常類型: Mockery\Exception\BadMethodCallException
F[JWT] 認證驗證失敗: Received Mockery_10_App_Infrastructure_Routing_Contracts_RequestHandlerInterface::handle(), but no expectations were specified
[JWT] 異常類型: Mockery\Exception\BadMethodCallException
F.[JWT] 認證驗證失敗: Received Mockery_10_App_Infrastructure_Routing_Contracts_RequestHandlerInterface::handle(), but no expectations were specified
[JWT] 異常類型: Mockery\Exception\BadMethodCallException
F.[JWT] 認證驗證失敗: Unexpected error
[JWT] 異常類型: RuntimeException
.................   61 / 2190 (  2%)
.............................................................  122 / 2190 (  5%)
.............................................................  183 / 2190 (  8%)
.............................................................  244 / 2190 ( 11%)
.............................................................  305 / 2190 ( 13%)
.............................................................  366 / 2190 ( 16%)
.............................................................  427 / 2190 ( 19%)
................................................JWT token generation failed during registration: Failed to generate Access token: encoding process failed
........JWT token revocation failed during logout: Revocation failed
.....  488 / 2190 ( 22%)
...................................[JWT] isTokenRevoked 失敗: Token 格式無效: Token 格式無效，必須包含三個部分
[JWT] 異常類型: App\Domains\Auth\Exceptions\TokenParsingException
[JWT] 追蹤: #0 /var/www/html/app/Infrastructure/Auth/Jwt/FirebaseJwtProvider.php(203): App\Domains\Auth\Exceptions\TokenParsingException::invalidFormat('Token \xE6\xA0\xBC\xE5\xBC\x8F\xE7\x84\xA1...')
#1 /var/www/html/app/Domains/Auth/Services/JwtTokenService.php(166): App\Infrastructure\Auth\Jwt\FirebaseJwtProvider->parseTokenUnsafe('invalid-token')
#2 /var/www/html/app/Domains/Auth/Services/JwtTokenService.php(223): App\Domains\Auth\Services\JwtTokenService->extractPayload('invalid-token')
#3 /var/www/html/tests/Unit/Domains/Auth/Services/JwtTokenServiceSimpleTest.php(312): App\Domains\Auth\Services\JwtTokenService->isTokenRevoked('invalid-token')
#4 /var/www/html/vendor/phpunit/phpunit/src/Framework/TestCase.php(1656): Tests\Unit\Domains\Auth\Services\JwtTokenServiceSimpleTest->test_isTokenRevoked_should_return_true_when_token_invalid()
#5 /var/www/html/vendor/phpunit/phpunit/src/Framework/TestCase.php(514): PHPUnit\Framework\TestCase->runTest()
#6 /var/www/html/vendor/phpunit/phpunit/src/Framework/TestRunner/TestRunner.php(87): PHPUnit\Framework\TestCase->runBare()
#7 /var/www/html/vendor/phpunit/phpunit/src/Framework/TestCase.php(361): PHPUnit\Framework\TestRunner->run(Object(Tests\Unit\Domains\Auth\Services\JwtTokenServiceSimpleTest))
#8 /var/www/html/vendor/phpunit/phpunit/src/Framework/TestSuite.php(369): PHPUnit\Framework\TestCase->run()
#9 /var/www/html/vendor/phpunit/phpunit/src/Framework/TestSuite.php(369): PHPUnit\Framework\TestSuite->run()
#10 /var/www/html/vendor/phpunit/phpunit/src/Framework/TestSuite.php(369): PHPUnit\Framework\TestSuite->run()
#11 /var/www/html/vendor/phpunit/phpunit/src/TextUI/TestRunner.php(64): PHPUnit\Framework\TestSuite->run()
#12 /var/www/html/vendor/phpunit/phpunit/src/TextUI/Application.php(211): PHPUnit\TextUI\TestRunner->run(Object(PHPUnit\TextUI\Configuration\Configuration), Object(PHPUnit\Runner\ResultCache\DefaultResultCache), Object(PHPUnit\Framework\TestSuite))
#13 /var/www/html/vendor/phpunit/phpunit/phpunit(104): PHPUnit\TextUI\Application->run(Array)
#14 /var/www/html/vendor/bin/phpunit(122): include('/var/www/html/v...')
#15 {main}
....FF........JWT token revocation failed during manual_revocation: Parsing failed
....[JWT] isTokenRevoked 失敗: Invalid token
[JWT] 異常類型: Exception
[JWT] 追蹤: #0 /var/www/html/vendor/phpunit/phpunit/src/Framework/TestCase.php(1656): Tests\Unit\Domains\Auth\Services\JwtTokenServiceTest->test_isTokenRevoked_should_return_true_when_token_invalid()
#1 /var/www/html/vendor/phpunit/phpunit/src/Framework/TestCase.php(514): PHPUnit\Framework\TestCase->runTest()
#2 /var/www/html/vendor/phpunit/phpunit/src/Framework/TestRunner/TestRunner.php(87): PHPUnit\Framework\TestCase->runBare()
#3 /var/www/html/vendor/phpunit/phpunit/src/Framework/TestCase.php(361): PHPUnit\Framework\TestRunner->run(Object(Tests\Unit\Domains\Auth\Services\JwtTokenServiceTest))
#4 /var/www/html/vendor/phpunit/phpunit/src/Framework/TestSuite.php(369): PHPUnit\Framework\TestCase->run()
#5 /var/www/html/vendor/phpunit/phpunit/src/Framework/TestSuite.php(369): PHPUnit\Framework\TestSuite->run()
#6 /var/www/html/vendor/phpunit/phpunit/src/Framework/TestSuite.php(369): PHPUnit\Framework\TestSuite->run()
#7 /var/www/html/vendor/phpunit/phpunit/src/TextUI/TestRunner.php(64): PHPUnit\Framework\TestSuite->run()
#8 /var/www/html/vendor/phpunit/phpunit/src/TextUI/Application.php(211): PHPUnit\TextUI\TestRunner->run(Object(PHPUnit\TextUI\Configuration\Configuration), Object(PHPUnit\Runner\ResultCache\DefaultResultCache), Object(PHPUnit\Framework\TestSuite))
#9 /var/www/html/vendor/phpunit/phpunit/phpunit(104): PHPUnit\TextUI\Application->run(Array)
#10 /var/www/html/vendor/bin/phpunit(122): include('/var/www/html/v...')
#11 {main}
........  549 / 2190 ( 25%)
.............................................................  610 / 2190 ( 27%)
.............................................................  671 / 2190 ( 30%)
.............................................................  732 / 2190 ( 33%)
.............................................................  793 / 2190 ( 36%)
.............................................................  854 / 2190 ( 38%)
.............................................................  915 / 2190 ( 41%)
.............................................................  976 / 2190 ( 44%)
............................................................. 1037 / 2190 ( 47%)
............................................................. 1098 / 2190 ( 50%)
...................................................Failed to dispatch StatisticsSnapshotCreated event: Event dispatch failed
.......... 1159 / 2190 ( 52%)
............................................................. 1220 / 2190 ( 55%)
............................................................. 1281 / 2190 ( 58%)
.....[JWT] 開始驗證 Token...
[JWT] Token 前 50 字元: eyJ0eXAiOiJKV1QiLCJhbGciOiJSUzI1NiJ9.eyJpc3MiOiJhb...
[JWT] 公鑰長度: 450 bytes
[JWT] Token 解碼成功
[JWT] 所有驗證通過
.[JWT] 開始驗證 Token...
[JWT] Token 前 50 字元: eyJ0eXAiOiJKV1QiLCJhbGciOiJSUzI1NiJ9.eyJpc3MiOiJhb...
[JWT] 公鑰長度: 450 bytes
[JWT] Token 解碼成功
[JWT] 所有驗證通過
..[JWT] 開始驗證 Token...
[JWT] Token 前 50 字元: invalid.token...
[JWT] 公鑰長度: 450 bytes
[JWT] Token 格式無效: Wrong number of segments
.[JWT] 開始驗證 Token...
[JWT] Token 前 50 字元: eyJ0eXAiOiJKV1QiLCJhbGciOiJSUzI1NiJ9.eyJpc3MiOiJhb...
[JWT] 公鑰長度: 450 bytes
[JWT] Token 已過期
.[JWT] 開始驗證 Token...
[JWT] Token 前 50 字元: eyJ0eXAiOiJKV1QiLCJhbGciOiJSUzI1NiJ9.eyJpc3MiOiJhb...
[JWT] 公鑰長度: 450 bytes
[JWT] Token 解碼成功
.[JWT] 開始驗證 Token...
[JWT] Token 前 50 字元: eyJ0eXAiOiJKV1QiLCJhbGciOiJSUzI1NiJ9.eyJpc3MiOiJhb...
[JWT] 公鑰長度: 450 bytes
[JWT] 簽名無效: Signature verification failed
.........[JWT] 開始驗證 Token...
[JWT] Token 前 50 字元: eyJ0eXAiOiJKV1QiLCJhbGciOiJSUzI1NiJ9.eyJpc3MiOiJka...
[JWT] 公鑰長度: 450 bytes
[JWT] Token 解碼成功
.[JWT] 開始驗證 Token...
[JWT] Token 前 50 字元: eyJ0eXAiOiJKV1QiLCJhbGciOiJSUzI1NiJ9.eyJpc3MiOiJhb...
[JWT] 公鑰長度: 450 bytes
[JWT] Token 解碼成功
........................................ 1342 / 2190 ( 61%)
............................................................. 1403 / 2190 ( 64%)
............................................................. 1464 / 2190 ( 66%)
............................................................. 1525 / 2190 ( 69%)
................................................EEESSEEEEEEEE 1586 / 2190 ( 72%)
EEEEEEEEEEEEEEEEE.E.................Failed to log IP rule event: Received Mockery_0_App_Domains_Security_Contracts_ActivityLoggingServiceInterface::log(), but no expectations were specified
....Failed to log IP rule event: Received Mockery_0_App_Domains_Security_Contracts_ActivityLoggingServiceInterface::log(), but no expectations were specified
Failed to log IP rule event: Received Mockery_0_App_Domains_Security_Contracts_ActivityLoggingServiceInterface::log(), but no expectations were specified
Failed to log IP rule event: Received Mockery_0_App_Domains_Security_Contracts_ActivityLoggingServiceInterface::log(), but no expectations were specified
.........刪除文章失敗 (ID: 1): 一般錯誤
.......設定置頂狀態失敗 (ID: 1): 一般錯誤
..... 1647 / 2190 ( 75%)
...速率限制檢查失敗: 快取錯誤
..速率限制檢查失敗: 快取更新失敗
........................................................ 1708 / 2190 ( 77%)
............................................................. 1769 / 2190 ( 80%)
............................................................. 1830 / 2190 ( 83%)
............................................................. 1891 / 2190 ( 86%)
................S[JWT] isTokenRevoked 失敗: Token 解析失敗: Malformed UTF-8 characters
[JWT] 異常類型: App\Domains\Auth\Exceptions\TokenParsingException
[JWT] 追蹤: #0 /var/www/html/app/Domains/Auth/Services/JwtTokenService.php(166): App\Infrastructure\Auth\Jwt\FirebaseJwtProvider->parseTokenUnsafe('fake.refresh.to...')
#1 /var/www/html/app/Domains/Auth/Services/JwtTokenService.php(223): App\Domains\Auth\Services\JwtTokenService->extractPayload('fake.refresh.to...')
#2 /var/www/html/app/Domains/Auth/Services/JwtTokenService.php(130): App\Domains\Auth\Services\JwtTokenService->isTokenRevoked('fake.refresh.to...')
#3 /var/www/html/app/Domains/Auth/Services/JwtTokenService.php(174): App\Domains\Auth\Services\JwtTokenService->validateRefreshToken('fake.refresh.to...')
#4 /var/www/html/app/Domains/Auth/Services/AuthenticationService.php(119): App\Domains\Auth\Services\JwtTokenService->refreshTokens('fake.refresh.to...', Object(App\Domains\Auth\ValueObjects\DeviceInfo))
#5 /var/www/html/app/Application/Controllers/Api/V1/AuthController.php(863): App\Domains\Auth\Services\AuthenticationService->refresh(Object(App\Domains\Auth\DTOs\RefreshRequestDTO), Object(App\Domains\Auth\ValueObjects\DeviceInfo))
#6 /var/www/html/app/Infrastructure/Routing/ControllerResolver.php(390): App\Application\Controllers\Api\V1\AuthController->refresh(Object(App\Infrastructure\Http\ServerRequest), Object(Psr\Http\Message\ResponseInterface@anonymous))
#7 /var/www/html/app/Infrastructure/Routing/ControllerResolver.php(41): App\Infrastructure\Routing\ControllerResolver->handleArrayHandler(Array, Object(App\Infrastructure\Http\ServerRequest), Array)
#8 /var/www/html/app/Infrastructure/Routing/RouteDispatcher.php(70): App\Infrastructure\Routing\ControllerResolver->resolve(Object(App\Infrastructure\Routing\Core\Route), Object(App\Infrastructure\Http\ServerRequest), Array)
#9 /var/www/html/app/Infrastructure/Routing/ClosureRequestHandler.php(28): App\Infrastructure\Routing\RouteDispatcher->{closure:App\Infrastructure\Routing\RouteDispatcher::dispatch():69}(Object(App\Infrastructure\Http\ServerRequest))
#10 /var/www/html/app/Infrastructure/Routing/Middleware/MiddlewareDispatcher.php(27): App\Infrastructure\Routing\ClosureRequestHandler->handle(Object(App\Infrastructure\Http\ServerRequest))
#11 /var/www/html/app/Infrastructure/Routing/RouteDispatcher.php(75): App\Infrastructure\Routing\Middleware\MiddlewareDispatcher->dispatch(Object(App\Infrastructure\Http\ServerRequest), Array, Object(App\Infrastructure\Routing\ClosureRequestHandler))
#12 /var/www/html/app/Application.php(130): App\Infrastructure\Routing\RouteDispatcher->dispatch(Object(App\Infrastructure\Http\ServerRequest))
#13 /var/www/html/app/Application.php(49): App\Application->handleRequest(Object(App\Infrastructure\Http\ServerRequest))
#14 /var/www/html/tests/Integration/Api/V1/AuthEndpointTest.php(77): App\Application->run(Object(App\Infrastructure\Http\ServerRequest))
#15 /var/www/html/tests/Integration/Api/V1/AuthEndpointTest.php(145): Tests\Integration\Api\V1\AuthEndpointTest->createRequest('POST', '/api/auth/refre...', Array)
#16 /var/www/html/vendor/phpunit/phpunit/src/Framework/TestCase.php(1656): Tests\Integration\Api\V1\AuthEndpointTest->testRefreshTokenEndpoint()
#17 /var/www/html/vendor/phpunit/phpunit/src/Framework/TestCase.php(514): PHPUnit\Framework\TestCase->runTest()
#18 /var/www/html/vendor/phpunit/phpunit/src/Framework/TestRunner/TestRunner.php(87): PHPUnit\Framework\TestCase->runBare()
#19 /var/www/html/vendor/phpunit/phpunit/src/Framework/TestCase.php(361): PHPUnit\Framework\TestRunner->run(Object(Tests\Integration\Api\V1\AuthEndpointTest))
#20 /var/www/html/vendor/phpunit/phpunit/src/Framework/TestSuite.php(369): PHPUnit\Framework\TestCase->run()
#21 /var/www/html/vendor/phpunit/phpunit/src/Framework/TestSuite.php(369): PHPUnit\Framework\TestSuite->run()
#22 /var/www/html/vendor/phpunit/phpunit/src/Framework/TestSuite.php(369): PHPUnit\Framework\TestSuite->run()
#23 /var/www/html/vendor/phpunit/phpunit/src/TextUI/TestRunner.php(64): PHPUnit\Framework\TestSuite->run()
#24 /var/www/html/vendor/phpunit/phpunit/src/TextUI/Application.php(211): PHPUnit\TextUI\TestRunner->run(Object(PHPUnit\TextUI\Configuration\Configuration), Object(PHPUnit\Runner\ResultCache\DefaultResultCache), Object(PHPUnit\Framework\TestSuite))
#25 /var/www/html/vendor/phpunit/phpunit/phpunit(104): PHPUnit\TextUI\Application->run(Array)
#26 /var/www/html/vendor/bin/phpunit(122): include('/var/www/html/v...')
#27 {main}
...[JWT] 開始驗證 Token...
[JWT] Token 前 50 字元: fake.invalid.token...
[JWT] 公鑰長度: 450 bytes
[JWT] 認證驗證失敗: Token 驗證失敗: Syntax error, malformed JSON
[JWT] 異常類型: App\Domains\Auth\Exceptions\TokenValidationException
..[JWT] 開始驗證 Token...
[JWT] Token 前 50 字元: fake.invalid.token...
[JWT] 公鑰長度: 450 bytes
[JWT] 認證驗證失敗: Token 驗證失敗: Syntax error, malformed JSON
[JWT] 異常類型: App\Domains\Auth\Exceptions\TokenValidationException
S[JWT] 開始驗證 Token...
[JWT] Token 前 50 字元: fake.invalid.token...
[JWT] 公鑰長度: 450 bytes
[JWT] 認證驗證失敗: Token 驗證失敗: Syntax error, malformed JSON
[JWT] 異常類型: App\Domains\Auth\Exceptions\TokenValidationException
S[JWT] 開始驗證 Token...
[JWT] Token 前 50 字元: fake.invalid.token...
[JWT] 公鑰長度: 450 bytes
[JWT] 認證驗證失敗: Token 驗證失敗: Syntax error, malformed JSON
[JWT] 異常類型: App\Domains\Auth\Exceptions\TokenValidationException
S[JWT] 開始驗證 Token...
[JWT] Token 前 50 字元: fake.invalid.token...
[JWT] 公鑰長度: 450 bytes
[JWT] 認證驗證失敗: Token 驗證失敗: Syntax error, malformed JSON
[JWT] 異常類型: App\Domains\Auth\Exceptions\TokenValidationException
S[JWT] 開始驗證 Token...
[JWT] Token 前 50 字元: fake.invalid.token...
[JWT] 公鑰長度: 450 bytes
[JWT] 認證驗證失敗: Token 驗證失敗: Syntax error, malformed JSON
[JWT] 異常類型: App\Domains\Auth\Exceptions\TokenValidationException
S[JWT] 開始驗證 Token...
[JWT] Token 前 50 字元: fake.invalid.token...
[JWT] 公鑰長度: 450 bytes
[JWT] 認證驗證失敗: Token 驗證失敗: Syntax error, malformed JSON
[JWT] 異常類型: App\Domains\Auth\Exceptions\TokenValidationException
S[JWT] 開始驗證 Token...
[JWT] Token 前 50 字元: fake.invalid.token...
[JWT] 公鑰長度: 450 bytes
[JWT] 認證驗證失敗: Token 驗證失敗: Syntax error, malformed JSON
[JWT] 異常類型: App\Domains\Auth\Exceptions\TokenValidationException
S[JWT] 開始驗證 Token...
[JWT] Token 前 50 字元: fake.invalid.token...
[JWT] 公鑰長度: 450 bytes
[JWT] 認證驗證失敗: Token 驗證失敗: Syntax error, malformed JSON
[JWT] 異常類型: App\Domains\Auth\Exceptions\TokenValidationException
S[JWT] 開始驗證 Token...
[JWT] Token 前 50 字元: fake.invalid.token...
[JWT] 公鑰長度: 450 bytes
[JWT] 認證驗證失敗: Token 驗證失敗: Syntax error, malformed JSON
[JWT] 異常類型: App\Domains\Auth\Exceptions\TokenValidationException
[JWT] 開始驗證 Token...
[JWT] Token 前 50 字元: fake.invalid.token...
[JWT] 公鑰長度: 450 bytes
[JWT] 認證驗證失敗: Token 驗證失敗: Syntax error, malformed JSON
[JWT] 異常類型: App\Domains\Auth\Exceptions\TokenValidationException
[JWT] 開始驗證 Token...
[JWT] Token 前 50 字元: fake.invalid.token...
[JWT] 公鑰長度: 450 bytes
[JWT] 認證驗證失敗: Token 驗證失敗: Syntax error, malformed JSON
[JWT] 異常類型: App\Domains\Auth\Exceptions\TokenValidationException
[JWT] 開始驗證 Token...
[JWT] Token 前 50 字元: fake.invalid.token...
[JWT] 公鑰長度: 450 bytes
[JWT] 認證驗證失敗: Token 驗證失敗: Syntax error, malformed JSON
[JWT] 異常類型: App\Domains\Auth\Exceptions\TokenValidationException
[JWT] 開始驗證 Token...
[JWT] Token 前 50 字元: fake.invalid.token...
[JWT] 公鑰長度: 450 bytes
[JWT] 認證驗證失敗: Token 驗證失敗: Syntax error, malformed JSON
[JWT] 異常類型: App\Domains\Auth\Exceptions\TokenValidationException
.[JWT] 開始驗證 Token...
[JWT] Token 前 50 字元: fake.invalid.token...
[JWT] 公鑰長度: 450 bytes
[JWT] 認證驗證失敗: Token 驗證失敗: Syntax error, malformed JSON
[JWT] 異常類型: App\Domains\Auth\Exceptions\TokenValidationException
[JWT] 開始驗證 Token...
[JWT] Token 前 50 字元: fake.invalid.token...
[JWT] 公鑰長度: 450 bytes
[JWT] 認證驗證失敗: Token 驗證失敗: Syntax error, malformed JSON
[JWT] 異常類型: App\Domains\Auth\Exceptions\TokenValidationException
[JWT] 開始驗證 Token...
[JWT] Token 前 50 字元: fake.invalid.token...
[JWT] 公鑰長度: 450 bytes
[JWT] 認證驗證失敗: Token 驗證失敗: Syntax error, malformed JSON
[JWT] 異常類型: App\Domains\Auth\Exceptions\TokenValidationException
...................FEEFFEEEEE. 1952 / 2190 ( 89%)
............................................S..........[JWT] 開始驗證 Token...
[JWT] Token 前 50 字元: eyJ0eXAiOiJKV1QiLCJhbGciOiJSUzI1NiJ9.eyJpc3MiOiJhb...
[JWT] 公鑰長度: 450 bytes
[JWT] Token 解碼成功
[JWT] 所有驗證通過
...... 2013 / 2190 ( 91%)
.......
無索引基準效能 - 來源統計查詢時間: 0.23198127746582 ms
.
最佳化索引效能 - 來源統計查詢時間: 0.19598007202148 ms
.
狀態統計查詢時間: 0.24008750915527 ms
.
熱門文章查詢時間: 0.80204010009766 ms
.
使用者文章統計查詢時間: 0.9000301361084 ms
.
時間分佈統計查詢時間: 0.86593627929688 ms
.
活動摘要查詢時間: 2.0759105682373 ms
.
=== posts_by_source 執行計劃 ===
ID: 6, Parent: 0, Detail: SEARCH posts USING COVERING INDEX idx_posts_created_source (created_at>? AND created_at<?)
ID: 13, Parent: 0, Detail: USE TEMP B-TREE FOR GROUP BY

=== posts_by_status 執行計劃 ===
ID: 6, Parent: 0, Detail: SEARCH posts USING COVERING INDEX idx_posts_created_status (created_at>? AND created_at<?)
ID: 13, Parent: 0, Detail: USE TEMP B-TREE FOR GROUP BY

=== popular_posts 執行計劃 ===
ID: 5, Parent: 0, Detail: SEARCH posts USING INDEX idx_posts_status_created (status=? AND created_at>? AND created_at<?)
ID: 25, Parent: 0, Detail: USE TEMP B-TREE FOR ORDER BY
.API Error: Received Mockery_17_App_Shared_Contracts_ValidatorInterface::addRule(), but no expectations were specified in /var/www/html/vendor/mockery/mockery/library/Mockery/Loader/EvalLoader.php(30) : eval()'d code:974
................速率限制檢查失敗: 快取錯誤
...EEEEEEEEEEEEEEEEE.......... 2074 / 2190 ( 94%)
................PostViewController::recordView error: SQLSTATE[HY000]: General error: 1 ambiguous column name: id in /var/www/html/app/Domains/Post/Repositories/PostRepository.php:222
.PostViewController::recordView error: SQLSTATE[HY000]: General error: 1 ambiguous column name: id in /var/www/html/app/Domains/Post/Repositories/PostRepository.php:222
.PostViewController::recordView error: SQLSTATE[HY000]: General error: 1 ambiguous column name: id in /var/www/html/app/Domains/Post/Repositories/PostRepository.php:222
.PostViewController::recordView error: 無效的文章 ID in /var/www/html/app/Application/Controllers/Api/V1/PostViewController.php:234
.PostViewController::recordView error: SQLSTATE[HY000]: General error: 1 ambiguous column name: id in /var/www/html/app/Domains/Post/Repositories/PostRepository.php:222
.PostViewController::recordView error: SQLSTATE[HY000]: General error: 1 ambiguous column name: id in /var/www/html/app/Domains/Post/Repositories/PostRepository.php:222
PostViewController::recordView error: SQLSTATE[HY000]: General error: 1 ambiguous column name: id in /var/www/html/app/Domains/Post/Repositories/PostRepository.php:222
PostViewController::recordView error: SQLSTATE[HY000]: General error: 1 ambiguous column name: id in /var/www/html/app/Domains/Post/Repositories/PostRepository.php:222
PostViewController::recordView error: SQLSTATE[HY000]: General error: 1 ambiguous column name: id in /var/www/html/app/Domains/Post/Repositories/PostRepository.php:222
PostViewController::recordView error: SQLSTATE[HY000]: General error: 1 ambiguous column name: id in /var/www/html/app/Domains/Post/Repositories/PostRepository.php:222
PostViewController::recordView error: SQLSTATE[HY000]: General error: 1 ambiguous column name: id in /var/www/html/app/Domains/Post/Repositories/PostRepository.php:222
PostViewController::recordView error: SQLSTATE[HY000]: General error: 1 ambiguous column name: id in /var/www/html/app/Domains/Post/Repositories/PostRepository.php:222
PostViewController::recordView error: SQLSTATE[HY000]: General error: 1 ambiguous column name: id in /var/www/html/app/Domains/Post/Repositories/PostRepository.php:222
PostViewController::recordView error: SQLSTATE[HY000]: General error: 1 ambiguous column name: id in /var/www/html/app/Domains/Post/Repositories/PostRepository.php:222
PostViewController::recordView error: SQLSTATE[HY000]: General error: 1 ambiguous column name: id in /var/www/html/app/Domains/Post/Repositories/PostRepository.php:222
FPostViewController::recordView error: SQLSTATE[HY000]: General error: 1 ambiguous column name: id in /var/www/html/app/Domains/Post/Repositories/PostRepository.php:222
PostViewController::recordView error: SQLSTATE[HY000]: General error: 1 ambiguous column name: id in /var/www/html/app/Domains/Post/Repositories/PostRepository.php:222
PostViewController::recordView error: SQLSTATE[HY000]: General error: 1 ambiguous column name: id in /var/www/html/app/Domains/Post/Repositories/PostRepository.php:222
PostViewController::recordView error: SQLSTATE[HY000]: General error: 1 ambiguous column name: id in /var/www/html/app/Domains/Post/Repositories/PostRepository.php:222
PostViewController::recordView error: SQLSTATE[HY000]: General error: 1 ambiguous column name: id in /var/www/html/app/Domains/Post/Repositories/PostRepository.php:222
PostViewController::recordView error: SQLSTATE[HY000]: General error: 1 ambiguous column name: id in /var/www/html/app/Domains/Post/Repositories/PostRepository.php:222
PostViewController::recordView error: SQLSTATE[HY000]: General error: 1 ambiguous column name: id in /var/www/html/app/Domains/Post/Repositories/PostRepository.php:222
PostViewController::recordView error: SQLSTATE[HY000]: General error: 1 ambiguous column name: id in /var/www/html/app/Domains/Post/Repositories/PostRepository.php:222
PostViewController::recordView error: SQLSTATE[HY000]: General error: 1 ambiguous column name: id in /var/www/html/app/Domains/Post/Repositories/PostRepository.php:222
PostViewController::recordView error: SQLSTATE[HY000]: General error: 1 ambiguous column name: id in /var/www/html/app/Domains/Post/Repositories/PostRepository.php:222
PostViewController::recordView error: SQLSTATE[HY000]: General error: 1 ambiguous column name: id in /var/www/html/app/Domains/Post/Repositories/PostRepository.php:222
PostViewController::recordView error: SQLSTATE[HY000]: General error: 1 ambiguous column name: id in /var/www/html/app/Domains/Post/Repositories/PostRepository.php:222
PostViewController::recordView error: SQLSTATE[HY000]: General error: 1 ambiguous column name: id in /var/www/html/app/Domains/Post/Repositories/PostRepository.php:222
PostViewController::recordView error: SQLSTATE[HY000]: General error: 1 ambiguous column name: id in /var/www/html/app/Domains/Post/Repositories/PostRepository.php:222
PostViewController::recordView error: SQLSTATE[HY000]: General error: 1 ambiguous column name: id in /var/www/html/app/Domains/Post/Repositories/PostRepository.php:222
FPostViewController::recordView error: SQLSTATE[HY000]: General error: 1 ambiguous column name: id in /var/www/html/app/Domains/Post/Repositories/PostRepository.php:222
FPostViewController::recordView error: SQLSTATE[HY000]: General error: 1 ambiguous column name: id in /var/www/html/app/Domains/Post/Repositories/PostRepository.php:222
.SPostViewController::recordView error: SQLSTATE[HY000]: General error: 1 ambiguous column name: id in /var/www/html/app/Domains/Post/Repositories/PostRepository.php:222
FPostViewController::recordView error: SQLSTATE[HY000]: General error: 1 ambiguous column name: id in /var/www/html/app/Domains/Post/Repositories/PostRepository.php:222
.PostViewController::recordView error: SQLSTATE[HY000]: General error: 1 ambiguous column name: id in /var/www/html/app/Domains/Post/Repositories/PostRepository.php:222
PostViewController::recordView error: SQLSTATE[HY000]: General error: 1 ambiguous column name: id in /var/www/html/app/Domains/Post/Repositories/PostRepository.php:222
PostViewController::recordView error: SQLSTATE[HY000]: General error: 1 ambiguous column name: id in /var/www/html/app/Domains/Post/Repositories/PostRepository.php:222
PostViewController::recordView error: SQLSTATE[HY000]: General error: 1 ambiguous column name: id in /var/www/html/app/Domains/Post/Repositories/PostRepository.php:222
PostViewController::recordView error: SQLSTATE[HY000]: General error: 1 ambiguous column name: id in /var/www/html/app/Domains/Post/Repositories/PostRepository.php:222
.PostViewController::recordView error: SQLSTATE[HY000]: General error: 1 ambiguous column name: id in /var/www/html/app/Domains/Post/Repositories/PostRepository.php:222
F[JWT] 開始驗證 Token...
S[JWT] Token 前 50 字元: eyJ0eXAiOiJKV1QiLCJhbGciOiJIUzI1NiJ9.eyJzdWIiOjEsI...
[JWT] 公鑰長度: 450 bytes
[JWT] Token 格式無效: Incorrect key for this algorithm
[JWT] Token 無效: Token 格式無效: Incorrect key for this algorithm
[JWT] 異常類型: App\Domains\Auth\Exceptions\InvalidTokenException
[JWT] 堆疊追蹤: #0 /var/www/html/app/Domains/Auth/Services/JwtTokenService.php(122): App\Infrastructure\Auth\Jwt\FirebaseJwtProvider->validateToken('eyJ0eXAiOiJKV1Q...', 'access')
#1 /var/www/html/app/Application/Middleware/JwtAuthenticationMiddleware.php(97): App\Domains\Auth\Services\JwtTokenService->validateAccessToken('eyJ0eXAiOiJKV1Q...')
#2 /var/www/html/app/Infrastructure/Routing/Middleware/MiddlewareDispatcher.php(63): App\Application\Middleware\JwtAuthenticationMiddleware->process(Object(App\Infrastructure\Http\ServerRequest), Object(App\Infrastructure\Routing\Contracts\RequestHandlerInterface@anonymous))
#3 /var/www/html/app/Infrastructure/Routing/Middleware/MiddlewareDispatcher.php(27): App\Infrastructure\Routing\Contracts\RequestHandlerInterface@anonymous->handle(Object(App\Infrastructure\Http\ServerRequest))
#4 /var/www/html/app/Infrastructure/Routing/RouteDispatcher.php(75): App\Infrastructure\Routing\Middleware\MiddlewareDispatcher->dispatch(Object(App\Infrastructure\Http\ServerRequest), Array, Object(App\Infrastructure\Routing\ClosureRequestHandler))
#5 /var/www/html/app/Application.php(130): App\Infrastructure\Routing\RouteDispatcher->dispatch(Object(App\Infrastructure\Http\ServerRequest))
#6 /var/www/html/app/Application.php(49): App\Application->handleRequest(Object(App\Infrastructure\Http\ServerRequest))
#7 /var/www/html/tests/Integration/Statistics/StatisticsAdminApiIntegrationTest.php(90): App\Application->run(Object(App\Infrastructure\Http\ServerRequest))
#8 /var/www/html/tests/Integration/Statistics/StatisticsAdminApiIntegrationTest.php(123): Tests\Integration\Statistics\StatisticsAdminApiIntegrationTest->makeRequest('POST', '/api/admin/stat...', NULL, Array)
#9 /var/www/html/tests/Integration/Statistics/StatisticsAdminApiIntegrationTest.php(144): Tests\Integration\Statistics\StatisticsAdminApiIntegrationTest->makeAdminRequest('POST', '/api/admin/stat...')
#10 /var/www/html/vendor/phpunit/phpunit/src/Framework/TestCase.php(1656): Tests\Integration\Statistics\StatisticsAdminApiIntegrationTest->testRefreshStatisticsEndpoint()
#11 /var/www/html/vendor/phpunit/phpunit/src/Framework/TestCase.php(514): PHPUnit\Framework\TestCase->runTest()
#12 /var/www/html/vendor/phpunit/phpunit/src/Framework/TestRunner/TestRunner.php(87): PHPUnit\Framework\TestCase->runBare()
#13 /var/www/html/vendor/phpunit/phpunit/src/Framework/TestCase.php(361): PHPUnit\Framework\TestRunner->run(Object(Tests\Integration\Statistics\StatisticsAdminApiIntegrationTest))
#14 /var/www/html/vendor/phpunit/phpunit/src/Framework/TestSuite.php(369): PHPUnit\Framework\TestCase->run()
#15 /var/www/html/vendor/phpunit/phpunit/src/Framework/TestSuite.php(369): PHPUnit\Framework\TestSuite->run()
#16 /var/www/html/vendor/phpunit/phpunit/src/Framework/TestSuite.php(369): PHPUnit\Framework\TestSuite->run()
#17 /var/www/html/vendor/phpunit/phpunit/src/TextUI/TestRunner.php(64): PHPUnit\Framework\TestSuite->run()
#18 /var/www/html/vendor/phpunit/phpunit/src/TextUI/Application.php(211): PHPUnit\TextUI\TestRunner->run(Object(PHPUnit\TextUI\Configuration\Configuration), Object(PHPUnit\Runner\ResultCache\DefaultResultCache), Object(PHPUnit\Framework\TestSuite))
#19 /var/www/html/vendor/phpunit/phpunit/phpunit(104): PHPUnit\TextUI\Application->run(Array)
#20 /var/www/html/vendor/bin/phpunit(122): include('/var/www/html/v...')
#21 {main}
S[JWT] 開始驗證 Token...
[JWT] Token 前 50 字元: eyJ0eXAiOiJKV1QiLCJhbGciOiJIUzI1NiJ9.eyJzdWIiOjEsI...
[JWT] 公鑰長度: 450 bytes
[JWT] Token 格式無效: Incorrect key for this algorithm
[JWT] Token 無效: Token 格式無效: Incorrect key for this algorithm
[JWT] 異常類型: App\Domains\Auth\Exceptions\InvalidTokenException
[JWT] 堆疊追蹤: #0 /var/www/html/app/Domains/Auth/Services/JwtTokenService.php(122): App\Infrastructure\Auth\Jwt\FirebaseJwtProvider->validateToken('eyJ0eXAiOiJKV1Q...', 'access')
#1 /var/www/html/app/Application/Middleware/JwtAuthenticationMiddleware.php(97): App\Domains\Auth\Services\JwtTokenService->validateAccessToken('eyJ0eXAiOiJKV1Q...')
#2 /var/www/html/app/Infrastructure/Routing/Middleware/MiddlewareDispatcher.php(63): App\Application\Middleware\JwtAuthenticationMiddleware->process(Object(App\Infrastructure\Http\ServerRequest), Object(App\Infrastructure\Routing\Contracts\RequestHandlerInterface@anonymous))
#3 /var/www/html/app/Infrastructure/Routing/Middleware/MiddlewareDispatcher.php(27): App\Infrastructure\Routing\Contracts\RequestHandlerInterface@anonymous->handle(Object(App\Infrastructure\Http\ServerRequest))
#4 /var/www/html/app/Infrastructure/Routing/RouteDispatcher.php(75): App\Infrastructure\Routing\Middleware\MiddlewareDispatcher->dispatch(Object(App\Infrastructure\Http\ServerRequest), Array, Object(App\Infrastructure\Routing\ClosureRequestHandler))
#5 /var/www/html/app/Application.php(130): App\Infrastructure\Routing\RouteDispatcher->dispatch(Object(App\Infrastructure\Http\ServerRequest))
#6 /var/www/html/app/Application.php(49): App\Application->handleRequest(Object(App\Infrastructure\Http\ServerRequest))
#7 /var/www/html/tests/Integration/Statistics/StatisticsAdminApiIntegrationTest.php(90): App\Application->run(Object(App\Infrastructure\Http\ServerRequest))
#8 /var/www/html/tests/Integration/Statistics/StatisticsAdminApiIntegrationTest.php(123): Tests\Integration\Statistics\StatisticsAdminApiIntegrationTest->makeRequest('POST', '/api/admin/stat...', Array, Array)
#9 /var/www/html/tests/Integration/Statistics/StatisticsAdminApiIntegrationTest.php(170): Tests\Integration\Statistics\StatisticsAdminApiIntegrationTest->makeAdminRequest('POST', '/api/admin/stat...', Array)
#10 /var/www/html/vendor/phpunit/phpunit/src/Framework/TestCase.php(1656): Tests\Integration\Statistics\StatisticsAdminApiIntegrationTest->testRefreshStatisticsWithTypeParameter()
#11 /var/www/html/vendor/phpunit/phpunit/src/Framework/TestCase.php(514): PHPUnit\Framework\TestCase->runTest()
#12 /var/www/html/vendor/phpunit/phpunit/src/Framework/TestRunner/TestRunner.php(87): PHPUnit\Framework\TestCase->runBare()
#13 /var/www/html/vendor/phpunit/phpunit/src/Framework/TestCase.php(361): PHPUnit\Framework\TestRunner->run(Object(Tests\Integration\Statistics\StatisticsAdminApiIntegrationTest))
#14 /var/www/html/vendor/phpunit/phpunit/src/Framework/TestSuite.php(369): PHPUnit\Framework\TestCase->run()
#15 /var/www/html/vendor/phpunit/phpunit/src/Framework/TestSuite.php(369): PHPUnit\Framework\TestSuite->run()
#16 /var/www/html/vendor/phpunit/phpunit/src/Framework/TestSuite.php(369): PHPUnit\Framework\TestSuite->run()
#17 /var/www/html/vendor/phpunit/phpunit/src/TextUI/TestRunner.php(64): PHPUnit\Framework\TestSuite->run()
#18 /var/www/html/vendor/phpunit/phpunit/src/TextUI/Application.php(211): PHPUnit\TextUI\TestRunner->run(Object(PHPUnit\TextUI\Configuration\Configuration), Object(PHPUnit\Runner\ResultCache\DefaultResultCache), Object(PHPUnit\Framework\TestSuite))
#19 /var/www/html/vendor/phpunit/phpunit/phpunit(104): PHPUnit\TextUI\Application->run(Array)
#20 /var/www/html/vendor/bin/phpunit(122): include('/var/www/html/v...')
#21 {main}
[JWT] 開始驗證 Token...
[JWT] Token 前 50 字元: eyJ0eXAiOiJKV1QiLCJhbGciOiJIUzI1NiJ9.eyJzdWIiOjEsI...
[JWT] 公鑰長度: 450 bytes
[JWT] Token 格式無效: Incorrect key for this algorithm
[JWT] Token 無效: Token 格式無效: Incorrect key for this algorithm
[JWT] 異常類型: App\Domains\Auth\Exceptions\InvalidTokenException
[JWT] 堆疊追蹤: #0 /var/www/html/app/Domains/Auth/Services/JwtTokenService.php(122): App\Infrastructure\Auth\Jwt\FirebaseJwtProvider->validateToken('eyJ0eXAiOiJKV1Q...', 'access')
#1 /var/www/html/app/Application/Middleware/JwtAuthenticationMiddleware.php(97): App\Domains\Auth\Services\JwtTokenService->validateAccessToken('eyJ0eXAiOiJKV1Q...')
#2 /var/www/html/app/Infrastructure/Routing/Middleware/MiddlewareDispatcher.php(63): App\Application\Middleware\JwtAuthenticationMiddleware->process(Object(App\Infrastructure\Http\ServerRequest), Object(App\Infrastructure\Routing\Contracts\RequestHandlerInterface@anonymous))
#3 /var/www/html/app/Infrastructure/Routing/Middleware/MiddlewareDispatcher.php(27): App\Infrastructure\Routing\Contracts\RequestHandlerInterface@anonymous->handle(Object(App\Infrastructure\Http\ServerRequest))
#4 /var/www/html/app/Infrastructure/Routing/RouteDispatcher.php(75): App\Infrastructure\Routing\Middleware\MiddlewareDispatcher->dispatch(Object(App\Infrastructure\Http\ServerRequest), Array, Object(App\Infrastructure\Routing\ClosureRequestHandler))
#5 /var/www/html/app/Application.php(130): App\Infrastructure\Routing\RouteDispatcher->dispatch(Object(App\Infrastructure\Http\ServerRequest))
#6 /var/www/html/app/Application.php(49): App\Application->handleRequest(Object(App\Infrastructure\Http\ServerRequest))
#7 /var/www/html/tests/Integration/Statistics/StatisticsAdminApiIntegrationTest.php(90): App\Application->run(Object(App\Infrastructure\Http\ServerRequest))
#8 /var/www/html/tests/Integration/Statistics/StatisticsAdminApiIntegrationTest.php(123): Tests\Integration\Statistics\StatisticsAdminApiIntegrationTest->makeRequest('DELETE', '/api/admin/stat...', NULL, Array)
#9 /var/www/html/tests/Integration/Statistics/StatisticsAdminApiIntegrationTest.php(185): Tests\Integration\Statistics\StatisticsAdminApiIntegrationTest->makeAdminRequest('DELETE', '/api/admin/stat...')
#10 /var/www/html/vendor/phpunit/phpunit/src/Framework/TestCase.php(1656): Tests\Integration\Statistics\StatisticsAdminApiIntegrationTest->testClearCacheEndpoint()
#11 /var/www/html/vendor/phpunit/phpunit/src/Framework/TestCase.php(514): PHPUnit\Framework\TestCase->runTest()
#12 /var/www/html/vendor/phpunit/phpunit/src/Framework/TestRunner/TestRunner.php(87): PHPUnit\Framework\TestCase->runBare()
#13 /var/www/html/vendor/phpunit/phpunit/src/Framework/TestCase.php(361): PHPUnit\Framework\TestRunner->run(Object(Tests\Integration\Statistics\StatisticsAdminApiIntegrationTest))
#14 /var/www/html/vendor/phpunit/phpunit/src/Framework/TestSuite.php(369): PHPUnit\Framework\TestCase->run()
#15 /var/www/html/vendor/phpunit/phpunit/src/Framework/TestSuite.php(369): PHPUnit\Framework\TestSuite->run()
#16 /var/www/html/vendor/phpunit/phpunit/src/Framework/TestSuite.php(369): PHPUnit\Framework\TestSuite->run()
#17 /var/www/html/vendor/phpunit/phpunit/src/TextUI/TestRunner.php(64): PHPUnit\Framework\TestSuite->run()
#18 /var/www/html/vendor/phpunit/phpunit/src/TextUI/Application.php(211): PHPUnit\TextUI\TestRunner->run(Object(PHPUnit\TextUI\Configuration\Configuration), Object(PHPUnit\Runner\ResultCache\DefaultResultCache), Object(PHPUnit\Framework\TestSuite))
#19 /var/www/html/vendor/phpunit/phpunit/phpunit(104): PHPUnit\TextUI\Application->run(Array)
#20 /var/www/html/vendor/bin/phpunit(122): include('/var/www/html/v...')
#21 {main}
S[JWT] 開始驗證 Token...
[JWT] Token 前 50 字元: eyJ0eXAiOiJKV1QiLCJhbGciOiJIUzI1NiJ9.eyJzdWIiOjEsI...
[JWT] 公鑰長度: 450 bytes
[JWT] Token 格式無效: Incorrect key for this algorithm
[JWT] Token 無效: Token 格式無效: Incorrect key for this algorithm
[JWT] 異常類型: App\Domains\Auth\Exceptions\InvalidTokenException
[JWT] 堆疊追蹤: #0 /var/www/html/app/Domains/Auth/Services/JwtTokenService.php(122): App\Infrastructure\Auth\Jwt\FirebaseJwtProvider->validateToken('eyJ0eXAiOiJKV1Q...', 'access')
#1 /var/www/html/app/Application/Middleware/JwtAuthenticationMiddleware.php(97): App\Domains\Auth\Services\JwtTokenService->validateAccessToken('eyJ0eXAiOiJKV1Q...')
#2 /var/www/html/app/Infrastructure/Routing/Middleware/MiddlewareDispatcher.php(63): App\Application\Middleware\JwtAuthenticationMiddleware->process(Object(App\Infrastructure\Http\ServerRequest), Object(App\Infrastructure\Routing\Contracts\RequestHandlerInterface@anonymous))
#3 /var/www/html/app/Infrastructure/Routing/Middleware/MiddlewareDispatcher.php(27): App\Infrastructure\Routing\Contracts\RequestHandlerInterface@anonymous->handle(Object(App\Infrastructure\Http\ServerRequest))
#4 /var/www/html/app/Infrastructure/Routing/RouteDispatcher.php(75): App\Infrastructure\Routing\Middleware\MiddlewareDispatcher->dispatch(Object(App\Infrastructure\Http\ServerRequest), Array, Object(App\Infrastructure\Routing\ClosureRequestHandler))
#5 /var/www/html/app/Application.php(130): App\Infrastructure\Routing\RouteDispatcher->dispatch(Object(App\Infrastructure\Http\ServerRequest))
#6 /var/www/html/app/Application.php(49): App\Application->handleRequest(Object(App\Infrastructure\Http\ServerRequest))
#7 /var/www/html/tests/Integration/Statistics/StatisticsAdminApiIntegrationTest.php(90): App\Application->run(Object(App\Infrastructure\Http\ServerRequest))
#8 /var/www/html/tests/Integration/Statistics/StatisticsAdminApiIntegrationTest.php(123): Tests\Integration\Statistics\StatisticsAdminApiIntegrationTest->makeRequest('DELETE', '/api/admin/stat...', Array, Array)
#9 /var/www/html/tests/Integration/Statistics/StatisticsAdminApiIntegrationTest.php(202): Tests\Integration\Statistics\StatisticsAdminApiIntegrationTest->makeAdminRequest('DELETE', '/api/admin/stat...', Array)
#10 /var/www/html/vendor/phpunit/phpunit/src/Framework/TestCase.php(1656): Tests\Integration\Statistics\StatisticsAdminApiIntegrationTest->testClearCacheWithTags()
#11 /var/www/html/vendor/phpunit/phpunit/src/Framework/TestCase.php(514): PHPUnit\Framework\TestCase->runTest()
#12 /var/www/html/vendor/phpunit/phpunit/src/Framework/TestRunner/TestRunner.php(87): PHPUnit\Framework\TestCase->runBare()
#13 /var/www/html/vendor/phpunit/phpunit/src/Framework/TestCase.php(361): PHPUnit\Framework\TestRunner->run(Object(Tests\Integration\Statistics\StatisticsAdminApiIntegrationTest))
#14 /var/www/html/vendor/phpunit/phpunit/src/Framework/TestSuite.php(369): PHPUnit\Framework\TestCase->run()
#15 /var/www/html/vendor/phpunit/phpunit/src/Framework/TestSuite.php(369): PHPUnit\Framework\TestSuite->run()
#16 /var/www/html/vendor/phpunit/phpunit/src/Framework/TestSuite.php(369): PHPUnit\Framework\TestSuite->run()
#17 /var/www/html/vendor/phpunit/phpunit/src/TextUI/TestRunner.php(64): PHPUnit\Framework\TestSuite->run()
#18 /var/www/html/vendor/phpunit/phpunit/src/TextUI/Application.php(211): PHPUnit\TextUI\TestRunner->run(Object(PHPUnit\TextUI\Configuration\Configuration), Object(PHPUnit\Runner\ResultCache\DefaultResultCache), Object(PHPUnit\Framework\TestSuite))
#19 /var/www/html/vendor/phpunit/phpunit/phpunit(104): PHPUnit\TextUI\Application->run(Array)
#20 /var/www/html/vendor/bin/phpunit(122): include('/var/www/html/v...')
#21 {main}
S[JWT] 開始驗證 Token...
[JWT] Token 前 50 字元: eyJ0eXAiOiJKV1QiLCJhbGciOiJIUzI1NiJ9.eyJzdWIiOjEsI...
[JWT] 公鑰長度: 450 bytes
[JWT] Token 格式無效: Incorrect key for this algorithm
[JWT] Token 無效: Token 格式無效: Incorrect key for this algorithm
[JWT] 異常類型: App\Domains\Auth\Exceptions\InvalidTokenException
[JWT] 堆疊追蹤: #0 /var/www/html/app/Domains/Auth/Services/JwtTokenService.php(122): App\Infrastructure\Auth\Jwt\FirebaseJwtProvider->validateToken('eyJ0eXAiOiJKV1Q...', 'access')
#1 /var/www/html/app/Application/Middleware/JwtAuthenticationMiddleware.php(97): App\Domains\Auth\Services\JwtTokenService->validateAccessToken('eyJ0eXAiOiJKV1Q...')
#2 /var/www/html/app/Infrastructure/Routing/Middleware/MiddlewareDispatcher.php(63): App\Application\Middleware\JwtAuthenticationMiddleware->process(Object(App\Infrastructure\Http\ServerRequest), Object(App\Infrastructure\Routing\Contracts\RequestHandlerInterface@anonymous))
#3 /var/www/html/app/Infrastructure/Routing/Middleware/MiddlewareDispatcher.php(27): App\Infrastructure\Routing\Contracts\RequestHandlerInterface@anonymous->handle(Object(App\Infrastructure\Http\ServerRequest))
#4 /var/www/html/app/Infrastructure/Routing/RouteDispatcher.php(75): App\Infrastructure\Routing\Middleware\MiddlewareDispatcher->dispatch(Object(App\Infrastructure\Http\ServerRequest), Array, Object(App\Infrastructure\Routing\ClosureRequestHandler))
#5 /var/www/html/app/Application.php(130): App\Infrastructure\Routing\RouteDispatcher->dispatch(Object(App\Infrastructure\Http\ServerRequest))
#6 /var/www/html/app/Application.php(49): App\Application->handleRequest(Object(App\Infrastructure\Http\ServerRequest))
#7 /var/www/html/tests/Integration/Statistics/StatisticsAdminApiIntegrationTest.php(90): App\Application->run(Object(App\Infrastructure\Http\ServerRequest))
#8 /var/www/html/tests/Integration/Statistics/StatisticsAdminApiIntegrationTest.php(123): Tests\Integration\Statistics\StatisticsAdminApiIntegrationTest->makeRequest('GET', '/api/admin/stat...', NULL, Array)
#9 /var/www/html/tests/Integration/Statistics/StatisticsAdminApiIntegrationTest.php(217): Tests\Integration\Statistics\StatisticsAdminApiIntegrationTest->makeAdminRequest('GET', '/api/admin/stat...')
#10 /var/www/html/vendor/phpunit/phpunit/src/Framework/TestCase.php(1656): Tests\Integration\Statistics\StatisticsAdminApiIntegrationTest->testHealthCheckEndpoint()
#11 /var/www/html/vendor/phpunit/phpunit/src/Framework/TestCase.php(514): PHPUnit\Framework\TestCase->runTest()
#12 /var/www/html/vendor/phpunit/phpunit/src/Framework/TestRunner/TestRunner.php(87): PHPUnit\Framework\TestCase->runBare()
#13 /var/www/html/vendor/phpunit/phpunit/src/Framework/TestCase.php(361): PHPUnit\Framework\TestRunner->run(Object(Tests\Integration\Statistics\StatisticsAdminApiIntegrationTest))
#14 /var/www/html/vendor/phpunit/phpunit/src/Framework/TestSuite.php(369): PHPUnit\Framework\TestCase->run()
#15 /var/www/html/vendor/phpunit/phpunit/src/Framework/TestSuite.php(369): PHPUnit\Framework\TestSuite->run()
#16 /var/www/html/vendor/phpunit/phpunit/src/Framework/TestSuite.php(369): PHPUnit\Framework\TestSuite->run()
#17 /var/www/html/vendor/phpunit/phpunit/src/TextUI/TestRunner.php(64): PHPUnit\Framework\TestSuite->run()
#18 /var/www/html/vendor/phpunit/phpunit/src/TextUI/Application.php(211): PHPUnit\TextUI\TestRunner->run(Object(PHPUnit\TextUI\Configuration\Configuration), Object(PHPUnit\Runner\ResultCache\DefaultResultCache), Object(PHPUnit\Framework\TestSuite))
#19 /var/www/html/vendor/phpunit/phpunit/phpunit(104): PHPUnit\TextUI\Application->run(Array)
#20 /var/www/html/vendor/bin/phpunit(122): include('/var/www/html/v...')
#21 {main}
S[JWT] 開始驗證 Token...
[JWT] Token 前 50 字元: eyJ0eXAiOiJKV1QiLCJhbGciOiJIUzI1NiJ9.eyJzdWIiOjEsI...
[JWT] 公鑰長度: 450 bytes
[JWT] Token 格式無效: Incorrect key for this algorithm
[JWT] Token 無效: Token 格式無效: Incorrect key for this algorithm
[JWT] 異常類型: App\Domains\Auth\Exceptions\InvalidTokenException
[JWT] 堆疊追蹤: #0 /var/www/html/app/Domains/Auth/Services/JwtTokenService.php(122): App\Infrastructure\Auth\Jwt\FirebaseJwtProvider->validateToken('eyJ0eXAiOiJKV1Q...', 'access')
#1 /var/www/html/app/Application/Middleware/JwtAuthenticationMiddleware.php(97): App\Domains\Auth\Services\JwtTokenService->validateAccessToken('eyJ0eXAiOiJKV1Q...')
#2 /var/www/html/app/Infrastructure/Routing/Middleware/MiddlewareDispatcher.php(63): App\Application\Middleware\JwtAuthenticationMiddleware->process(Object(App\Infrastructure\Http\ServerRequest), Object(App\Infrastructure\Routing\Contracts\RequestHandlerInterface@anonymous))
#3 /var/www/html/app/Infrastructure/Routing/Middleware/MiddlewareDispatcher.php(27): App\Infrastructure\Routing\Contracts\RequestHandlerInterface@anonymous->handle(Object(App\Infrastructure\Http\ServerRequest))
#4 /var/www/html/app/Infrastructure/Routing/RouteDispatcher.php(75): App\Infrastructure\Routing\Middleware\MiddlewareDispatcher->dispatch(Object(App\Infrastructure\Http\ServerRequest), Array, Object(App\Infrastructure\Routing\ClosureRequestHandler))
#5 /var/www/html/app/Application.php(130): App\Infrastructure\Routing\RouteDispatcher->dispatch(Object(App\Infrastructure\Http\ServerRequest))
#6 /var/www/html/app/Application.php(49): App\Application->handleRequest(Object(App\Infrastructure\Http\ServerRequest))
#7 /var/www/html/tests/Integration/Statistics/StatisticsAdminApiIntegrationTest.php(90): App\Application->run(Object(App\Infrastructure\Http\ServerRequest))
#8 /var/www/html/tests/Integration/Statistics/StatisticsAdminApiIntegrationTest.php(262): Tests\Integration\Statistics\StatisticsAdminApiIntegrationTest->makeRequest('POST', '/api/admin/stat...')
#9 /var/www/html/vendor/phpunit/phpunit/src/Framework/TestCase.php(1656): Tests\Integration\Statistics\StatisticsAdminApiIntegrationTest->testUnauthorizedAccessToAdminEndpoints()
#10 /var/www/html/vendor/phpunit/phpunit/src/Framework/TestCase.php(514): PHPUnit\Framework\TestCase->runTest()
#11 /var/www/html/vendor/phpunit/phpunit/src/Framework/TestRunner/TestRunner.php(87): PHPUnit\Framework\TestCase->runBare()
#12 /var/www/html/vendor/phpunit/phpunit/src/Framework/TestCase.php(361): PHPUnit\Framework\TestRunner->run(Object(Tests\Integration\Statistics\StatisticsAdminApiIntegrationTest))
#13 /var/www/html/vendor/phpunit/phpunit/src/Framework/TestSuite.php(369): PHPUnit\Framework\TestCase->run()
#14 /var/www/html/vendor/phpunit/phpunit/src/Framework/TestSuite.php(369): PHPUnit\Framework\TestSuite->run()
#15 /var/www/html/vendor/phpunit/phpunit/src/Framework/TestSuite.php(369): PHPUnit\Framework\TestSuite->run()
#16 /var/www/html/vendor/phpunit/phpunit/src/TextUI/TestRunner.php(64): PHPUnit\Framework\TestSuite->run()
#17 /var/www/html/vendor/phpunit/phpunit/src/TextUI/Application.php(211): PHPUnit\TextUI\TestRunner->run(Object(PHPUnit\TextUI\Configuration\Configuration), Object(PHPUnit\Runner\ResultCache\DefaultResultCache), Object(PHPUnit\Framework\TestSuite))
#18 /var/www/html/vendor/phpunit/phpunit/phpunit(104): PHPUnit\TextUI\Application->run(Array)
#19 /var/www/html/vendor/bin/phpunit(122): include('/var/www/html/v...')
#20 {main}
[JWT] 開始驗證 Token...
[JWT] Token 前 50 字元: eyJ0eXAiOiJKV1QiLCJhbGciOiJIUzI1NiJ9.eyJzdWIiOjEsI...
[JWT] 公鑰長度: 450 bytes
[JWT] Token 格式無效: Incorrect key for this algorithm
[JWT] Token 無效: Token 格式無效: Incorrect key for this algorithm
[JWT] 異常類型: App\Domains\Auth\Exceptions\InvalidTokenException
[JWT] 堆疊追蹤: #0 /var/www/html/app/Domains/Auth/Services/JwtTokenService.php(122): App\Infrastructure\Auth\Jwt\FirebaseJwtProvider->validateToken('eyJ0eXAiOiJKV1Q...', 'access')
#1 /var/www/html/app/Application/Middleware/JwtAuthenticationMiddleware.php(97): App\Domains\Auth\Services\JwtTokenService->validateAccessToken('eyJ0eXAiOiJKV1Q...')
#2 /var/www/html/app/Infrastructure/Routing/Middleware/MiddlewareDispatcher.php(63): App\Application\Middleware\JwtAuthenticationMiddleware->process(Object(App\Infrastructure\Http\ServerRequest), Object(App\Infrastructure\Routing\Contracts\RequestHandlerInterface@anonymous))
#3 /var/www/html/app/Infrastructure/Routing/Middleware/MiddlewareDispatcher.php(27): App\Infrastructure\Routing\Contracts\RequestHandlerInterf.ace@anonymous->handle(Object(App\Infrastructure\Http\ServerRequest))
#4 /var/www/html/app/Infrastructure/Routing/RouteDispatcher.php(75): App\Infrastructure\Routing\Middleware\MiddlewareDispatcher->dispatch(Object(App\Infrastructure\Http\ServerRequest), Array, Object(App\Infrastructure\Routing\ClosureRequestHandler))
#5 /var/www/html/app/Application.php(130): App\Infrastructure\Routing\RouteDispatcher->dispatch(Object(App\Infrastructure\Http\ServerRequest))
#6 /var/www/html/app/Application.php(49): App\Application->handleRequest(Object(App\Infrastructure\Http\ServerRequest))
#7 /var/www/html/tests/Integration/Statistics/StatisticsAdminApiIntegrationTest.php(90): App\Application->run(Object(App\Infrastructure\Http\ServerRequest))
#8 /var/www/html/tests/Integration/Statistics/StatisticsAdminApiIntegrationTest.php(262): Tests\Integration\Statistics\StatisticsAdminApiIntegrationTest->makeRequest('DELETE', '/api/admin/stat...')
#9 /var/www/html/vendor/phpunit/phpunit/src/Framework/TestCase.php(1656): Tests\Integration\Statistics\StatisticsAdminApiIntegrationTest->testUnauthorizedAccessToAdminEndpoints()
#10 /var/www/html/vendor/phpunit/phpunit/src/Framework/TestCase.php(514): PHPUnit\Framework\TestCase->runTest()
#11 /var/www/html/vendor/phpunit/phpunit/src/Framework/TestRunner/TestRunner.php(87): PHPUnit\Framework\TestCase->runBare()
#12 /var/www/html/vendor/phpunit/phpunit/src/Framework/TestCase.php(361): PHPUnit\Framework\TestRunner->run(Object(Tests\Integration\Statistics\StatisticsAdminApiIntegrationTest))
#13 /var/www/html/vendor/phpunit/phpunit/src/Framework/TestSuite.php(369): PHPUnit\Framework\TestCase->run()
#14 /var/www/html/vendor/phpunit/phpunit/src/Framework/TestSuite.php(369): PHPUnit\Framework\TestSuite->run()
#15 /var/www/html/vendor/phpunit/phpunit/src/Framework/TestSuite.php(369): PHPUnit\Framework\TestSuite->run()
#16 /var/www/html/vendor/phpunit/phpunit/src/TextUI/TestRunner.php(64): PHPUnit\Framework\TestSuite->run()
#17 /var/www/html/vendor/phpunit/phpunit/src/TextUI/Application.php(211): PHPUnit\TextUI\TestRunner->run(Object(PHPUnit\TextUI\Configuration\Configuration), Object(PHPUnit\Runner\ResultCache\DefaultResultCache), Object(PHPUnit\Framework\TestSuite))
#18 /var/www/html/vendor/phpunit/phpunit/phpunit(104): PHPUnit\TextUI\Application->run(Array)
#19 /var/www/html/vendor/bin/phpunit(122): include('/var/www/html/v...')
#20 {main}
[JWT] 開始驗證 Token...
[JWT] Token 前 50 字元: eyJ0eXAiOiJKV1QiLCJhbGciOiJIUzI1NiJ9.eyJzdWIiOjEsI...
[JWT] 公鑰長度: 450 bytes
[JWT] Token 格式無效: Incorrect key for this algorithm
[JWT] Token 無效: Token 格式無效: Incorrect key for this algorithm
[JWT] 異常類型: App\Domains\Auth\Exceptions\InvalidTokenException
[JWT] 堆疊追蹤: #0 /var/www/html/app/Domains/Auth/Services/JwtTokenService.php(122): App\Infrastructure\Auth\Jwt\FirebaseJwtProvider->validateToken('eyJ0eXAiOiJKV1Q...', 'access')
#1 /var/www/html/app/Application/Middleware/JwtAuthenticationMiddleware.php(97): App\Domains\Auth\Services\JwtTokenService->validateAccessToken('eyJ0eXAiOiJKV1Q...')
#2 /var/www/html/app/Infrastructure/Routing/Middleware/MiddlewareDispatcher.php(63): App\Application\Middleware\JwtAuthenticationMiddleware->process(Object(App\Infrastructure\Http\ServerRequest), Object(App\Infrastructure\Routing\Contracts\RequestHandlerInterface@anonymous))
#3 /var/www/html/app/Infrastructure/Routing/Middleware/MiddlewareDispatcher.php(27): App\Infrastructure\Routing\Contracts\RequestHandlerInterface@anonymous->handle(Object(App\Infrastructure\Http\ServerRequest))
#4 /var/www/html/app/Infrastructure/Routing/RouteDispatcher.php(75): App\Infrastructure\Routing\Middleware\MiddlewareDispatcher->dispatch(Object(App\Infrastructure\Http\ServerRequest), Array, Object(App\Infrastructure\Routing\ClosureRequestHandler))
#5 /var/www/html/app/Application.php(130): App\Infrastructure\Routing\RouteDispatcher->dispatch(Object(App\Infrastructure\Http\ServerRequest))
#6 /var/www/html/app/Application.php(49): App\Application->handleRequest(Object(App\Infrastructure\Http\ServerRequest))
#7 /var/www/html/tests/Integration/Statistics/StatisticsAdminApiIntegrationTest.php(90): App\Application->run(Object(App\Infrastructure\Http\ServerRequest))
#8 /var/www/html/tests/Integration/Statistics/StatisticsAdminApiIntegrationTest.php(262): Tests\Integration\Statistics\StatisticsAdminApiIntegrationTest->makeRequest('GET', '/api/admin/stat...')
#9 /var/www/html/vendor/phpunit/phpunit/src/Framework/TestCase.php(1656): Tests\Integration\Statistics\StatisticsAdminApiIntegrationTest->testUnauthorizedAccessToAdminEndpoints()
#10 /var/www/html/vendor/phpunit/phpunit/src/Framework/TestCase.php(514): PHPUnit\Framework\TestCase->runTest()
#11 /var/www/html/vendor/phpunit/phpunit/src/Framework/TestRunner/TestRunner.php(87): PHPUnit\Framework\TestCase->runBare()
#12 /var/www/html/vendor/phpunit/phpunit/src/Framework/TestCase.php(361): PHPUnit\Framework\TestRunner->run(Object(Tests\Integration\Statistics\StatisticsAdminApiIntegrationTest))
#13 /var/www/html/vendor/phpunit/phpunit/src/Framework/TestSuite.php(369): PHPUnit\Framework\TestCase->run()
#14 /var/www/html/vendor/phpunit/phpunit/src/Framework/TestSuite.php(369): PHPUnit\Framework\TestSuite->run()
#15 /var/www/html/vendor/phpunit/phpunit/src/Framework/TestSuite.php(369): PHPUnit\Framework\TestSuite->run()
#16 /var/www/html/vendor/phpunit/phpunit/src/TextUI/TestRunner.php(64): PHPUnit\Framework\TestSuite->run()
#17 /var/www/html/vendor/phpunit/phpunit/src/TextUI/Application.php(211): PHPUnit\TextUI\TestRunner->run(Object(PHPUnit\TextUI\Configuration\Configuration), Object(PHPUnit\Runner\ResultCache\DefaultResultCache), Object(PHPUnit\Framework\TestSuite))
#18 /var/www/html/vendor/phpunit/phpunit/phpunit(104): PHPUnit\TextUI\Application->run(Array)
#19 /var/www/html/vendor/bin/phpunit(122): include('/var/www/html/v...')
#20 {main}
[JWT] 開始驗證 Token...
[JWT] Token 前 50 字元: eyJ0eXAiOiJKV1QiLCJhbGciOiJIUzI1NiJ9.eyJzdWIiOjIsI...
[JWT] 公鑰長度: 450 bytes
[JWT] Token 格式無效: Incorrect key for this algorithm
[JWT] Token 無效: Token 格式無效: Incorrect key for this algorithm
[JWT] 異常類型: App\Domains\Auth\Exceptions\InvalidTokenException
[JWT] 堆疊追蹤: #0 /var/www/html/app/Domains/Auth/Services/JwtTokenService.php(122): App\Infrastructure\Auth\Jwt\FirebaseJwtProvider->validateToken('eyJ0eXAiOiJKV1Q...', 'access')
#1 /var/www/html/app/Application/Middleware/JwtAuthenticationMiddleware.php(97): App\Domains\Auth\Services\JwtTokenService->validateAccessToken('eyJ0eXAiOiJKV1Q...')
#2 /var/www/html/app/Infrastructure/Routing/Middleware/MiddlewareDispatcher.php(63): App\Application\Middleware\JwtAuthenticationMiddleware->process(Object(App\Infrastructure\Http\ServerRequest), Object(App\Infrastructure\Routing\Contracts\RequestHandlerInterface@anonymous))
#3 /var/www/html/app/Infrastructure/Routing/Middleware/MiddlewareDispatcher.php(27): App\Infrastructure\Routing\Contracts\RequestHandlerInterface@anonymous->handle(Object(App\Infrastructure\Http\ServerRequest))
#4 /var/www/html/app/Infrastructure/Routing/RouteDispatcher.php(75): App\Infrastructure\Routing\Middleware\MiddlewareDispatcher->dispatch(Object(App\Infrastructure\Http\ServerRequest), Array, Object(App\Infrastructure\Routing\ClosureRequestHandler))
#5 /var/www/html/app/Application.php(130): App\Infrastructure\Routing\RouteDispatcher->dispatch(Object(App\Infrastructure\Http\ServerRequest))
#6 /var/www/html/app/Application.php(49): App\Application->handleRequest(Object(App\Infrastructure\Http\ServerRequest))
#7 /var/www/html/tests/Integration/Statistics/StatisticsAdminApiIntegrationTest.php(90): App\Application->run(Object(App\Infrastructure\Http\ServerRequest))
#8 /var/www/html/tests/Integration/Statistics/StatisticsAdminApiIntegrationTest.php(139): Tests\Integration\Statistics\StatisticsAdminApiIntegrationTest->makeRequest('POST', '/api/admin/stat...', NULL, Array)
#9 /var/www/html/tests/Integration/Statistics/StatisticsAdminApiIntegrationTest.php(284): Tests\Integration\Statistics\StatisticsAdminApiIntegrationTest->makeUserRequest('POST', '/api/admin/stat...')
#10 /var/www/html/vendor/phpunit/phpunit/src/Framework/TestCase.php(1656): Tests\Integration\Statistics\StatisticsAdminApiIntegrationTest->testNonAdminUserAccessDenied()
#11 /var/www/html/vendor/phpunit/phpunit/src/Framework/TestCase.php(514): PHPUnit\Framework\TestCase->runTest()
#12 /var/www/html/vendor/phpunit/phpunit/src/Framework/TestRunner/TestRunner.php(87): PHPUnit\Framework\TestCase->runBare()
#13 /var/www/html/vendor/phpunit/phpunit/src/Framework/TestCase.php(361): PHPUnit\Framework\TestRunner->run(Object(Tests\Integration\Statistics\StatisticsAdminApiIntegrationTest))
#14 /var/www/html/vendor/phpunit/phpunit/src/Framework/TestSuite.php(369): PHPUnit\Framework\TestCase->run()
#15 /var/www/html/vendor/phpunit/phpunit/src/Framework/TestSuite.php(369): PHPUnit\Framework\TestSuite->run()
#16 /var/www/html/vendor/phpunit/phpunit/src/Framework/TestSuite.php(369): PHPUnit\Framework\TestSuite->run()
#17 /var/www/html/vendor/phpunit/phpunit/src/TextUI/TestRunner.php(64): PHPUnit\Framework\TestSuite->run()
#18 /var/www/html/vendor/phpunit/phpunit/src/TextUI/Application.php(211): PHPUnit\TextUI\TestRunner->run(Object(PHPUnit\TextUI\Configuration\Configuration), Object(PHPUnit\Runner\ResultCache\DefaultResultCache), Object(PHPUnit\Framework\TestSuite))
#19 /var/www/html/vendor/phpunit/phpunit/phpunit(104): PHPUnit\TextUI\Application->run(Array)
#20 /var/www/html/vendor/bin/phpunit(122): include('/var/www/html/v...')
#21 {main}
[JWT] 開始驗證 Token...
[JWT] Token 前 50 字元: eyJ0eXAiOiJKV1QiLCJhbGciOiJIUzI1NiJ9.eyJzdWIiOjIsI...
[JWT] 公鑰長度: 450 bytes
[JWT] Token 格式無效: Incorrect key for this algorithm
[JWT] Token 無效: Token 格式無效: Incorrect key for this algorithm
[JWT] 異常類型: App\Domains\Auth\Exceptions\InvalidTokenException
[JWT] 堆疊追蹤: #0 /var/www/html/app/Domains/Auth/Services/JwtTokenService.php(122): App\Infrastructure\Auth\Jwt\FirebaseJwtProvider->validateToken('eyJ0eXAiOiJKV1Q...', 'access')
#1 /var/www/html/app/Application/Middleware/JwtAuthenticationMiddleware.php(97): App\Domains\Auth\Services\JwtTokenService->validateAccessToken('eyJ0eXAiOiJKV1Q...')
#2 /var/www/html/app/Infrastructure/Routing/Middleware/MiddlewareDispatcher.php(63): App\Application\Middleware\JwtAuthenticationMiddleware->process(Object(App\Infrastructure\Http\ServerRequest), Object(App\Infrastructure\Routing\Contracts\RequestHandlerInterface@anonymous))
#3 /var/www/html/app/Infrastructure/Routing/Middleware/MiddlewareDispatcher.php(27): App\Infrastructure\Routing\Contracts\RequestHandlerInterface@anonymous->handle(Object(App\Infrastructure\Http\ServerRequest))
#4 /var/www/html/app/Infrastructure/Routing/RouteDispatcher.php(75): App\Infrastructure\Routing\Middleware\MiddlewareDispatcher->dispatch(Object(App\Infrastructure\Http\ServerRequest), Array, Object(App\Infrastructure\Routing\ClosureRequestHandler))
#5 /var/www/html/app/Application.php(130): App\Infrastructure\Routing\RouteDispatcher->dispatch(Object(App\Infrastructure\Http\ServerRequest))
#6 /var/www/html/app/Application.php(49): App\Application->handleRequest(Object(App\Infrastructure\Http\ServerRequest))
#7 /var/www/html/tests/Integration/Statistics/StatisticsAdminApiIntegrationTest.php(90): App\Application->run(Object(App\Infrastructure\Http\ServerRequest))
#8 /var/www/html/tests/Integration/Statistics/StatisticsAdminApiIntegrationTest.php(139): Tests\Integration\Statistics\StatisticsAdminApiIntegrationTest->makeRequest('DELETE', '/api/admin/stat...', NULL, Array)
#9 /var/www/html/tests/Integration/Statistics/StatisticsAdminApiIntegrationTest.php(284): Tests\Integration\Statistics\StatisticsAdminApiIntegrationTest->makeUserRequest('DELETE', '/api/admin/stat...')
#10 /var/www/html/vendor/phpunit/phpunit/src/Framework/TestCase.php(1656): Tests\Integration\Statistics\StatisticsAdminApiIntegrationTest->testNonAdminUserAccessDenied()
#11 /var/www/html/vendor/phpunit/phpunit/src/Framework/TestCase.php(514): PHPUnit\Framework\TestCase->runTest()
#12 /var/www/html/vendor/phpunit/phpunit/src/Framework/TestRunner/TestRunner.php(87): PHPUnit\Framework\TestCase->runBare()
#13 /var/www/html/vendor/phpunit/phpunit/src/Framework/TestCase.php(361): PHPUnit\Framework\TestRunner->run(Object(Tests\Integration\Statistics\StatisticsAdminApiIntegrationTest))
#14 /var/www/html/vendor/phpunit/phpunit/src/Framework/TestSuite.php(369): PHPUnit\Framework\TestCase->run()
#15 /var/www/html/vendor/phpunit/phpunit/src/Framework/TestSuite.php(369): PHPUnit\Framework\TestSuite->run()
#16 /var/www/html/vendor/phpunit/phpunit/src/Framework/TestSuite.php(369): PHPUnit\Framework\TestSuite->run()
#17 /var/www/html/vendor/phpunit/phpunit/src/TextUI/TestRunner.php(64): PHPUnit\Framework\TestSuite->run()
#18 /var/www/html/vendor/phpunit/phpunit/src/TextUI/Application.php(211): PHPUnit\TextUI\TestRunner->run(Object(PHPUnit\TextUI\Configuration\Configuration), Object(PHPUnit\Runner\ResultCache\DefaultResultCache), Object(PHPUnit\Framework\TestSuite))
#19 /var/www/html/vendor/phpunit/phpunit/phpunit(104): PHPUnit\TextUI\Application->run(Array)
#20 /var/www/html/vendor/bin/phpunit(122): include('/var/www/html/v...')
#21 {main}
[JWT] 開始驗證 Token...
[JWT] Token 前 50 字元: eyJ0eXAiOiJKV1QiLCJhbGciOiJIUzI1NiJ9.eyJzdWIiOjIsI...
[JWT] 公鑰長度: 450 bytes
[JWT] Token 格式無效: Incorrect key for this algorithm
[JWT] Token 無效: Token 格式無效: Incorrect key for this algorithm
[JWT] 異常類型: App\Domains\Auth\Exceptions\InvalidTokenException
[JWT] 堆疊追蹤: #0 /var/www/html/app/Domains/Auth/Services/JwtTokenService.php(122): App\Infrastructure\Auth\Jwt\FirebaseJwtProvider->validateToken('eyJ0eXAiOiJKV1Q...', 'access')
#1 /var/www/html/app/Application/Middleware/JwtAuthenticationMiddleware.php(97): App\Domains\Auth\Services\JwtTokenService->validateAccessToken('eyJ0eXAiOiJKV1Q...')
#2 /var/www/html/app/Infrastructure/Routing/Middleware/MiddlewareDispatcher.php(63): App\Application\Middleware\JwtAuthenticationMiddleware->process(Object(App\Infrastructure\Http\ServerRequest), Object(App\Infrastructure\Routing\Contracts\RequestHandlerInterface@anonymous))
#3 /var/www/html/app/Infrastructure/Routing/Middleware/MiddlewareDispatcher.php(27): App\Infrastructure\Routing\Contracts\RequestHandlerInterface@anonymous->handle(Object(App\Infrastructure\Http\ServerRequest))
#4 /var/www/html/app/Infrastructure/Routing/RouteDispatcher.php(75): App\Infrastructure\Routing\Middleware\MiddlewareDispatcher->dispatch(Object(App\Infrastructure\Http\ServerRequest), Array, Object(App\Infrastructure\Routing\ClosureRequestHandler))
#5 /var/www/html/app/Application.php(130): App\Infrastructure\Routing\RouteDispatcher->dispatch(Object(App\Infrastructure\Http\ServerRequest))
#6 /var/www/html/app/Application.php(49): App\Application->handleRequest(Object(App\Infrastructure\Http\ServerRequest))
#7 /var/www/html/tests/Integration/Statistics/StatisticsAdminApiIntegrationTest.php(90): App\Application->run(Object(App\Infrastructure\Http\ServerRequest))
#8 /var/www/html/tests/Integration/Statistics/StatisticsAdminApiIntegrationTest.php(139): Tests\Integration\Statistics\StatisticsAdminApiIntegrationTest->makeRequest('GET', '/api/admin/stat...', NULL, Array)
#9 /var/www/html/tests/Integration/Statistics/StatisticsAdminApiIntegrationTest.php(284): Tests\Integration\Statistics\StatisticsAdminApiIntegrationTest->makeUserRequest('GET', '/api/admin/stat...')
#10 /var/www/html/vendor/phpunit/phpunit/src/Framework/TestCase.php(1656): Tests\Integration\Statistics\StatisticsAdminApiIntegrationTest->testNonAdminUserAccessDenied()
#11 /var/www/html/vendor/phpunit/phpunit/src/Framework/TestCase.php(514): PHPUnit\Framework\TestCase->runTest()
#12 /var/www/html/vendor/phpunit/phpunit/src/Framework/TestRunner/TestRunner.php(87): PHPUnit\Framework\TestCase->runBare()
#13 /var/www/html/vendor/phpunit/phpunit/src/Framework/TestCase.php(361): PHPUnit\Framework\TestRunner->run(Object(Tests\Integration\Statistics\StatisticsAdminApiIntegrationTest))
#14 /var/www/html/vendor/phpunit/phpunit/src/Framework/TestSuite.php(369): PHPUnit\Framework\TestCase->run()
#15 /var/www/html/vendor/phpunit/phpunit/src/Framework/TestSuite.php(369): PHPUnit\Framework\TestSuite->run()
#16 /var/www/html/vendor/phpunit/phpunit/src/Framework/TestSuite.php(369): PHPUnit\Framework\TestSuite->run()
#17 /var/www/html/vendor/phpunit/phpunit/src/TextUI/TestRunner.php(64): PHPUnit\Framework\TestSuite->run()
#18 /var/www/html/vendor/phpunit/phpunit/src/TextUI/Application.php(211): PHPUnit\TextUI\TestRunner->run(Object(PHPUnit\TextUI\Configuration\Configuration), Object(PHPUnit\Runner\ResultCache\DefaultResultCache), Object(PHPUnit\Framework\TestSuite))
#19 /var/www/html/vendor/phpunit/phpunit/phpunit(104): PHPUnit\TextUI\Application->run(Array)
#20 /var/www/html/vendor/bin/phpunit(122): include('/var/www/html/v...')
#21 {main}
S[JWT] 開始驗證 Token...
[JWT] Token 前 50 字元: invalid-admin-token...
[JWT] 公鑰長度: 450 bytes
[JWT] Token 格式無效: Wrong number of segments
[JWT] Token 無效: Token 格式無效: Wrong number of segments
[JWT] 異常類型: App\Domains\Auth\Exceptions\InvalidTokenException
[JWT] 堆疊追蹤: #0 /var/www/html/app/Domains/Auth/Services/JwtTokenService.php(122): App\Infrastructure\Auth\Jwt\FirebaseJwtProvider->validateToken('invalid-admin-t...', 'access')
#1 /var/www/html/app/Application/Middleware/JwtAuthenticationMiddleware.php(97): App\Domains\Auth\Services\JwtTokenService->validateAccessToken('invalid-admin-t...')
#2 /var/www/html/app/Infrastructure/Routing/Middleware/MiddlewareDispatcher.php(63): App\Application\Middleware\JwtAuthenticationMiddleware->process(Object(App\Infrastructure\Http\ServerRequest), Object(App\Infrastructure\Routing\Contracts\RequestHandlerInterface@anonymous))
#3 /var/www/html/app/Infrastructure/Routing/Middleware/MiddlewareDispatcher.php(27): App\Infrastructure\Routing\Contracts\RequestHandlerInterface@anonymous->handle(Object(App\Infrastructure\Http\ServerRequest))
#4 /var/www/html/app/Infrastructure/Routing/RouteDispatcher.php(75): App\Infrastructure\Routing\Middleware\MiddlewareDispatcher->dispatch(Object(App\Infrastructure\Http\ServerRequest), Array, Object(App\Infrastructure\Routing\ClosureRequestHandler))
#5 /var/www/html/app/Application.php(130): App\Infrastructure\Routing\RouteDispatcher->dispatch(Object(App\Infrastructure\Http\ServerRequest))
#6 /var/www/html/app/Application.php(49): App\Application->handleRequest(Object(App\Infrastructure\Http\ServerRequest))
#7 /var/www/html/tests/Integration/Statistics/StatisticsAdminApiIntegrationTest.php(90): App\Application->run(Object(App\Infrastructure\Http\ServerRequest))
#8 /var/www/html/tests/Integration/Statistics/StatisticsAdminApiIntegrationTest.php(304): Tests\Integration\Statistics\StatisticsAdminApiIntegrationTest->makeRequest('POST', '/api/admin/stat...', NULL, Array)
#9 /var/www/html/vendor/phpunit/phpunit/src/Framework/TestCase.php(1656): Tests\Integration\Statistics\StatisticsAdminApiIntegrationTest->testInvalidAdminToken()
#10 /var/www/html/vendor/phpunit/phpunit/src/Framework/TestCase.php(514): PHPUnit\Framework\TestCase->runTest()
#11 /var/www/html/vendor/phpunit/phpunit/src/Framework/TestRunner/TestRunner.php(87): PHPUnit\Framework\TestCase->runBare()
#12 /var/www/html/vendor/phpunit/phpunit/src/Framework/TestCase.php(361): PHPUnit\Framework\TestRunner->run(Object(Tests\Integration\Statistics\StatisticsAdminApiIntegrationTest))
#13 /var/www/html/vendor/phpunit/phpunit/src/Framework/TestSuite.php(369): PHPUnit\Framework\TestCase->run()
#14 /var/www/html/vendor/phpunit/phpunit/src/Framework/TestSuite.php(369): PHPUnit\Framework\TestSuite->run()
#15 /var/www/html/vendor/phpunit/phpunit/src/Framework/TestSuite.php(369): PHPUnit\Framework\TestSuite->run()
#16 /var/www/html/vendor/phpunit/phpunit/src/TextUI/TestRunner.php(64): PHPUnit\Framework\TestSuite->run()
#17 /var/www/html/vendor/phpunit/phpunit/src/TextUI/Application.php(211): PHPUnit\TextUI\TestRunner->run(Object(PHPUnit\TextUI\Configuration\Configuration), Object(PHPUnit\Runner\ResultCache\DefaultResultCache), Object(PHPUnit\Framework\TestSuite))
#18 /var/www/html/vendor/phpunit/phpunit/phpunit(104): PHPUnit\TextUI\Application->run(Array)
#19 /var/www/html/vendor/bin/phpunit(122): include('/var/www/html/v...')
#20 {main}
.[JWT] 開始驗證 Token...
[JWT] Token 前 50 字元: eyJ0eXAiOiJKV1QiLCJhbGciOiJIUzI1NiJ9.eyJzdWIiOjEsI...
[JWT] 公鑰長度: 450 bytes
[JWT] Token 格式無效: Incorrect key for this algorithm
[JWT] Token 無效: Token 格式無效: Incorrect key for this algorithm
[JWT] 異常類型: App\Domains\Auth\Exceptions\InvalidTokenException
[JWT] 堆疊追蹤: #0 /var/www/html/app/Domains/Auth/Services/JwtTokenService.php(122): App\Infrastructure\Auth\Jwt\FirebaseJwtProvider->validateToken('eyJ0eXAiOiJKV1Q...', 'access')
#1 /var/www/html/app/Application/Middleware/JwtAuthenticationMiddleware.php(97): App\Domains\Auth\Services\JwtTokenService->validateAccessToken('eyJ0eXAiOiJKV1Q...')
#2 /var/www/html/app/Infrastructure/Routing/Middleware/MiddlewareDispatcher.php(63): App\Application\Middleware\JwtAuthenticationMiddleware->process(Object(App\Infrastructure\Http\ServerRequest), Object(App\Infrastructure\Routing\Contracts\RequestHandlerInterface@anonymous))
#3 /var/www/html/app/Infrastructure/Routing/Middleware/MiddlewareDispatcher.php(27): App\Infrastructure\Routing\Contracts\RequestHandlerInterface@anonymous->handle(Object(App\Infrastructure\Http\ServerRequest))
#4 /var/www/html/app/Infrastructure/Routing/RouteDispatcher.php(75): App\Infrastructure\Routing\Middleware\MiddlewareDispatcher->dispatch(Object(App\Infrastructure\Http\ServerRequest), Array, Object(App\Infrastructure\Routing\ClosureRequestHandler))
#5 /var/www/html/app/Application.php(130): App\Infrastructure\Routing\RouteDispatcher->dispatch(Object(App\Infrastructure\Http\ServerRequest))
#6 /var/www/html/app/Application.php(49): App\Application->handleRequest(Object(App\Infrastructure\Http\ServerRequest))
#7 /var/www/html/tests/Integration/Statistics/StatisticsAdminApiIntegrationTest.php(90): App\Application->run(Object(App\Infrastructure\Http\ServerRequest))
#8 /var/www/html/tests/Integration/Statistics/StatisticsAdminApiIntegrationTest.php(123): Tests\Integration\Statistics\StatisticsAdminApiIntegrationTest->makeRequest('POST', '/api/admin/stat...', Array, Array)
#9 /var/www/html/tests/Integration/Statistics/StatisticsAdminApiIntegrationTest.php(317): Tests\Integration\Statistics\StatisticsAdminApiIntegrationTest->makeAdminRequest('POST', '/api/admin/stat...', Array)
#10 /var/www/html/vendor/phpunit/phpunit/src/Framework/TestCase.php(1656): Tests\Integration\Statistics\StatisticsAdminApiIntegrationTest->testRefreshWithInvalidParameters()
#11 /var/www/html/vendor/phpunit/phpunit/src/Framework/TestCase.php(514): PHPUnit\Framework\TestCase->runTest()
#12 /var/www/html/vendor/phpunit/phpunit/src/Framework/TestRunner/TestRunner.php(87): PHPUnit\Framework\TestCase->runBare()
#13 /var/www/html/vendor/phpunit/phpunit/src/Framework/TestCase.php(361): PHPUnit\Framework\TestRunner->run(Object(Tests\Integration\Statistics\StatisticsAdminApiIntegrationTest))
#14 /var/www/html/vendor/phpunit/phpunit/src/Framework/TestSuite.php(369): PHPUnit\Framework\TestCase->run()
#15 /var/www/html/vendor/phpunit/phpunit/src/Framework/TestSuite.php(369): PHPUnit\Framework\TestSuite->run()
#16 /var/www/html/vendor/phpunit/phpunit/src/Framework/TestSuite.php(369): PHPUnit\Framework\TestSuite->run()
#17 /var/www/html/vendor/phpunit/phpunit/src/TextUI/TestRunner.php(64): PHPUnit\Framework\TestSuite->run()
#18 /var/www/html/vendor/phpunit/phpunit/src/TextUI/Application.php(211): PHPUnit\TextUI\TestRunner->run(Object(PHPUnit\TextUI\Configuration\Configuration), Object(PHPUnit\Runner\ResultCache\DefaultResultCache), Object(PHPUnit\Framework\TestSuite))
#19 /var/www/html/vendor/phpunit/phpunit/phpunit(104): PHPUnit\TextUI\Application->run(Array)
#20 /var/www/html/vendor/bin/phpunit(122): include('/var/www/html/v...')
#21 {main}
S[JWT] 開始驗證 Token...
[JWT] Token 前 50 字元: eyJ0eXAiOiJKV1QiLCJhbGciOiJIUzI1NiJ9.eyJzdWIiOjEsI...
[JWT] 公鑰長度: 450 bytes
[JWT] Token 格式無效: Incorrect key for this algorithm
[JWT] Token 無效: Token 格式無效: Incorrect key for this algorithm
[JWT] 異常類型: App\Domains\Auth\Exceptions\InvalidTokenException
[JWT] 堆疊追蹤: #0 /var/www/html/app/Domains/Auth/Services/JwtTokenService.php(122): App\Infrastructure\Auth\Jwt\FirebaseJwtProvider->validateToken('eyJ0eXAiOiJKV1Q...', 'access')
#1 /var/www/html/app/Application/Middleware/JwtAuthenticationMiddleware.php(97): App\Domains\Auth\Services\JwtTokenService->validateAccessToken('eyJ0eXAiOiJKV1Q...')
#2 /var/www/html/app/Infrastructure/Routing/Middleware/MiddlewareDispatcher.php(63): App\Application\Middleware\JwtAuthenticationMiddleware->process(Object(App\Infrastructure\Http\ServerRequest), Object(App\Infrastructure\Routing\Contracts\RequestHandlerInterface@anonymous))
#3 /var/www/html/app/Infrastructure/Routing/Middleware/MiddlewareDispatcher.php(27): App\Infrastructure\Routing\Contracts\RequestHandlerInterface@anonymous->handle(Object(App\Infrastructure\Http\ServerRequest))
#4 /var/www/html/app/Infrastructure/Routing/RouteDispatcher.php(75): App\Infrastructure\Routing\Middleware\MiddlewareDispatcher->dispatch(Object(App\Infrastructure\Http\ServerRequest), Array, Object(App\Infrastructure\Routing\ClosureRequestHandler))
#5 /var/www/html/app/Application.php(130): App\Infrastructure\Routing\RouteDispatcher->dispatch(Object(App\Infrastructure\Http\ServerRequest))
#6 /var/www/html/app/Application.php(49): App\Application->handleRequest(Object(App\Infrastructure\Http\ServerRequest))
#7 /var/www/html/tests/Integration/Statistics/StatisticsAdminApiIntegrationTest.php(90): App\Application->run(Object(App\Infrastructure\Http\ServerRequest))
#8 /var/www/html/tests/Integration/Statistics/StatisticsAdminApiIntegrationTest.php(123): Tests\Integration\Statistics\StatisticsAdminApiIntegrationTest->makeRequest('DELETE', '/api/admin/stat...', Array, Array)
#9 /var/www/html/tests/Integration/Statistics/StatisticsAdminApiIntegrationTest.php(331): Tests\Integration\Statistics\StatisticsAdminApiIntegrationTest->makeAdminRequest('DELETE', '/api/admin/stat...', Array)
#10 /var/www/html/vendor/phpunit/phpunit/src/Framework/TestCase.php(1656): Tests\Integration\Statistics\StatisticsAdminApiIntegrationTest->testClearCacheWithInvalidTags()
#11 /var/www/html/vendor/phpunit/phpunit/src/Framework/TestCase.php(514): PHPUnit\Framework\TestCase->runTest()
#12 /var/www/html/vendor/phpunit/phpunit/src/Framework/TestRunner/TestRunner.php(87): PHPUnit\Framework\TestCase->runBare()
#13 /var/www/html/vendor/phpunit/phpunit/src/Framework/TestCase.php(361): PHPUnit\Framework\TestRunner->run(Object(Tests\Integration\Statistics\StatisticsAdminApiIntegrationTest))
#14 /var/www/html/vendor/phpunit/phpunit/src/Framework/TestSuite.php(369): PHPUnit\Framework\TestCase->run()
#15 /var/www/html/vendor/phpunit/phpunit/src/Framework/TestSuite.php(369): PHPUnit\Framework\TestSuite->run()
#16 /var/www/html/vendor/phpunit/phpunit/src/Framework/TestSuite.php(369): PHPUnit\Framework\TestSuite->run()
#17 /var/www/html/vendor/phpunit/phpunit/src/TextUI/TestRunner.php(64): PHPUnit\Framework\TestSuite->run()
#18 /var/www/html/vendor/phpunit/phpunit/src/TextUI/Application.php(211): PHPUnit\TextUI\TestRunner->run(Object(PHPUnit\TextUI\Configuration\Configuration), Object(PHPUnit\Runner\ResultCache\DefaultResultCache), Object(PHPUnit\Framework\TestSuite))
#19 /var/www/html/vendor/phpunit/phpunit/phpunit(104): PHPUnit\TextUI\Application->run(Array)
#20 /var/www/html/vendor/bin/phpunit(122): include('/var/www/html/v...')
#21 {main}
S[JWT] 開始驗證 Token...
[JWT] Token 前 50 字元: eyJ0eXAiOiJKV1QiLCJhbGciOiJIUzI1NiJ9.eyJzdWIiOjEsI...
[JWT] 公鑰長度: 450 bytes
[JWT] Token 格式無效: Incorrect key for this algorithm
[JWT] Token 無效: Token 格式無效: Incorrect key for this algorithm
[JWT] 異常類型: App\Domains\Auth\Exceptions\InvalidTokenException
[JWT] 堆疊追蹤: #0 /var/www/html/app/Domains/Auth/Services/JwtTokenService.php(122): App\Infrastructure\Auth\Jwt\FirebaseJwtProvider->validateToken('eyJ0eXAiOiJKV1Q...', 'access')
#1 /var/www/html/app/Application/Middleware/JwtAuthenticationMiddleware.php(97): App\Domains\Auth\Services\JwtTokenService->validateAccessToken('eyJ0eXAiOiJKV1Q...')
#2 /var/www/html/app/Infrastructure/Routing/Middleware/MiddlewareDispatcher.php(63): App\Application\Middleware\JwtAuthenticationMiddleware->process(Object(App\Infrastructure\Http\ServerRequest), Object(App\Infrastructure\Routing\Contracts\RequestHandlerInterface@anonymous))
#3 /var/www/html/app/Infrastructure/Routing/Middleware/MiddlewareDispatcher.php(27): App\Infrastructure\Routing\Contracts\RequestHandlerInterface@anonymous->handle(Object(App\Infrastructure\Http\ServerRequest))
#4 /var/www/html/app/Infrastructure/Routing/RouteDispatcher.php(75): App\Infrastructure\Routing\Middleware\MiddlewareDispatcher->dispatch(Object(App\Infrastructure\Http\ServerRequest), Array, Object(App\Infrastructure\Routing\ClosureRequestHandler))
#5 /var/www/html/app/Application.php(130): App\Infrastructure\Routing\RouteDispatcher->dispatch(Object(App\Infrastructure\Http\ServerRequest))
#6 /var/www/html/app/Application.php(49): App\Application->handleRequest(Object(App\Infrastructure\Http\ServerRequest))
#7 /var/www/html/tests/Integration/Statistics/StatisticsAdminApiIntegrationTest.php(90): App\Application->run(Object(App\Infrastructure\Http\ServerRequest))
#8 /var/www/html/tests/Integration/Statistics/StatisticsAdminApiIntegrationTest.php(123): Tests\Integration\Statistics\StatisticsAdminApiIntegrationTest->makeRequest('POST', '/api/admin/stat...', NULL, Array)
#9 /var/www/html/tests/Integration/Statistics/StatisticsAdminApiIntegrationTest.php(352): Tests\Integration\Statistics\StatisticsAdminApiIntegrationTest->makeAdminRequest('POST', '/api/admin/stat...')
#10 /var/www/html/vendor/phpunit/phpunit/src/Framework/TestCase.php(1656): Tests\Integration\Statistics\StatisticsAdminApiIntegrationTest->testAdminEndpointsResponseFormat()
#11 /var/www/html/vendor/phpunit/phpunit/src/Framework/TestCase.php(514): PHPUnit\Framework\TestCase->runTest()
#12 /var/www/html/vendor/phpunit/phpunit/src/Framework/TestRunner/TestRunner.php(87): PHPUnit\Framework\TestCase->runBare()
#13 /var/www/html/vendor/phpunit/phpunit/src/Framework/TestCase.php(361): PHPUnit\Framework\TestRunner->run(Object(Tests\Integration\Statistics\StatisticsAdminApiIntegrationTest))
#14 /var/www/html/vendor/phpunit/phpunit/src/Framework/TestSuite.php(369): PHPUnit\Framework\TestCase->run()
#15 /var/www/html/vendor/phpunit/phpunit/src/Framework/TestSuite.php(369): PHPUnit\Framework\TestSuite->run()
#16 /var/www/html/vendor/phpunit/phpunit/src/Framework/TestSuite.php(369): PHPUnit\Framework\TestSuite->run()
#17 /var/www/html/vendor/phpunit/phpunit/src/TextUI/TestRunner.php(64): PHPUnit\Framework\TestSuite->run()
#18 /var/www/html/vendor/phpunit/phpunit/src/TextUI/Application.php(211): PHPUnit\TextUI\TestRunner->run(Object(PHPUnit\TextUI\Configuration\Configuration), Object(PHPUnit\Runner\ResultCache\DefaultResultCache), Object(PHPUnit\Framework\TestSuite))
#19 /var/www/html/vendor/phpunit/phpunit/phpunit(104): PHPUnit\TextUI\Application->run(Array)
#20 /var/www/html/vendor/bin/phpunit(122): include('/var/www/html/v...')
#21 {main}
[JWT] 開始驗證 Token...
[JWT] Token 前 50 字元: eyJ0eXAiOiJKV1QiLCJhbGciOiJIUzI1NiJ9.eyJzdWIiOjEsI...
[JWT] 公鑰長度: 450 bytes
[JWT] Token 格式無效: Incorrect key for this algorithm
[JWT] Token 無效: Token 格式無效: Incorrect key for this algorithm
[JWT] 異常類型: App\Domains\Auth\Exceptions\InvalidTokenException
[JWT] 堆疊追蹤: #0 /var/www/html/app/Domains/Auth/Services/JwtTokenService.php(122): App\Infrastructure\Auth\Jwt\FirebaseJwtProvider->validateToken('eyJ0eXAiOiJKV1Q...', 'access')
#1 /var/www/html/app/Application/Middleware/JwtAuthenticationMiddleware.php(97): App\Domains\Auth\Services\JwtTokenService->validateAccessToken('eyJ0eXAiOiJKV1Q...')
#2 /var/www/html/app/Infrastructure/Routing/Middleware/MiddlewareDispatcher.php(63): App\Application\Middleware\JwtAuthenticationMiddleware->process(Object(App\Infrastructure\Http\ServerRequest), Object(App\Infrastructure\Routing\Contracts\RequestHandlerInterface@anonymous))
#3 /var/www/html/app/Infrastructure/Routing/Middleware/MiddlewareDispatcher.php(27): App\Infrastructure\Routing\Contracts\RequestHandlerInterface@anonymous->handle(Object(App\Infrastructure\Http\ServerRequest))
#4 /var/www/html/app/Infrastructure/Routing/RouteDispatcher.php(75): App\Infrastructure\Routing\Middleware\MiddlewareDispatcher->dispatch(Object(App\Infrastructure\Http\ServerRequest), Array, Object(App\Infrastructure\Routing\ClosureRequestHandler))
#5 /var/www/html/app/Application.php(130): App\Infrastructure\Routing\RouteDispatcher->dispatch(Object(App\Infrastructure\Http\ServerRequest))
#6 /var/www/html/app/Application.php(49): App\Application->handleRequest(Object(App\Infrastructure\Http\ServerRequest))
#7 /var/www/html/tests/Integration/Statistics/StatisticsAdminApiIntegrationTest.php(90): App\Application->run(Object(App\Infrastructure\Http\ServerRequest))
#8 /var/www/html/tests/Integration/Statistics/StatisticsAdminApiIntegrationTest.php(123): Tests\Integration\Statistics\StatisticsAdminApiIntegrationTest->makeRequest('DELETE', '/api/admin/stat...', NULL, Array)
#9 /var/www/html/tests/Integration/Statistics/StatisticsAdminApiIntegrationTest.php(352): Tests\Integration\Statistics\StatisticsAdminApiIntegrationTest->makeAdminRequest('DELETE', '/api/admin/stat...')
#10 /var/www/html/vendor/phpunit/phpunit/src/Framework/TestCase.php(1656): Tests\Integration\Statistics\StatisticsAdminApiIntegrationTest->testAdminEndpointsResponseFormat()
#11 /var/www/html/vendor/phpunit/phpunit/src/Framework/TestCase.php(514): PHPUnit\Framework\TestCase->runTest()
#12 /var/www/html/vendor/phpunit/phpunit/src/Framework/TestRunner/TestRunner.php(87): PHPUnit\Framework\TestCase->runBare()
#13 /var/www/html/vendor/phpunit/phpunit/src/Framework/TestCase.php(361): PHPUnit\Framework\TestRunner->run(Object(Tests\Integration\Statistics\StatisticsAdminApiIntegrationTest))
#14 /var/www/html/vendor/phpunit/phpunit/src/Framework/TestSuite.php(369): PHPUnit\Framework\TestCase->run()
#15 /var/www/html/vendor/phpunit/phpunit/src/Framework/TestSuite.php(369): PHPUnit\Framework\TestSuite->run()
#16 /var/www/html/vendor/phpunit/phpunit/src/Framework/TestSuite.php(369): PHPUnit\Framework\TestSuite->run()
#17 /var/www/html/vendor/phpunit/phpunit/src/TextUI/TestRunner.php(64): PHPUnit\Framework\TestSuite->run()
#18 /var/www/html/vendor/phpunit/phpunit/src/TextUI/Application.php(211): PHPUnit\TextUI\TestRunner->run(Object(PHPUnit\TextUI\Configuration\Configuration), Object(PHPUnit\Runner\ResultCache\DefaultResultCache), Object(PHPUnit\Framework\TestSuite))
#19 /var/www/html/vendor/phpunit/phpunit/phpunit(104): PHPUnit\TextUI\Application->run(Array)
#20 /var/www/html/vendor/bin/phpunit(122): include('/var/www/html/v...')
#21 {main}
[JWT] 開始驗證 Token...
[JWT] Token 前 50 字元: eyJ0eXAiOiJKV1QiLCJhbGciOiJIUzI1NiJ9.eyJzdWIiOjEsI...
[JWT] 公鑰長度: 450 bytes
[JWT] Token 格式無效: Incorrect key for this algorithm
[JWT] Token 無效: Token 格式無效: Incorrect key for this algorithm
[JWT] 異常類型: App\Domains\Auth\Exceptions\InvalidTokenException
[JWT] 堆疊追蹤: #0 /var/www/html/app/Domains/Auth/Services/JwtTokenService.php(122): App\Infrastructure\Auth\Jwt\FirebaseJwtProvider->validateToken('eyJ0eXAiOiJKV1Q...', 'access')
#1 /var/www/html/app/Application/Middleware/JwtAuthenticationMiddleware.php(97): App\Domains\Auth\Services\JwtTokenService->validateAccessToken('eyJ0eXAiOiJKV1Q...')
#2 /var/www/html/app/Infrastructure/Routing/Middleware/MiddlewareDispatcher.php(63): App\Application\Middleware\JwtAuthenticationMiddleware->process(Object(App\Infrastructure\Http\ServerRequest), Object(App\Infrastructure\Routing\Contracts\RequestHandlerInterface@anonymous))
#3 /var/www/html/app/Infrastructure/Routing/Middleware/MiddlewareDispatcher.php(27): App\Infrastructure\Routing\Contracts\RequestHandlerInterface@anonymous->handle(Object(App\Infrastructure\Http\ServerRequest))
#4 /var/www/html/app/Infrastructure/Routing/RouteDispatcher.php(75): App\Infrastructure\Routing\Middleware\MiddlewareDispatcher->dispatch(Object(App\Infrastructure\Http\ServerRequest), Array, Object(App\Infrastructure\Routing\ClosureRequestHandler))
#5 /var/www/html/app/Application.php(130): App\Infrastructure\Routing\RouteDispatcher->dispatch(Object(App\Infrastructure\Http\ServerRequest))
#6 /var/www/html/app/Application.php(49): App\Application->handleRequest(Object(App\Infrastructure\Http\ServerRequest))
#7 /var/www/html/tests/Integration/Statistics/StatisticsAdminApiIntegrationTest.php(90): App\Application->run(Object(App\Infrastructure\Http\ServerRequest))
#8 /var/www/html/tests/Integration/Statistics/StatisticsAdminApiIntegrationTest.php(123): Tests\Integration\Statistics\StatisticsAdminApiIntegrationTest->makeRequest('GET', '/api/admin/stat...', NULL, Array)
#9 /var/www/html/tests/Integration/Statistics/StatisticsAdminApiIntegrationTest.php(352): Tests\Integration\Statistics\StatisticsAdminApiIntegrationTest->makeAdminRequest('GET', '/api/admin/stat...')
#10 /var/www/html/vendor/phpunit/phpunit/src/Framework/TestCase.php(1656): Tests\Integration\Statistics\StatisticsAdminApiIntegrationTest->testAdminEndpointsResponseFormat()
#11 /var/www/html/vendor/phpunit/phpunit/src/Framework/TestCase.php(514): PHPUnit\Framework\TestCase->runTest()
#12 /var/www/html/vendor/phpunit/phpunit/src/Framework/TestRunner/TestRunner.php(87): PHPUnit\Framework\TestCase->runBare()
#13 /var/www/html/vendor/phpunit/phpunit/src/Framework/TestCase.php(361): PHPUnit\Framework\TestRunner->run(Object(Tests\Integration\Statistics\StatisticsAdminApiIntegrationTest))
#14 /var/www/html/vendor/phpunit/phpunit/src/Framework/TestSuite.php(369): PHPUnit\Framework\TestCase->run()
#15 /var/www/html/vendor/phpunit/phpunit/src/Framework/TestSuite.php(369): PHPUnit\Framework\TestSuite->run()
#16 /var/www/html/vendor/phpunit/phpunit/src/Framework/TestSuite.php(369): PHPUnit\Framework\TestSuite->run()
#17 /var/www/html/vendor/phpunit/phpunit/src/TextUI/TestRunner.php(64): PHPUnit\Framework\TestSuite->run()
#18 /var/www/html/vendor/phpunit/phpunit/src/TextUI/Application.php(211): PHPUnit\TextUI\TestRunner->run(Object(PHPUnit\TextUI\Configuration\Configuration), Object(PHPUnit\Runner\ResultCache\DefaultResultCache), Object(PHPUnit\Framework\TestSuite))
#19 /var/www/html/vendor/phpunit/phpunit/phpunit(104): PHPUnit\TextUI\Application->run(Array)
#20 /var/www/html/vendor/bin/phpunit(122): include('/var/www/html/v...')
#21 {main}
S[JWT] 開始驗證 Token...
[JWT] Token 前 50 字元: eyJ0eXAiOiJKV1QiLCJhbGciOiJIUzI1NiJ9.eyJzdWIiOjEsI...
[JWT] 公鑰長度: 450 bytes
[JWT] Token 格式無效: Incorrect key for this algorithm
[JWT] Token 無效: Token 格式無效: Incorrect key for this algorithm
[JWT] 異常類型: App\Domains\Auth\Exceptions\InvalidTokenException
[JWT] 堆疊追蹤: #0 /var/www/html/app/Domains/Auth/Services/JwtTokenService.php(122): App\Infrastructure\Auth\Jwt\FirebaseJwtProvider->validateToken('eyJ0eXAiOiJKV1Q...', 'access')
#1 /var/www/html/app/Application/Middleware/JwtAuthenticationMiddleware.php(97): App\Domains\Auth\Services\JwtTokenService->validateAccessToken('eyJ0eXAiOiJKV1Q...')
#2 /var/www/html/app/Infrastructure/Routing/Middleware/MiddlewareDispatcher.php(63): App\Application\Middleware\JwtAuthenticationMiddleware->process(Object(App\Infrastructure\Http\ServerRequest), Object(App\Infrastructure\Routing\Contracts\RequestHandlerInterface@anonymous))
#3 /var/www/html/app/Infrastructure/Routing/Middleware/MiddlewareDispatcher.php(27): App\Infrastructure\Routing\Contracts\RequestHandlerInterface@anonymous->handle(Object(App\Infrastructure\Http\ServerRequest))
#4 /var/www/html/app/Infrastructure/Routing/RouteDispatcher.php(75): App\Infrastructure\Routing\Middleware\MiddlewareDispatcher->dispatch(Object(App\Infrastructure\Http\ServerRequest), Array, Object(App\Infrastructure\Routing\ClosureRequestHandler))
#5 /var/www/html/app/Application.php(130): App\Infrastructure\Routing\RouteDispatcher->dispatch(Object(App\Infrastructure\Http\ServerRequest))
#6 /var/www/html/app/Application.php(49): App\Application->handleRequest(Object(App\Infrastructure\Http\ServerRequest))
#7 /var/www/html/tests/Integration/Statistics/StatisticsAdminApiIntegrationTest.php(90): App\Application->run(Object(App\Infrastructure\Http\ServerRequest))
#8 /var/www/html/tests/Integration/Statistics/StatisticsAdminApiIntegrationTest.php(123): Tests\Integration\Statistics\StatisticsAdminApiIntegrationTest->makeRequest('POST', '/api/admin/stat...', NULL, Array)
#9 /var/www/html/tests/Integration/Statistics/StatisticsAdminApiIntegrationTest.php(381): Tests\Integration\Statistics\StatisticsAdminApiIntegrationTest->makeAdminRequest('POST', '/api/admin/stat...')
#10 /var/www/html/vendor/phpunit/phpunit/src/Framework/TestCase.php(1656): Tests\Integration\Statistics\StatisticsAdminApiIntegrationTest->testAdminActivityLogging()
#11 /var/www/html/vendor/phpunit/phpunit/src/Framework/TestCase.php(514): PHPUnit\Framework\TestCase->runTest()
#12 /var/www/html/vendor/phpunit/phpunit/src/Framework/TestRunner/TestRunner.php(87): PHPUnit\Framework\TestCase->runBare()
#13 /var/www/html/vendor/phpunit/phpunit/src/Framework/TestCase.php(361): PHPUnit\Framework\TestRunner->run(Object(Tests\Integration\Statistics\StatisticsAdminApiIntegrationTest))
#14 /var/www/html/vendor/phpunit/phpunit/src/Framework/TestSuite.php(369): PHPUnit\Framework\TestCase->run()
#15 /var/www/html/vendor/phpunit/phpunit/src/Framework/TestSuite.php(369): PHPUnit\Framework\TestSuite->run()
#16 /var/www/html/vendor/phpunit/phpunit/src/Framework/TestSuite.php(369): PHPUnit\Framework\TestSuite->run()
#17 /var/www/html/vendor/phpunit/phpunit/src/TextUI/TestRunner.php(64): PHPUnit\Framework\TestSuite->run()
#18 /var/www/html/vendor/phpunit/phpunit/src/TextUI/Application.php(211): PHPUnit\TextUI\TestRunner->run(Object(PHPUnit\TextUI\Configuration\Configuration), Object(PHPUnit\Runner\ResultCache\DefaultResultCache), Object(PHPUnit\Framework\TestSuite))
#19 /var/www/html/vendor/phpunit/phpunit/phpunit(104): PHPUnit\TextUI\Application->run(Array)
#20 /var/www/html/vendor/bin/phpunit(122): include('/var/www/html/v...')
#21 {main}
S[JWT] 開始驗證 Token...
[JWT] Token 前 50 字元: eyJ0eXAiOiJKV1QiLCJhbGciOiJIUzI1NiJ9.eyJzdWIiOjEsI...
[JWT] 公鑰長度: 450 bytes
[JWT] Token 格式無效: Incorrect key for this algorithm
[JWT] Token 無效: Token 格式無效: Incorrect key for this algorithm
[JWT] 異常類型: App\Domains\Auth\Exceptions\InvalidTokenException
[JWT] 堆疊追蹤: #0 /var/www/html/app/Domains/Auth/Services/JwtTokenService.php(122): App\Infrastructure\Auth\Jwt\FirebaseJwtProvider->validateToken('eyJ0eXAiOiJKV1Q...', 'access')
#1 /var/www/html/app/Application/Middleware/JwtAuthenticationMiddleware.php(97): App\Domains\Auth\Services\JwtTokenService->validateAccessToken('eyJ0eXAiOiJKV1Q...')
#2 /var/www/html/app/Infrastructure/Routing/Middleware/MiddlewareDispatcher.php(63): App\Application\Middleware\JwtAuthenticationMiddleware->process(Object(App\Infrastructure\Http\ServerRequest), Object(App\Infrastructure\Routing\Contracts\RequestHandlerInterface@anonymous))
#3 /var/www/html/app/Infrastructure/Routing/Middleware/MiddlewareDispatcher.php(27): App\Infrastructure\Routing\Contracts\RequestHandlerInterface@anonymous->handle(Object(App\Infrastructure\Http\ServerRequest))
#4 /var/www/html/app/Infrastructure/Routing/RouteDispatcher.php(75): App\Infrastructure\Routing\Middleware\MiddlewareDispatcher->dispatch(Object(App\Infrastructure\Http\ServerRequest), Array, Object(App\Infrastructure\Routing\ClosureRequestHandler))
#5 /var/www/html/app/Application.php(130): App\Infrastructure\Routing\RouteDispatcher->dispatch(Object(App\Infrastructure\Http\ServerRequest))
#6 /var/www/html/app/Application.php(49): App\Application->handleRequest(Object(App\Infrastructure\Http\ServerRequest))
#7 /var/www/html/tests/Integration/Statistics/StatisticsAdminApiIntegrationTest.php(90): App\Application->run(Object(App\Infrastructure\Http\ServerRequest))
#8 /var/www/html/tests/Integration/Statistics/StatisticsAdminApiIntegrationTest.php(123): Tests\Integration\Statistics\StatisticsAdminApiIntegrationTest->makeRequest('GET', '/api/admin/stat...', NULL, Array)
#9 /var/www/html/tests/Integration/Statistics/StatisticsAdminApiIntegrationTest.php(402): Tests\Integration\Statistics\StatisticsAdminApiIntegrationTest->makeAdminRequest('GET', '/api/admin/stat...')
#10 /var/www/html/vendor/phpunit/phpunit/src/Framework/TestCase.php(1656): Tests\Integration\Statistics\StatisticsAdminApiIntegrationTest->testConcurrentAdminRequests()
#11 /var/www/html/vendor/phpunit/phpunit/src/Framework/TestCase.php(514): PHPUnit\Framework\TestCase->runTest()
#12 /var/www/html/vendor/phpunit/phpunit/src/Framework/TestRunner/TestRunner.php(87): PHPUnit\Framework\TestCase->runBare()
#13 /var/www/html/vendor/phpunit/phpunit/src/Framework/TestCase.php(361): PHPUnit\Framework\TestRunner->run(Object(Tests\Integration\Statistics\StatisticsAdminApiIntegrationTest))
#14 /var/www/html/vendor/phpunit/phpunit/src/Framework/TestSuite.php(369): PHPUnit\Framework\TestCase->run()
#15 /var/www/html/vendor/phpunit/phpunit/src/Framework/TestSuite.php(369): PHPUnit\Framework\TestSuite->run()
#16 /var/www/html/vendor/phpunit/phpunit/src/Framework/TestSuite.php(369): PHPUnit\Framework\TestSuite->run()
#17 /var/www/html/vendor/phpunit/phpunit/src/TextUI/TestRunner.php(64): PHPUnit\Framework\TestSuite->run()
#18 /var/www/html/vendor/phpunit/phpunit/src/TextUI/Application.php(211): PHPUnit\TextUI\TestRunner->run(Object(PHPUnit\TextUI\Configuration\Configuration), Object(PHPUnit\Runner\ResultCache\DefaultResultCache), Object(PHPUnit\Framework\TestSuite))
#19 /var/www/html/vendor/phpunit/phpunit/phpunit(104): PHPUnit\TextUI\Application->run(Array)
#20 /var/www/html/vendor/bin/phpunit(122): include('/var/www/html/v...')
#21 {main}
[JWT] 開始驗證 Token...
[JWT] Token 前 50 字元: eyJ0eXAiOiJKV1QiLCJhbGciOiJIUzI1NiJ9.eyJzdWIiOjEsI...
[JWT] 公鑰長度: 450 bytes
[JWT] Token 格式無效: Incorrect key for this algorithm
[JWT] Token 無效: Token 格式無效: Incorrect key for this algorithm
[JWT] 異常類型: App\Domains\Auth\Exceptions\InvalidTokenException
[JWT] 堆疊追蹤: #0 /var/www/html/app/Domains/Auth/Services/JwtTokenService.php(122): App\Infrastructure\Auth\Jwt\FirebaseJwtProvider->validateToken('eyJ0eXAiOiJKV1Q...', 'access')
#1 /var/www/html/app/Application/Middleware/JwtAuthenticationMiddleware.php(97): App\Domains\Auth\Services\JwtTokenService->validateAccessToken('eyJ0eXAiOiJKV1Q...')
#2 /var/www/html/app/Infrastructure/Routing/Middleware/MiddlewareDispatcher.php(63): App\Application\Middleware\JwtAuthenticationMiddleware->process(Object(App\Infrastructure\Http\ServerRequest), Object(App\Infrastructure\Routing\Contracts\RequestHandlerInterface@anonymous))
#3 /var/www/html/app/Infrastructure/Routing/Middleware/MiddlewareDispatcher.php(27): App\Infrastructure\Routing\Contracts\RequestHandlerInterface@anonymous->handle(Object(App\Infrastructure\Http\ServerRequest))
#4 /var/www/html/app/Infrastructure/Routing/RouteDispatcher.php(75): App\Infrastructure\Routing\Middleware\MiddlewareDispatcher->dispatch(Object(App\Infrastructure\Http\ServerRequest), Array, Object(App\Infrastructure\Routing\ClosureRequestHandler))
#5 /var/www/html/app/Application.php(130): App\Infrastructure\Routing\RouteDispatcher->dispatch(Object(App\Infrastructure\Http\ServerRequest))
#6 /var/www/html/app/Application.php(49): App\Application->handleRequest(Object(App\Infrastructure\Http\ServerRequest))
#7 /var/www/html/tests/Integration/Statistics/StatisticsAdminApiIntegrationTest.php(90): App\Application->run(Object(App\Infrastructure\Http\ServerRequest))
#8 /var/www/html/tests/Integration/Statistics/StatisticsAdminApiIntegrationTest.php(123): Tests\Integration\Statistics\StatisticsAdminApiIntegrationTest->makeRequest('GET', '/api/admin/stat...', NULL, Array)
#9 /var/www/html/tests/Integration/Statistics/StatisticsAdminApiIntegrationTest.php(402): Tests\Integration\Statistics\StatisticsAdminApiIntegrationTest->makeAdminRequest('GET', '/api/admin/stat...')
#10 /var/www/html/vendor/phpunit/phpunit/src/Framework/TestCase.php(1656): Tests\Integration\Statistics\StatisticsAdminApiIntegrationTest->testConcurrentAdminRequests()
#11 /var/www/html/vendor/phpunit/phpunit/src/Framework/TestCase.php(514): PHPUnit\Framework\TestCase->runTest()
#12 /var/www/html/vendor/phpunit/phpunit/src/Framework/TestRunner/TestRunner.php(87): PHPUnit\Framework\TestCase->runBare()
#13 /var/www/html/vendor/phpunit/phpunit/src/Framework/TestCase.php(361): PHPUnit\Framework\TestRunner->run(Object(Tests\Integration\Statistics\StatisticsAdminApiIntegrationTest))
#14 /var/www/html/vendor/phpunit/phpunit/src/Framework/TestSuite.php(369): PHPUnit\Framework\TestCase->run()
#15 /var/www/html/vendor/phpunit/phpunit/src/Framework/TestSuite.php(369): PHPUnit\Framework\TestSuite->run()
#16 /var/www/html/vendor/phpunit/phpunit/src/Framework/TestSuite.php(369): PHPUnit\Framework\TestSuite->run()
#17 /var/www/html/vendor/phpunit/phpunit/src/TextUI/TestRunner.php(64): PHPUnit\Framework\TestSuite->run()
#18 /var/www/html/vendor/phpunit/phpunit/src/TextUI/Application.php(211): PHPUnit\TextUI\TestRunner->run(Object(PHPUnit\TextUI\Configuration\Configuration), Object(PHPUnit\Runner\ResultCache\DefaultResultCache), Object(PHPUnit\Framework\TestSuite))
#19 /var/www/html/vendor/phpunit/phpunit/phpunit(104): PHPUnit\TextUI\Application->run(Array)
#20 /var/www/html/vendor/bin/phpunit(122): include('/var/www/html/v...')
#21 {main}
[JWT] 開始驗證 Token...
[JWT] Token 前 50 字元: eyJ0eXAiOiJKV1QiLCJhbGciOiJIUzI1NiJ9.eyJzdWIiOjEsI...
[JWT] 公鑰長度: 450 bytes
[JWT] Token 格式無效: Incorrect key for this algorithm
[JWT] Token 無效: Token 格式無效: Incorrect key for this algorithm
[JWT] 異常類型: App\Domains\Auth\Exceptions\InvalidTokenException
[JWT] 堆疊追蹤: #0 /var/www/html/app/Domains/Auth/Services/JwtTokenService.php(122): App\Infrastructure\Auth\Jwt\FirebaseJwtProvider->validateToken('eyJ0eXAiOiJKV1Q...', 'access')
#1 /var/www/html/app/Application/Middleware/JwtAuthenticationMiddleware.php(97): App\Domains\Auth\Services\JwtTokenService->validateAccessToken('eyJ0eXAiOiJKV1Q...')
#2 /var/www/html/app/Infrastructure/Routing/Middleware/MiddlewareDispatcher.php(63): App\Application\Middleware\JwtAuthenticationMiddleware->process(Object(App\Infrastructure\Http\ServerRequest), Object(App\Infrastructure\Routing\Contracts\RequestHandlerInterface@anonymous))
#3 /var/www/html/app/Infrastructure/Routing/Middleware/MiddlewareDispatcher.php(27): App\Infrastructure\Routing\Contracts\RequestHandlerInterface@anonymous->handle(Object(App\Infrastructure\Http\ServerRequest))
#4 /var/www/html/app/Infrastructure/Routing/RouteDispatcher.php(75): App\Infrastructure\Routing\Middleware\MiddlewareDispatcher->dispatch(Object(App\Infrastructure\Http\ServerRequest), Array, Object(App\Infrastructure\Routing\ClosureRequestHandler))
#5 /var/www/html/app/Application.php(130): App\Infrastructure\Routing\RouteDispatcher->dispatch(Object(App\Infrastructure\Http\ServerRequest))
#6 /var/www/html/app/Application.php(49): App\Application->handleRequest(Object(App\Infrastructure\Http\ServerRequest))
#7 /var/www/html/tests/Integration/Statistics/StatisticsAdminApiIntegrationTest.php(90): App\Application->run(Object(App\Infrastructure\Http\ServerRequest))
#8 /var/www/html/tests/Integration/Statistics/StatisticsAdminApiIntegrationTest.php(123): Tests\Integration\Statistics\StatisticsAdminApiIntegrationTest->makeRequest('GET', '/api/admin/stat...', NULL, Array)
#9 /var/www/html/tests/Integration/Statistics/StatisticsAdminApiIntegrationTest.php(402): Tests\Integration\Statistics\StatisticsAdminApiIntegrationTest->makeAdminRequest('GET', '/api/admin/stat...')
#10 /var/www/html/vendor/phpunit/phpunit/src/Framework/TestCase.php(1656): Tests\Integration\Statistics\StatisticsAdminApiIntegrationTest->testConcurrentAdminRequests()
#11 /var/www/html/vendor/phpunit/phpunit/src/Framework/TestCase.php(514): PHPUnit\Framework\TestCase->runTest()
#12 /var/www/html/vendor/phpunit/phpunit/src/Framework/TestRunner/TestRunner.php(87): PHPUnit\Framework\TestCase->runBare()
#13 /var/www/html/vendor/phpunit/phpunit/src/Framework/TestCase.php(361): PHPUnit\Framework\TestRunner->run(Object(Tests\Integration\Statistics\StatisticsAdminApiIntegrationTest))
#14 /var/www/html/vendor/phpunit/phpunit/src/Framework/TestSuite.php(369): PHPUnit\Framework\TestCase->run()
#15 /var/www/html/vendor/phpunit/phpunit/src/Framework/TestSuite.php(369): PHPUnit\Framework\TestSuite->run()
#16 /var/www/html/vendor/phpunit/phpunit/src/Framework/TestSuite.php(369): PHPUnit\Framework\TestSuite->run()
#17 /var/www/html/vendor/phpunit/phpunit/src/TextUI/TestRunner.php(64): PHPUnit\Framework\TestSuite->run()
#18 /var/www/html/vendor/phpunit/phpunit/src/TextUI/Application.php(211): PHPUnit\TextUI\TestRunner->run(Object(PHPUnit\TextUI\Configuration\Configuration), Object(PHPUnit\Runner\ResultCache\DefaultResultCache), Object(PHPUnit\Framework\TestSuite))
#19 /var/www/html/vendor/phpunit/phpunit/phpunit(104): PHPUnit\TextUI\Application->run(Array)
#20 /var/www/html/vendor/bin/phpunit(122): include('/var/www/html/v...')
#21 {main}
S[JWT] 開始驗證 Token...
[JWT] Token 前 50 字元: eyJ0eXAiOiJKV1QiLCJhbGciOiJIUzI1NiJ9.eyJzdWIiOjEsI...
[JWT] 公鑰長度: 450 bytes
[JWT] Token 格式無效: Incorrect key for this algorithm
[JWT] Token 無效: Token 格式無效: Incorrect key for this algorithm
[JWT] 異常類型: App\Domains\Auth\Exceptions\InvalidTokenException
[JWT] 堆疊追蹤: #0 /var/www/html/app/Domains/Auth/Services/JwtTokenService.php(122): App\Infrastructure\Auth\Jwt\FirebaseJwtProvider->validateToken('eyJ0eXAiOiJKV1Q...', 'access')
#1 /var/www/html/app/Application/Middleware/JwtAuthenticationMiddleware.php(97): App\Domains\Auth\Services\JwtTokenService->validateAccessToken('eyJ0eXAiOiJKV1Q...')
#2 /var/www/html/app/Infrastructure/Routing/Middleware/MiddlewareDispatcher.php(63): App\Application\Middleware\JwtAuthenticationMiddleware->process(Object(App\Infrastructure\Http\ServerRequest), Object(App\Infrastructure\Routing\ClosureRequestHandler))
#3 /var/www/html/app/Infrastructure/Routing/Middleware/MiddlewareDispatcher.php(27): App\Infrastructure\Routing\Contracts\RequestHandlerInterface@anonymous->handle(Object(App\Infrastructure\Http\ServerRequest))
#4 /var/www/html/app/Infrastructure/Routing/RouteDispatcher.php(75): App\Infrastructure\Routing\Middleware\MiddlewareDispatcher->dispatch(Object(App\Infrastructure\Http\ServerRequest), Array, Object(App\Infrastructure\Routing\ClosureRequestHandler))
#5 /var/www/html/app/Application.php(130): App\Infrastructure\Routing\RouteDispatcher->dispatch(Object(App\Infrastructure\Http\ServerRequest))
#6 /var/www/html/app/Application.php(49): App\Application->handleRequest(Object(App\Infrastructure\Http\ServerRequest))
#7 /var/www/html/tests/Integration/Statistics/StatisticsApiIntegrationTest.php(91): App\Application->run(Object(App\Infrastructure\Http\ServerRequest))
#8 /var/www/html/tests/Integration/Statistics/StatisticsApiIntegrationTest.php(124): Tests\Integration\Statistics\StatisticsApiIntegrationTest->makeRequest('GET', '/api/statistics...', NULL, Array)
#9 /var/www/html/tests/Integration/Statistics/StatisticsApiIntegrationTest.php(129): Tests\Integration\Statistics\StatisticsApiIntegrationTest->makeAuthenticatedRequest('GET', '/api/statistics...')
#10 /var/www/html/vendor/phpunit/phpunit/src/Framework/TestCase.php(1656): Tests\Integration\Statistics\StatisticsApiIntegrationTest->testGetOverviewEndpoint()
#11 /var/www/html/vendor/phpunit/phpunit/src/Framework/TestCase.php(514): PHPUnit\Framework\TestCase->runTest()
#12 /var/www/html/vendor/phpunit/phpunit/src/Framework/TestRunner/TestRunner.php(87): PHPUnit\Framework\TestCase->runBare()
#13 /var/www/html/vendor/phpunit/phpunit/src/Framework/TestCase.php(361): PHPUnit\Framework\TestRunner->run(Object(Tests\Integration\Statistics\StatisticsApiIntegrationTest))
#14 /var/www/html/vendor/phpunit/phpunit/src/Framework/TestSuite.php(369): PHPUnit\Framework\TestCase->run()
#15 /var/www/html/vendor/phpunit/phpunit/src/Framework/TestSuite.php(369): PHPUnit\Framework\TestSuite->run()
#16 /var/www/html/vendor/phpunit/phpunit/src/Framework/TestSuite.php(369): PHPUnit\Framework\TestSuite->run()
#17 /var/www/html/vendor/phpunit/phpunit/src/TextUI/TestRunner.php(64): PHPUnit\Framework\TestSuite->run()
#18 /var/www/html/vendor/phpunit/phpunit/src/TextUI/Application.php(211): PHPUnit\TextUI\TestRunner->run(Object(PHPUnit\TextUI\Configuration\Configuration), Object(PHPUnit\Runner\ResultCache\DefaultResultCache), Object(PHPUnit\Framework\TestSuite))
#19 /var/www/html/vendor/phpunit/phpunit/phpunit(104): PHPUnit\TextUI\Application->run(Array)
#20 /var/www/html/vendor/bin/phpunit(122): include('/var/www/html/v...')
#21 {main}
S[JWT] 開始驗證 Token...
[JWT] Token 前 50 字元: eyJ0eXAiOiJKV1QiLCJhbGciOiJIUzI1NiJ9.eyJzdWIiOjEsI...
[JWT] 公鑰長度: 450 bytes
[JWT] Token 格式無效: Incorrect key for this algorithm
[JWT] Token 無效: Token 格式無效: Incorrect key for this algorithm
[JWT] 異常類型: App\Domains\Auth\Exceptions\InvalidTokenException
[JWT] 堆疊追蹤: #0 /var/www/html/app/Domains/Auth/Services/JwtTokenService.php(122): App\Infrastructure\Auth\Jwt\FirebaseJwtProvider->validateToken('eyJ0eXAiOiJKV1Q...', 'access')
#1 /var/www/html/app/Application/Middleware/JwtAuthenticationMiddleware.php(97): App\Domains\Auth\Services\JwtTokenService->validateAccessToken('eyJ0eXAiOiJKV1Q...')
#2 /var/www/html/app/Infrastructure/Routing/Middleware/MiddlewareDispatcher.php(63): App\Application\Middleware\JwtAuthenticationMiddleware->process(Object(App\Infrastructure\Http\ServerRequest), Object(App\Infrastructure\Routing\ClosureRequestHandler))
#3 /var/www/html/app/Infrastructure/Routing/Middleware/MiddlewareDispatcher.php(27): App\Infrastructure\Routing\Contracts\RequestHandlerInterface@anonymous->handle(Object(App\Infrastructure\Http\ServerRequest))
#4 /var/www/html/app/Infrastructure/Routing/RouteDispatcher.php(75): App\Infrastructure\Routing\Middleware\MiddlewareDispatcher->dispatch(Object(App\Infrastructure\Http\ServerRequest), Array, Object(App\Infrastructure\Routing\ClosureRequestHandler))
#5 /var/www/html/app/Application.php(130): App\Infrastructure\Routing\RouteDispatcher->dispatch(Object(App\Infrastructure\Http\ServerRequest))
#6 /var/www/html/app/Application.php(49): App\Application->handleRequest(Object(App\Infrastructure\Http\ServerRequest))
#7 /var/www/html/tests/Integration/Statistics/StatisticsApiIntegrationTest.php(91): App\Application->run(Object(App\Infrastructure\Http\ServerRequest))
#8 /var/www/html/tests/Integration/Statistics/StatisticsApiIntegrationTest.php(124): Tests\Integration\Statistics\StatisticsApiIntegrationTest->makeRequest('GET', '/api/statistics...', NULL, Array)
#9 /var/www/html/tests/Integration/Statistics/StatisticsApiIntegrationTest.php(153): Tests\Integration\Statistics\StatisticsApiIntegrationTest->makeAuthenticatedRequest('GET', '/api/statistics...')
#10 /var/www/html/vendor/phpunit/phpunit/src/Framework/TestCase.php(1656): Tests\Integration\Statistics\StatisticsApiIntegrationTest->testGetOverviewWithDateParameters()
#11 /var/www/html/vendor/phpunit/phpunit/src/Framework/TestCase.php(514): PHPUnit\Framework\TestCase->runTest()
#12 /var/www/html/vendor/phpunit/phpunit/src/Framework/TestRunner/TestRunner.php(87): PHPUnit\Framework\TestCase->runBare()
#13 /var/www/html/vendor/phpunit/phpunit/src/Framework/TestCase.php(361): PHPUnit\Framework\TestRunner->run(Object(Tests\Integration\Statistics\StatisticsApiIntegrationTest))
#14 /var/www/html/vendor/phpunit/phpunit/src/Framework/TestSuite.php(369): PHPUnit\Framework\TestCase->run()
#15 /var/www/html/vendor/phpunit/phpunit/src/Framework/TestSuite.php(369): PHPUnit\Framework\TestSuite->run()
#16 /var/www/html/vendor/phpunit/phpunit/src/Framework/TestSuite.php(369): PHPUnit\Framework\TestSuite->run()
#17 /var/www/html/vendor/phpunit/phpunit/src/TextUI/TestRunner.php(64): PHPUnit\Framework\TestSuite->run()
#18 /var/www/html/vendor/phpunit/phpunit/src/TextUI/Application.php(211): PHPUnit\TextUI\TestRunner->run(Object(PHPUnit\TextUI\Configuration\Configuration), Object(PHPUnit\Runner\ResultCache\DefaultResultCache), Object(PHPUnit\Framework\TestSuite))
#19 /var/www/html/vendor/phpunit/phpunit/phpunit(104): PHPUnit\TextUI\Application->run(Array)
#20 /var/www/html/vendor/bin/phpunit(122): include('/var/www/html/v...')
#21 {main}
S[JWT] 開始驗證 Token...
[JWT] Token 前 50 字元: eyJ0eXAiOiJKV1QiLCJhbGciOiJIUzI1NiJ9.eyJzdWIiOjEsI...
[JWT] 公鑰長度: 450 bytes
[JWT] Token 格式無效: Incorrect key for this algorithm
[JWT] Token 無效: Token 格式無效: Incorrect key for this algorithm
[JWT] 異常類型: App\Domains\Auth\Exceptions\InvalidTokenException
[JWT] 堆疊追蹤: #0 /var/www/html/app/Domains/Auth/Services/JwtTokenService.php(122): App\Infrastructure\Auth\Jwt\FirebaseJwtProvider->validateToken('eyJ0eXAiOiJKV1Q...', 'access')
#1 /var/www/html/app/Application/Middleware/JwtAuthenticationMiddleware.php(97): App\Domains\Auth\Services\JwtTokenService->validateAccessToken('eyJ0eXAiOiJKV1Q...')
#2 /var/www/html/app/Infrastructure/Routing/Middleware/MiddlewareDispatcher.php(63): App\Application\Middleware\JwtAuthenticationMiddleware->process(Object(App\Infrastructure\Http\ServerRequest), Object(App\Infrastructure\Routing\ClosureRequestHandler))
#3 /var/www/html/app/Infrastructure/Routing/Middleware/MiddlewareDispatcher.php(27): App\Infrastructure\Routing\Contracts\RequestHandlerInterface@anonymous->handle(Object(App\Infrastructure\Http\ServerRequest))
#4 /var/www/html/app/Infrastructure/Routing/RouteDispatcher.php(75): App\Infrastructure\Routing\Middleware\MiddlewareDispatcher->dispatch(Object(App\Infrastructure\Http\ServerRequest), Array, Object(App\Infrastructure\Routing\ClosureRequestHandler))
#5 /var/www/html/app/Application.php(130): App\Infrastructure\Routing\RouteDispatcher->dispatch(Object(App\Infrastructure\Http\ServerRequest))
#6 /var/www/html/app/Application.php(49): App\Application->handleRequest(Object(App\Infrastructure\Http\ServerRequest))
#7 /var/www/html/tests/Integration/Statistics/StatisticsApiIntegrationTest.php(91): App\Application->run(Object(App\Infrastructure\Http\ServerRequest))
#8 /var/www/html/tests/Integration/Statistics/StatisticsApiIntegrationTest.php(124): Tests\Integration\Statistics\StatisticsApiIntegrationTest->makeRequest('GET', '/api/statistics...', NULL, Array)
#9 /var/www/html/tests/Integration/Statistics/StatisticsApiIntegrationTest.php(169): Tests\Integration\Statistics\StatisticsApiIntegrationTest->makeAuthenticatedRequest('GET', '/api/statistics...')
#10 /var/www/html/vendor/phpunit/phpunit/src/Framework/TestCase.php(1656): Tests\Integration\Statistics\StatisticsApiIntegrationTest->testGetPostsEndpoint()
#11 /var/www/html/vendor/phpunit/phpunit/src/Framework/TestCase.php(514): PHPUnit\Framework\TestCase->runTest()
#12 /var/www/html/vendor/phpunit/phpunit/src/Framework/TestRunner/TestRunner.php(87): PHPUnit\Framework\TestCase->runBare()
#13 /var/www/html/vendor/phpunit/phpunit/src/Framework/TestCase.php(361): PHPUnit\Framework\TestRunner->run(Object(Tests\Integration\Statistics\StatisticsApiIntegrationTest))
#14 /var/www/html/vendor/phpunit/phpunit/src/Framework/TestSuite.php(369): PHPUnit\Framework\TestCase->run()
#15 /var/www/html/vendor/phpunit/phpunit/src/Framework/TestSuite.php(369): PHPUnit\Framework\TestSuite->run()
#16 /var/www/html/vendor/phpunit/phpunit/src/Framework/TestSuite.php(369): PHPUnit\Framework\TestSuite->run()
#17 /var/www/html/vendor/phpunit/phpunit/src/TextUI/TestRunner.php(64): PHPUnit\Framework\TestSuite->run()
#18 /var/www/html/vendor/phpunit/phpunit/src/TextUI/Application.php(211): PHPUnit\TextUI\TestRunner->run(Object(PHPUnit\TextUI\Configuration\Configuration), Object(PHPUnit\Runner\ResultCache\DefaultResultCache), Object(PHPUnit\Framework\TestSuite))
#19 /var/www/html/vendor/phpunit/phpunit/phpunit(104): PHPUnit\TextUI\Application->run(Array)
#20 /var/www/html/vendor/bin/phpunit(122): include('/var/www/html/v...')
#21 {main}
S[JWT] 開始驗證 Token...
[JWT] Token 前 50 字元: eyJ0eXAiOiJKV1QiLCJhbGciOiJIUzI1NiJ9.eyJzdWIiOjEsI...
[JWT] 公鑰長度: 450 bytes
[JWT] Token 格式無效: Incorrect key for this algorithm
[JWT] Token 無效: Token 格式無效: Incorrect key for this algorithm
[JWT] 異常類型: App\Domains\Auth\Exceptions\InvalidTokenException
[JWT] 堆疊追蹤: #0 /var/www/html/app/Domains/Auth/Services/JwtTokenService.php(122): App\Infrastructure\Auth\Jwt\FirebaseJwtProvider->validateToken('eyJ0eXAiOiJKV1Q...', 'access')
#1 /var/www/html/app/Application/Middleware/JwtAuthenticationMiddleware.php(97): App\Domains\Auth\Services\JwtTokenService->validateAccessToken('eyJ0eXAiOiJKV1Q...')
#2 /var/www/html/app/Infrastructure/Routing/Middleware/MiddlewareDispatcher.php(63): App\Application\Middleware\JwtAuthenticationMiddleware->process(Object(App\Infrastructure\Http\ServerRequest), Object(App\Infrastructure\Routing\ClosureRequestHandler))
#3 /var/www/html/app/Infrastructure/Routing/Middleware/MiddlewareDispatcher.php(27): App\Infrastructure\Routing\Contracts\RequestHandlerInterface@anonymous->handle(Object(App\Infrastructure\Http\ServerRequest))
#4 /var/www/html/app/Infrastructure/Routing/RouteDispatcher.php(75): App\Infrastructure\Routing\Middleware\MiddlewareDispatcher->dispatch(Object(App\Infrastructure\Http\ServerRequest), Array, Object(App\Infrastructure\Routing\ClosureRequestHandler))
#5 /var/www/html/app/Application.php(130): App\Infrastructure\Routing\RouteDispatcher->dispatch(Object(App\Infrastructure\Http\ServerRequest))
#6 /var/www/html/app/Application.php(49): App\Application->handleRequest(Object(App\Infrastructure\Http\ServerRequest))
#7 /var/www/html/tests/Integration/Statistics/StatisticsApiIntegrationTest.php(91): App\Application->run(Object(App\Infrastructure\Http\ServerRequest))
#8 /var/www/html/tests/Integration/Statistics/StatisticsApiIntegrationTest.php(124): Tests\Integration\Statistics\StatisticsApiIntegrationTest->makeRequest('GET', '/api/statistics...', NULL, Array)
#9 /var/www/html/tests/Integration/Statistics/StatisticsApiIntegrationTest.php(189): Tests\Integration\Statistics\StatisticsApiIntegrationTest->makeAuthenticatedRequest('GET', '/api/statistics...')
#10 /var/www/html/vendor/phpunit/phpunit/src/Framework/TestCase.php(1656): Tests\Integration\Statistics\StatisticsApiIntegrationTest->testGetSourcesEndpoint()
#11 /var/www/html/vendor/phpunit/phpunit/src/Framework/TestCase.php(514): PHPUnit\Framework\TestCase->runTest()
#12 /var/www/html/vendor/phpunit/phpunit/src/Framework/TestRunner/TestRunner.php(87): PHPUnit\Framework\TestCase->runBare()
#13 /var/www/html/vendor/phpunit/phpunit/src/Framework/TestCase.php(361): PHPUnit\Framework\TestRunner->run(Object(Tests\Integration\Statistics\StatisticsApiIntegrationTest))
#14 /var/www/html/vendor/phpunit/phpunit/src/Framework/TestSuite.php(369): PHPUnit\Framework\TestCase->run()
#15 /var/www/html/vendor/phpunit/phpunit/src/Framework/TestSuite.php(369): PHPUnit\Framework\TestSuite->run()
#16 /var/www/html/vendor/phpunit/phpunit/src/Framework/TestSuite.php(369): PHPUnit\Framework\TestSuite->run()
#17 /var/www/html/vendor/phpunit/phpunit/src/TextUI/TestRunner.php(64): PHPUnit\Framework\TestSuite->run()
#18 /var/www/html/vendor/phpunit/phpunit/src/TextUI/Application.php(211): PHPUnit\TextUI\TestRunner->run(Object(PHPUnit\TextUI\Configuration\Configuration), Object(PHPUnit\Runner\ResultCache\DefaultResultCache), Object(PHPUnit\Framework\TestSuite))
#19 /var/www/html/vendor/phpunit/phpunit/phpunit(104): PHPUnit\TextUI\Application->run(Array)
#20 /var/www/html/vendor/bin/phpunit(122): include('/var/www/html/v...')
#21 {main}
S[JWT] 開始驗證 Token...
[JWT] Token 前 50 字元: eyJ0eXAiOiJKV1QiLCJhbGciOiJIUzI1NiJ9.eyJzdWIiOjEsI...
[JWT] 公鑰長度: 450 bytes
[JWT] Token 格式無效: Incorrect key for this algorithm
[JWT] Token 無效: Token 格式無效: Incorrect key for this algorithm
[JWT] 異常類型: App\Domains\Auth\Exceptions\InvalidTokenException
[JWT] 堆疊追蹤: #0 /var/www/html/app/Domains/Auth/Services/JwtTokenService.php(122): App\Infrastructure\Auth\Jwt\FirebaseJwtProvider->validateToken('eyJ0eXAiOiJKV1Q...', 'access')
#1 /var/www/html/app/Application/Middleware/JwtAuthenticationMiddleware.php(97): App\Domains\Auth\Services\JwtTokenService->validateAccessToken('eyJ0eXAiOiJKV1Q...')
#2 /var/www/html/app/Infrastructure/Routing/Middleware/MiddlewareDispatcher.php(63): App\Application\Middleware\JwtAuthenticationMiddleware->process(Object(App\Infrastructure\Http\ServerRequest), Object(App\Infrastructure\Routing\ClosureRequestHandler))
#3 /var/www/html/app/Infrastructure/Routing/Middleware/MiddlewareDispatcher.php(27): App\Infrastructure\Routing\Contracts\RequestHandlerInterface@anonymous->handle(Object(App\Infrastructure\Http\ServerRequest))
#4 /var/www/html/app/Infrastructure/Routing/RouteDispatcher.php(75): App\Infrastructure\Routing\Middleware\MiddlewareDispatcher->dispatch(Object(App\Infrastructure\Http\ServerRequest), Array, Object(App\Infrastructure\Routing\ClosureRequestHandler))
#5 /var/www/html/app/Application.php(130): App\Infrastructure\Routing\RouteDispatcher->dispatch(Object(App\Infrastructure\Http\ServerRequest))
#6 /var/www/html/app/Application.php(49): App\Application->handleRequest(Object(App\Infrastructure\Http\ServerRequest))
#7 /var/www/html/tests/Integration/Statistics/StatisticsApiIntegrationTest.php(91): App\Application->run(Object(App\Infrastructure\Http\ServerRequest))
#8 /var/www/html/tests/Integration/Statistics/StatisticsApiIntegrationTest.php(124): Tests\Integration\Statistics\StatisticsApiIntegrationTest->makeRequest('GET', '/api/statistics...', NULL, Array)
#9 /var/www/html/tests/Integration/Statistics/StatisticsApiIntegrationTest.php(204): Tests\Integration\Statistics\StatisticsApiIntegrationTest->makeAuthenticatedRequest('GET', '/api/statistics...')
#10 /var/www/html/vendor/phpunit/phpunit/src/Framework/TestCase.php(1656): Tests\Integration\Statistics\StatisticsApiIntegrationTest->testGetUsersEndpoint()
#11 /var/www/html/vendor/phpunit/phpunit/src/Framework/TestCase.php(514): PHPUnit\Framework\TestCase->runTest()
#12 /var/www/html/vendor/phpunit/phpunit/src/Framework/TestRunner/TestRunner.php(87): PHPUnit\Framework\TestCase->runBare()
#13 /var/www/html/vendor/phpunit/phpunit/src/Framework/TestCase.php(361): PHPUnit\Framework\TestRunner->run(Object(Tests\Integration\Statistics\StatisticsApiIntegrationTest))
#14 /var/www/html/vendor/phpunit/phpunit/src/Framework/TestSuite.php(369): PHPUnit\Framework\TestCase->run()
#15 /var/www/html/vendor/phpunit/phpunit/src/Framework/TestSuite.php(369): PHPUnit\Framework\TestSuite->run()
#16 /var/www/html/vendor/phpunit/phpunit/src/Framework/TestSuite.php(369): PHPUnit\Framework\TestSuite->run()
#17 /var/www/html/vendor/phpunit/phpunit/src/TextUI/TestRunner.php(64): PHPUnit\Framework\TestSuite->run()
#18 /var/www/html/vendor/phpunit/phpunit/src/TextUI/Application.php(211): PHPUnit\TextUI\TestRunner->run(Object(PHPUnit\TextUI\Configuration\Configuration), Object(PHPUnit\Runner\ResultCache\DefaultResultCache), Object(PHPUnit\Framework\TestSuite))
#19 /var/www/html/vendor/phpunit/phpunit/phpunit(104): PHPUnit\TextUI\Application->run(Array)
#20 /var/www/html/vendor/bin/phpunit(122): include('/var/www/html/v...')
#21 {main}
S[JWT] 開始驗證 Token...
[JWT] Token 前 50 字元: eyJ0eXAiOiJKV1QiLCJhbGciOiJIUzI1NiJ9.eyJzdWIiOjEsI...
[JWT] 公鑰長度: 450 bytes
[JWT] Token 格式無效: Incorrect key for this algorithm
[JWT] Token 無效: Token 格式無效: Incorrect key for this algorithm
[JWT] 異常類型: App\Domains\Auth\Exceptions\InvalidTokenException
[JWT] 堆疊追蹤: #0 /var/www/html/app/Domains/Auth/Services/JwtTokenService.php(122): App\Infrastructure\Auth\Jwt\FirebaseJwtProvider->validateToken('eyJ0eXAiOiJKV1Q...', 'access')
#1 /var/www/html/app/Application/Middleware/JwtAuthenticationMiddleware.php(97): App\Domains\Auth\Services\JwtTokenService->validateAccessToken('eyJ0eXAiOiJKV1Q...')
#2 /var/www/html/app/Infrastructure/Routing/Middleware/MiddlewareDispatcher.php(63): App\Application\Middleware\JwtAuthenticationMiddleware->process(Object(App\Infrastructure\Http\ServerRequest), Object(App\Infrastructure\Routing\ClosureRequestHandler))
#3 /var/www/html/app/Infrastructure/Routing/Middleware/MiddlewareDispatcher.php(27): App\Infrastructure\Routing\Contracts\RequestHandlerInterface@anonymous->handle(Object(App\Infrastructure\Http\ServerRequest))
#4 /var/www/html/app/Infrastructure/Routing/RouteDispatcher.php(75): App\Infrastructure\Routing\Middleware\MiddlewareDispatcher->dispatch(Object(App\Infrastructure\Http\ServerRequest), Array, Object(App\Infrastructure\Routing\ClosureRequestHandler))
#5 /var/www/html/app/Application.php(130): App\Infrastructure\Routing\RouteDispatcher->dispatch(Object(App\Infrastructure\Http\ServerRequest))
#6 /var/www/html/app/Application.php(49): App\Application->handleRequest(Object(App\Infrastructure\Http\ServerRequest))
#7 /var/www/html/tests/Integration/Statistics/StatisticsApiIntegrationTest.php(91): App\Application->run(Object(App\Infrastructure\Http\ServerRequest))
#8 /var/www/html/tests/Integration/Statistics/StatisticsApiIntegrationTest.php(124): Tests\Integration\Statistics\StatisticsApiIntegrationTest->makeRequest('GET', '/api/statistics...', NULL, Array)
#9 /var/www/html/tests/Integration/Statistics/StatisticsApiIntegrationTest.php(219): Tests\Integration\Statistics\StatisticsApiIntegrationTest->makeAuthenticatedRequest('GET', '/api/statistics...')
#10 /var/www/html/vendor/phpunit/phpunit/src/Framework/TestCase.php(1656): Tests\Integration\Statistics\StatisticsApiIntegrationTest->testGetPopularEndpoint()
#11 /var/www/html/vendor/phpunit/phpunit/src/Framework/TestCase.php(514): PHPUnit\Framework\TestCase->runTest()
#12 /var/www/html/vendor/phpunit/phpunit/src/Framework/TestRunner/TestRunner.php(87): PHPUnit\Framework\TestCase->runBare()
#13 /var/www/html/vendor/phpunit/phpunit/src/Framework/TestCase.php(361): PHPUnit\Framework\TestRunner->run(Object(Tests\Integration\Statistics\StatisticsApiIntegrationTest))
#14 /var/www/html/vendor/phpunit/phpunit/src/Framework/TestSuite.php(369): PHPUnit\Framework\TestCase->run()
#15 /var/www/html/vendor/phpunit/phpunit/src/Framework/TestSuite.php(369): PHPUnit\Framework\TestSuite->run()
#16 /var/www/html/vendor/phpunit/phpunit/src/Framework/TestSuite.php(369): PHPUnit\Framework\TestSuite->run()
#17 /var/www/html/vendor/phpunit/phpunit/src/TextUI/TestRunner.php(64): PHPUnit\Framework\TestSuite->run()
#18 /var/www/html/vendor/phpunit/phpunit/src/TextUI/Application.php(211): PHPUnit\TextUI\TestRunner->run(Object(PHPUnit\TextUI\Configuration\Configuration), Object(PHPUnit\Runner\ResultCache\DefaultResultCache), Object(PHPUnit\Framework\TestSuite))
#19 /var/www/html/vendor/phpunit/phpunit/phpunit(104): PHPUnit\TextUI\Application->run(Array)
#20 /var/www/html/vendor/bin/phpunit(122): include('/var/www/html/v...')
#21 {main}
S[JWT] 開始驗證 Token...
[JWT] Token 前 50 字元: eyJ0eXAiOiJKV1QiLCJhbGciOiJIUzI1NiJ9.eyJzdWIiOjEsI...
[JWT] 公鑰長度: 450 bytes
[JWT] Token 格式無效: Incorrect key for this algorithm
[JWT] Token 無效: Token 格式無效: Incorrect key for this algorithm
[JWT] 異常類型: App\Domains\Auth\Exceptions\InvalidTokenException
[JWT] 堆疊追蹤: #0 /var/www/html/app/Domains/Auth/Services/JwtTokenService.php(122): App\Infrastructure\Auth\Jwt\FirebaseJwtProvider->validateToken('eyJ0eXAiOiJKV1Q...', 'access')
#1 /var/www/html/app/Application/Middleware/JwtAuthenticationMiddleware.php(97): App\Domains\Auth\Services\JwtTokenService->validateAccessToken('eyJ0eXAiOiJKV1Q...')
#2 /var/www/html/app/Infrastructure/Routing/Middleware/MiddlewareDispatcher.php(63): App\Application\Middleware\JwtAuthenticationMiddleware->process(Object(App\Infrastructure\Http\ServerRequest), Object(App\Infrastructure\Routing\ClosureRequestHandler))
#3 /var/www/html/app/Infrastructure/Routing/Middleware/MiddlewareDispatcher.php(27): App\Infrastructure\Routing\Contracts\RequestHandlerInterface@anonymous->handle(Object(App\Infrastructure\Http\ServerRequest))
#4 /var/www/html/app/Infrastructure/Routing/RouteDispatcher.php(75): App\Infrastructure\Routing\Middleware\MiddlewareDispatcher->dispatch(Object(App\Infrastructure\Http\ServerRequest), Array, Object(App\Infrastructure\Routing\ClosureRequestHandler))
#5 /var/www/html/app/Application.php(130): App\Infrastructure\Routing\RouteDispatcher->dispatch(Object(App\Infrastructure\Http\ServerRequest))
#6 /var/www/html/app/Application.php(49): App\Application->handleRequest(Object(App\Infrastructure\Http\ServerRequest))
#7 /var/www/html/tests/Integration/Statistics/StatisticsApiIntegrationTest.php(91): App\Application->run(Object(App\Infrastructure\Http\ServerRequest))
#8 /var/www/html/tests/Integration/Statistics/StatisticsApiIntegrationTest.php(235): Tests\Integration\Statistics\StatisticsApiIntegrationTest->makeRequest('GET', '/api/statistics...')
#9 /var/www/html/vendor/phpunit/phpunit/src/Framework/TestCase.php(1656): Tests\Integration\Statistics\StatisticsApiIntegrationTest->testUnauthorizedAccess()
#10 /var/www/html/vendor/phpunit/phpunit/src/Framework/TestCase.php(514): PHPUnit\Framework\TestCase->runTest()
#11 /var/www/html/vendor/phpunit/phpunit/src/Framework/TestRunner/TestRunner.php(87): PHPUnit\Framework\TestCase->runBare()
#12 /var/www/html/vendor/phpunit/phpunit/src/Framework/TestCase.php(361): PHPUnit\Framework\TestRunner->run(Object(Tests\Integration\Statistics\StatisticsApiIntegrationTest))
#13 /var/www/html/vendor/phpunit/phpunit/src/Framework/TestSuite.php(369): PHPUnit\Framework\TestCase->run()
#14 /var/www/html/vendor/phpunit/phpunit/src/Framework/TestSuite.php(369): PHPUnit\Framework\TestSuite->run()
#15 /var/www/html/vendor/phpunit/phpunit/src/Framework/TestSuite.php(369): PHPUnit\Framework\TestSuite->run()
#16 /var/www/html/vendor/phpunit/phpunit/src/TextUI/TestRunner.php(64): PHPUnit\Framework\TestSuite->run()
#17 /var/www/html/vendor/phpunit/phpunit/src/TextUI/Application.php(211): PHPUnit\TextUI\TestRunner->run(Object(PHPUnit\TextUI\Configuration\Configuration), Object(PHPUnit\Runner\ResultCache\DefaultResultCache), Object(PHPUnit\Framework\TestSuite))
#18 /var/www/html/vendor/phpunit/phpunit/phpunit(104): PHPUnit\TextUI\Application->run(Array)
#19 /var/www/html/vendor/bin/phpunit(122): include('/var/www/html/v...')
#20 {main}
.[JWT] 開始驗證 Token...
[JWT] Token 前 50 字元: invalid-token...
[JWT] 公鑰長度: 450 bytes
[JWT] Token 格式無效: Wrong number of segments
[JWT] Token 無效: Token 格式無效: Wrong number of segments
[JWT] 異常類型: App\Domains\Auth\Exceptions\InvalidTokenException
[JWT] 堆疊追蹤: #0 /var/www/html/app/Domains/Auth/Services/JwtTokenService.php(122): App\Infrastructure\Auth\Jwt\FirebaseJwtProvider->validateToken('invalid-token', 'access')
#1 /var/www/html/app/Application/Middleware/JwtAuthenticationMiddleware.php(97): App\Domains\Auth\Services\JwtTokenService->validateAccessToken('invalid-token')
#2 /var/www/html/app/Infrastructure/Routing/Middleware/MiddlewareDispatcher.php(63): App\Application\Middleware\JwtAuthenticationMiddleware->process(Object(App\Infrastructure\Http\ServerRequest), Object(App\Infrastructure\Routing\ClosureRequestHandler))
#3 /var/www/html/app/Infrastructure/Routing/Middleware/MiddlewareDispatcher.php(27): App\Infrastructure\Routing\Contracts\RequestHandlerInterface@anonymous->handle(Object(App\Infrastructure\Http\ServerRequest))
#4 /var/www/html/app/Infrastructure/Routing/RouteDispatcher.php(75): App\Infrastructure\Routing\Middleware\MiddlewareDispatcher->dispatch(Object(App\Infrastructure\Http\ServerRequest), Array, Object(App\Infrastructure\Routing\ClosureRequestHandler))
#5 /var/www/html/app/Application.php(130): App\Infrastructure\Routing\RouteDispatcher->dispatch(Object(App\Infrastructure\Http\ServerRequest))
#6 /var/www/html/app/Application.php(49): App\Application->handleRequest(Object(App\Infrastructure\Http\ServerRequest))
#7 /var/www/html/tests/Integration/Statistics/StatisticsApiIntegrationTest.php(91): App\Application->run(Object(App\Infrastructure\Http\ServerRequest))
#8 /var/www/html/tests/Integration/Statistics/StatisticsApiIntegrationTest.php(247): Tests\Integration\Statistics\StatisticsApiIntegrationTest->makeRequest('GET', '/api/statistics...', NULL, Array)
#9 /var/www/html/vendor/phpunit/phpunit/src/Framework/TestCase.php(1656): Tests\Integration\Statistics\StatisticsApiIntegrationTest->testInvalidJwtToken()
#10 /var/www/html/vendor/phpunit/phpunit/src/Framework/TestCase.php(514): PHPUnit\Framework\TestCase->runTest()
#11 /var/www/html/vendor/phpunit/phpunit/src/Framework/TestRunner/TestRunner.php(87): PHPUnit\Framework\TestCase->runBare()
#12 /var/www/html/vendor/phpunit/phpunit/src/Framework/TestCase.php(361): PHPUnit\Framework\TestRunner->run(Object(Tests\Integration\Statistics\StatisticsApiIntegrationTest))
#13 /var/www/html/vendor/phpunit/phpunit/src/Framework/TestSuite.php(369): PHPUnit\Framework\TestCase->run()
#14 /var/www/html/vendor/phpunit/phpunit/src/Framework/TestSuite.php(369): PHPUnit\Framework\TestSuite->run()
#15 /var/www/html/vendor/phpunit/phpunit/src/Framework/TestSuite.php(369): PHPUnit\Framework\TestSuite->run()
#16 /var/www/html/vendor/phpunit/phpunit/src/TextUI/TestRunner.php(64): PHPUnit\Framework\TestSuite->run()
#17 /var/www/html/vendor/phpunit/phpunit/src/TextUI/Application.php(211): PHPUnit\TextUI\TestRunner->run(Object(PHPUnit\TextUI\Configuration\Configuration), Object(PHPUnit\Runner\ResultCache\DefaultResultCache), Object(PHPUnit\Framework\TestSuite))
#18 /var/www/html/vendor/phpunit/phpunit/phpunit(104): PHPUnit\TextUI\Application->run(Array)
#19 /var/www/html/vendor/bin/phpunit(122): include('/var/www/html/v...')
#20 {main}
.[JWT] 開始驗證 Token...
[JWT] Token 前 50 字元: eyJ0eXAiOiJKV1QiLCJhbGciOiJIUzI1NiJ9.eyJzdWIiOjEsI...
[JWT] 公鑰長度: 450 bytes
[JWT] Token 格式無效: Incorrect key for this algorithm
[JWT] Token 無效: Token 格式無效: Incorrect key for this algorithm
[JWT] 異常類型: App\Domains\Auth\Exceptions\InvalidTokenException
[JWT] 堆疊追蹤: #0 /var/www/html/app/Domains/Auth/Services/JwtTokenService.php(122): App\Infrastructure\Auth\Jwt\FirebaseJwtProvider->validateToken('eyJ0eXAiOiJKV1Q...', 'access')
#1 /var/www/html/app/Application/Middleware/JwtAuthenticationMiddleware.php(97): App\Domains\Auth\Services\JwtTokenService->validateAccessToken('eyJ0eXAiOiJKV1Q...')
#2 /var/www/html/app/Infrastructure/Routing/Middleware/MiddlewareDispatcher.php(63): App\Application\Middleware\JwtAuthenticationMiddleware->process(Object(App\Infrastructure\Http\ServerRequest), Object(App\Infrastructure\Routing\ClosureRequestHandler))
#3 /var/www/html/app/Infrastructure/Routing/Middleware/MiddlewareDispatcher.php(27): App\Infrastructure\Routing\Contracts\RequestHandlerInterface@anonymous->handle(Object(App\Infrastructure\Http\ServerRequest))
#4 /var/www/html/app/Infrastructure/Routing/RouteDispatcher.php(75): App\Infrastructure\Routing\Middleware\MiddlewareDispatcher->dispatch(Object(App\Infrastructure\Http\ServerRequest), Array, Object(App\Infrastructure\Routing\ClosureRequestHandler))
#5 /var/www/html/app/Application.php(130): App\Infrastructure\Routing\RouteDispatcher->dispatch(Object(App\Infrastructure\Http\ServerRequest))
#6 /var/www/html/app/Application.php(49): App\Application->handleRequest(Object(App\Infrastructure\Http\ServerRequest))
#7 /var/www/html/tests/Integration/Statistics/StatisticsApiIntegrationTest.php(91): App\Application->run(Object(App\Infrastructure\Http\ServerRequest))
#8 /var/www/html/tests/Integration/Statistics/StatisticsApiIntegrationTest.php(124): Tests\Integration\Statistics\StatisticsApiIntegrationTest->makeRequest('GET', '/api/statistics...', NULL, Array)
#9 /var/www/html/tests/Integration/Statistics/StatisticsApiIntegrationTest.php(259): Tests\Integration\Statistics\StatisticsApiIntegrationTest->makeAuthenticatedRequest('GET', '/api/statistics...')
#10 /var/www/html/vendor/phpunit/phpunit/src/Framework/TestCase.php(1656): Tests\Integration\Statistics\StatisticsApiIntegrationTest->testInvalidDateFormat()
#11 /var/www/html/vendor/phpunit/phpunit/src/Framework/TestCase.php(514): PHPUnit\Framework\TestCase->runTest()
#12 /var/www/html/vendor/phpunit/phpunit/src/Framework/TestRunner/TestRunner.php(87): PHPUnit\Framework\TestCase->runBare()
#13 /var/www/html/vendor/phpunit/phpunit/src/Framework/TestCase.php(361): PHPUnit\Framework\TestRunner->run(Object(Tests\Integration\Statistics\StatisticsApiIntegrationTest))
#14 /var/www/html/vendor/phpunit/phpunit/src/Framework/TestSuite.php(369): PHPUnit\Framework\TestCase->run()
#15 /var/www/html/vendor/phpunit/phpunit/src/Framework/TestSuite.php(369): PHPUnit\Framework\TestSuite->run()
#16 /var/www/html/vendor/phpunit/phpunit/src/Framework/TestSuite.php(369): PHPUnit\Framework\TestSuite->run()
#17 /var/www/html/vendor/phpunit/phpunit/src/TextUI/TestRunner.php(64): PHPUnit\Framework\TestSuite->run()
#18 /var/www/html/vendor/phpunit/phpunit/src/TextUI/Application.php(211): PHPUnit\TextUI\TestRunner->run(Object(PHPUnit\TextUI\Configuration\Configuration), Object(PHPUnit\Runner\ResultCache\DefaultResultCache), Object(PHPUnit\Framework\TestSuite))
#19 /var/www/html/vendor/phpunit/phpunit/phpunit(104): PHPUnit\TextUI\Application->run(Array)
#20 /var/www/html/vendor/bin/phpunit(122): include('/var/www/html/v...')
#21 {main}
S[JWT] 開始驗證 Token...
[JWT] Token 前 50 字元: eyJ0eXAiOiJKV1QiLCJhbGciOiJIUzI1NiJ9.eyJzdWIiOjEsI...
[JWT] 公鑰長度: 450 bytes
[JWT] Token 格式無效: Incorrect key for this algorithm
[JWT] Token 無效: Token 格式無效: Incorrect key for this algorithm
[JWT] 異常類型: App\Domains\Auth\Exceptions\InvalidTokenException
[JWT] 堆疊追蹤: #0 /var/www/html/app/Domains/Auth/Services/JwtTokenService.php(122): App\Infrastructure\Auth\Jwt\FirebaseJwtProvider->validateToken('eyJ0eXAiOiJKV1Q...', 'access')
#1 /var/www/html/app/Application/Middleware/JwtAuthenticationMiddleware.php(97): App\Domains\Auth\Services\JwtTokenService->validateAccessToken('eyJ0eXAiOiJKV1Q...')
#2 /var/www/html/app/Infrastructure/Routing/Middleware/MiddlewareDispatcher.php(63): App\Application\Middleware\JwtAuthenticationMiddleware->process(Object(App\Infrastructure\Http\ServerRequest), Object(App\Infrastructure\Routing\ClosureRequestHandler))
#3 /var/www/html/app/Infrastructure/Routing/Middleware/MiddlewareDispatcher.php(27): App\Infrastructure\Routing\Contracts\RequestHandlerInterface@anonymous->handle(Object(App\Infrastructure\Http\ServerRequest))
#4 /var/www/html/app/Infrastructure/Routing/RouteDispatcher.php(75): App\Infrastructure\Routing\Middleware\MiddlewareDispatcher->dispatch(Object(App\Infrastructure\Http\ServerRequest), Array, Object(App\Infrastructure\Routing\ClosureRequestHandler))
#5 /var/www/html/app/Application.php(130): App\Infrastructure\Routing\RouteDispatcher->dispatch(Object(App\Infrastructure\Http\ServerRequest))
#6 /var/www/html/app/Application.php(49): App\Application->handleRequest(Object(App\Infrastructure\Http\ServerRequest))
#7 /var/www/html/tests/Integration/Statistics/StatisticsApiIntegrationTest.php(91): App\Application->run(Object(App\Infrastructure\Http\ServerRequest))
#8 /var/www/html/tests/Integration/Statistics/StatisticsApiIntegrationTest.php(124): Tests\Integration\Statistics\StatisticsApiIntegrationTest->makeRequest('GET', '/api/statistics...', NULL, Array)
#9 /var/www/html/tests/Integration/Statistics/StatisticsApiIntegrationTest.php(272): Tests\Integration\Statistics\StatisticsApiIntegrationTest->makeAuthenticatedRequest('GET', '/api/statistics...')
#10 /var/www/html/vendor/phpunit/phpunit/src/Framework/TestCase.php(1656): Tests\Integration\Statistics\StatisticsApiIntegrationTest->testDateRangeTooLarge()
#11 /var/www/html/vendor/phpunit/phpunit/src/Framework/TestCase.php(514): PHPUnit\Framework\TestCase->runTest()
#12 /var/www/html/vendor/phpunit/phpunit/src/Framework/TestRunner/TestRunner.php(87): PHPUnit\Framework\TestCase->runBare()
#13 /var/www/html/vendor/phpunit/phpunit/src/Framework/TestCase.php(361): PHPUnit\Framework\TestRunner->run(Object(Tests\Integration\Statistics\StatisticsApiIntegrationTest))
#14 /var/www/html/vendor/phpunit/phpunit/src/Framework/TestSuite.php(369): PHPUnit\Framework\TestCase->run()
#15 /var/www/html/vendor/phpunit/phpunit/src/Framework/TestSuite.php(369): PHPUnit\Framework\TestSuite->run()
#16 /var/www/html/vendor/phpunit/phpunit/src/Framework/TestSuite.php(369): PHPUnit\Framework\TestSuite->run()
#17 /var/www/html/vendor/phpunit/phpunit/src/TextUI/TestRunner.php(64): PHPUnit\Framework\TestSuite->run()
#18 /var/www/html/vendor/phpunit/phpunit/src/TextUI/Application.php(211): PHPUnit\TextUI\TestRunner->run(Object(PHPUnit\TextUI\Configuration\Configuration), Object(PHPUnit\Runner\ResultCache\DefaultResultCache), Object(PHPUnit\Framework\TestSuite))
#19 /var/www/html/vendor/phpunit/phpunit/phpunit(104): PHPUnit\TextUI\Application->run(Array)
#20 /var/www/html/vendor/bin/phpunit(122): include('/var/www/html/v...')
#21 {main}
S[JWT] 開始驗證 Token...
[JWT] Token 前 50 字元: eyJ0eXAiOiJKV1QiLCJhbGciOiJIUzI1NiJ9.eyJzdWIiOjEsI...
[JWT] 公鑰長度: 450 bytes
[JWT] Token 格式無效: Incorrect key for this algorithm
[JWT] Token 無效: Token 格式無效: Incorrect key for this algorithm
[JWT] 異常類型: App\Domains\Auth\Exceptions\InvalidTokenException
[JWT] 堆疊追蹤: #0 /var/www/html/app/Domains/Auth/Services/JwtTokenService.php(122): App\Infrastructure\Auth\Jwt\FirebaseJwtProvider->validateToken('eyJ0eXAiOiJKV1Q...', 'access')
#1 /var/www/html/app/Application/Middleware/JwtAuthenticationMiddleware.php(97): App\Domains\Auth\Services\JwtTokenService->validateAccessToken('eyJ0eXAiOiJKV1Q...')
#2 /var/www/html/app/Infrastructure/Routing/Middleware/MiddlewareDispatcher.php(63): App\Application\Middleware\JwtAuthenticationMiddleware->process(Object(App\Infrastructure\Http\ServerRequest), Object(App\Infrastructure\Routing\ClosureRequestHandler))
#3 /var/www/html/app/Infrastructure/Routing/Middleware/MiddlewareDispatcher.php(27): App\Infrastructure\Routing\Contracts\RequestHandlerInterface@anonymous->handle(Object(App\Infrastructure\Http\ServerRequest))
#4 /var/www/html/app/Infrastructure/Routing/RouteDispatcher.php(75): App\Infrastructure\Routing\Middleware\MiddlewareDispatcher->dispatch(Object(App\Infrastructure\Http\ServerRequest), Array, Object(App\Infrastructure\Routing\ClosureRequestHandler))
#5 /var/www/html/app/Application.php(130): App\Infrastructure\Routing\RouteDispatcher->dispatch(Object(App\Infrastructure\Http\ServerRequest))
#6 /var/www/html/app/Application.php(49): App\Application->handleRequest(Object(App\Infrastructure\Http\ServerRequest))
#7 /var/www/html/tests/Integration/Statistics/StatisticsApiIntegrationTest.php(91): App\Application->run(Object(App\Infrastructure\Http\ServerRequest))
#8 /var/www/html/tests/Integration/Statistics/StatisticsApiIntegrationTest.php(124): Tests\Integration\Statistics\StatisticsApiIntegrationTest->makeRequest('GET', '/api/statistics...', NULL, Array)
#9 /var/www/html/tests/Integration/Statistics/StatisticsApiIntegrationTest.php(289): Tests\Integration\Statistics\StatisticsApiIntegrationTest->makeAuthenticatedRequest('GET', '/api/statistics...')
#10 /var/www/html/vendor/phpunit/phpunit/src/Framework/TestCase.php(1656): Tests\Integration\Statistics\StatisticsApiIntegrationTest->testResponseFormat()
#11 /var/www/html/vendor/phpunit/phpunit/src/Framework/TestCase.php(514): PHPUnit\Framework\TestCase->runTest()
#12 /var/www/html/vendor/phpunit/phpunit/src/Framework/TestRunner/TestRunner.php(87): PHPUnit\Framework\TestCase->runBare()
#13 /var/www/html/vendor/phpunit/phpunit/src/Framework/TestCase.php(361): PHPUnit\Framework\TestRunner->run(Object(Tests\Integration\Statistics\StatisticsApiIntegrationTest))
#14 /var/www/html/vendor/phpunit/phpunit/src/Framework/TestSuite.php(369): PHPUnit\Framework\TestCase->run()
#15 /var/www/html/vendor/phpunit/phpunit/src/Framework/TestSuite.php(369): PHPUnit\Framework\TestSuite->run()
#16 /var/www/html/vendor/phpunit/phpunit/src/Framework/TestSuite.php(369): PHPUnit\Framework\TestSuite->run()
#17 /var/www/html/vendor/phpunit/phpunit/src/TextUI/TestRunner.php(64): PHPUnit\Framework\TestSuite->run()
#18 /var/www/html/vendor/phpunit/phpunit/src/TextUI/Application.php(211): PHPUnit\TextUI\TestRunner->run(Object(PHPUnit\TextUI\Configuration\Configuration), Object(PHPUnit\Runner\ResultCache\DefaultResultCache), Object(PHPUnit\Framework\TestSuite))
#19 /var/www/html/vendor/phpunit/phpunit/phpunit(104): PHPUnit\TextUI\Application->run(Array)
#20 /var/www/html/vendor/bin/phpunit(122): include('/var/www/html/v...')
#21 {main}
S[JWT] 開始驗證 Token...
[JWT] Token 前 50 字元: eyJ0eXAiOiJKV1QiLCJhbGciOiJIUzI1NiJ9.eyJzdWIiOjEsI...
[JWT] 公鑰長度: 450 bytes
[JWT] Token 格式無效: Incorrect key for this algorithm
[JWT] Token 無效: Token 格式無效: Incorrect key for this algorithm
[JWT] 異常類型: App\Domains\Auth\Exceptions\InvalidTokenException
[JWT] 堆疊追蹤: #0 /var/www/html/app/Domains/Auth/Services/JwtTokenService.php(122): App\Infrastructure\Auth\Jwt\FirebaseJwtProvider->validateToken('eyJ0eXAiOiJKV1Q...', 'access')
#1 /var/www/html/app/Application/Middleware/JwtAuthenticationMiddleware.php(97): App\Domains\Auth\Services\JwtTokenService->validateAccessToken('eyJ0eXAiOiJKV1Q...')
#2 /var/www/html/app/Infrastructure/Routing/Middleware/MiddlewareDispatcher.php(63): App\Application\Middleware\JwtAuthenticationMiddleware->process(Object(App\Infrastructure\Http\ServerRequest), Object(App\Infrastructure\Routing\ClosureRequestHandler))
#3 /var/www/html/app/Infrastructure/Routing/Middleware/MiddlewareDispatcher.php(27): App\Infrastructure\Routing\Contracts\RequestHandlerInterface@anonymous->handle(Object(App\Infrastructure\Http\ServerRequest))
#4 /var/www/html/app/Infrastructure/Routing/RouteDispatcher.php(75): App\Infrastructure\Routing\Middleware\MiddlewareDispatcher->dispatch(Object(App\Infrastructure\Http\ServerRequest), Array, Object(App\Infrastructure\Routing\ClosureRequestHandler))
#5 /var/www/html/app/Application.php(130): App\Infrastructure\Routing\RouteDispatcher->dispatch(Object(App\Infrastructure\Http\ServerRequest))
#6 /var/www/html/app/Application.php(49): App\Application->handleRequest(Object(App\Infrastructure\Http\ServerRequest))
#7 /var/www/html/tests/Integration/Statistics/StatisticsApiIntegrationTest.php(91): App\Application->run(Object(App\Infrastructure\Http\ServerRequest))
#8 /var/www/html/tests/Integration/Statistics/StatisticsApiIntegrationTest.php(124): Tests\Integration\Statistics\StatisticsApiIntegrationTest->makeRequest('GET', '/api/statistics...', NULL, Array)
#9 /var/www/html/tests/Integration/Statistics/StatisticsApiIntegrationTest.php(310): Tests\Integration\Statistics\StatisticsApiIntegrationTest->makeAuthenticatedRequest('GET', '/api/statistics...')
#10 /var/www/html/vendor/phpunit/phpunit/src/Framework/TestCase.php(1656): Tests\Integration\Statistics\StatisticsApiIntegrationTest->testContentTypeHeaders()
#11 /var/www/html/vendor/phpunit/phpunit/src/Framework/TestCase.php(514): PHPUnit\Framework\TestCase->runTest()
#12 /var/www/html/vendor/phpunit/phpunit/src/Framework/TestRunner/TestRunner.php(87): PHPUnit\Framework\TestCase->runBare()
#13 /var/www/html/vendor/phpunit/phpunit/src/Framework/TestCase.php(361): PHPUnit\Framework\TestRunner->run(Object(Tests\Integration\Statistics\StatisticsApiIntegrationTest))
#14 /var/www/html/vendor/phpunit/phpunit/src/Framework/TestSuite.php(369): PHPUnit\Framework\TestCase->run()
#15 /var/www/html/vendor/phpunit/phpunit/src/Framework/TestSuite.php(369): PHPUnit\Framework\TestSuite->run()
#16 /var/www/html/vendor/phpunit/phpunit/src/Framework/TestSuite.php(369): PHPUnit\Framework\TestSuite->run()
#17 /var/www/html/vendor/phpunit/phpunit/src/TextUI/TestRunner.php(64): PHPUnit\Framework\TestSuite->run()
#18 /var/www/html/vendor/phpunit/phpunit/src/TextUI/Application.php(211): PHPUnit\TextUI\TestRunner->run(Object(PHPUnit\TextUI\Configuration\Configuration), Object(PHPUnit\Runner\ResultCache\DefaultResultCache), Object(PHPUnit\Framework\TestSuite))
#19 /var/www/html/vendor/phpunit/phpunit/phpunit(104): PHPUnit\TextUI\Application->run(Array)
#20 /var/www/html/vendor/bin/phpunit(122): include('/var/www/html/v...')
#21 {main}
S[JWT] 開始驗證 Token...
[JWT] Token 前 50 字元: eyJ0eXAiOiJKV1QiLCJhbGciOiJIUzI1NiJ9.eyJzdWIiOjEsI...
[JWT] 公鑰長度: 450 bytes
[JWT] Token 格式無效: Incorrect key for this algorithm
[JWT] Token 無效: Token 格式無效: Incorrect key for this algorithm
[JWT] 異常類型: App\Domains\Auth\Exceptions\InvalidTokenException
[JWT] 堆疊追蹤: #0 /var/www/html/app/Domains/Auth/Services/JwtTokenService.php(122): App\Infrastructure\Auth\Jwt\FirebaseJwtProvider->validateToken('eyJ0eXAiOiJKV1Q...', 'access')
#1 /var/www/html/app/Application/Middleware/JwtAuthenticationMiddleware.php(97): App\Domains\Auth\Services\JwtTokenService->validateAccessToken('eyJ0eXAiOiJKV1Q...')
#2 /var/www/html/app/Infrastructure/Routing/Middleware/MiddlewareDispatcher.php(63): App\Application\Middleware\JwtAuthenticationMiddleware->process(Object(App\Infrastructure\Http\ServerRequest), Object(App\Infrastructure\Routing\ClosureRequestHandler))
#3 /var/www/html/app/Infrastructure/Routing/Middleware/MiddlewareDispatcher.php(27): App\Infrastructure\Routing\Contracts\RequestHandlerInterface@anonymous->handle(Object(App\Infrastructure\Http\ServerRequest))
#4 /var/www/html/app/Infrastructure/Routing/RouteDispatcher.php(75): App\Infrastructure\Routing\Middleware\MiddlewareDispatcher->dispatch(Object(App\Infrastructure\Http\ServerRequest), Array, Object(App\Infrastructure\Routing\ClosureRequestHandler))
#5 /var/www/html/app/Application.php(130): App\Infrastructure\Routing\RouteDispatcher->dispatch(Object(App\Infrastructure\Http\ServerRequest))
#6 /var/www/html/app/Application.php(49): App\Application->handleRequest(Object(App\Infrastructure\Http\ServerRequest))
#7 /var/www/html/tests/Integration/Statistics/StatisticsApiIntegrationTest.php(91): App\Application->run(Object(App\Infrastructure\Http\ServerRequest))
#8 /var/www/html/tests/Integration/Statistics/StatisticsApiIntegrationTest.php(124): Tests\Integration\Statistics\StatisticsApiIntegrationTest->makeRequest('GET', '/api/statistics...', NULL, Array)
#9 /var/www/html/tests/Integration/Statistics/StatisticsApiIntegrationTest.php(340): Tests\Integration\Statistics\StatisticsApiIntegrationTest->makeAuthenticatedRequest('GET', '/api/statistics...')
#10 /var/www/html/vendor/phpunit/phpunit/src/Framework/TestCase.php(1656): Tests\Integration\Statistics\StatisticsApiIntegrationTest->testConcurrentRequests()
#11 /var/www/html/vendor/phpunit/phpunit/src/Framework/TestCase.php(514): PHPUnit\Framework\TestCase->runTest()
#12 /var/www/html/vendor/phpunit/phpunit/src/Framework/TestRunner/TestRunner.php(87): PHPUnit\Framework\TestCase->runBare()
#13 /var/www/html/vendor/phpunit/phpunit/src/Framework/TestCase.php(361): PHPUnit\Framework\TestRunner->run(Object(Tests\Integration\Statistics\StatisticsApiIntegrationTest))
#14 /var/www/html/vendor/phpunit/phpunit/src/Framework/TestSuite.php(369): PHPUnit\Framework\TestCase->run()
#15 /var/www/html/vendor/phpunit/phpunit/src/Framework/TestSuite.php(369): PHPUnit\Framework\TestSuite->run()
#16 /var/www/html/vendor/phpunit/phpunit/src/Framework/TestSuite.php(369): PHPUnit\Framework\TestSuite->run()
#17 /var/www/html/vendor/phpunit/phpunit/src/TextUI/TestRunner.php(64): PHPUnit\Framework\TestSuite->run()
#18 /var/www/html/vendor/phpunit/phpunit/src/TextUI/Application.php(211): PHPUnit\TextUI\TestRunner->run(Object(PHPUnit\TextUI\Configuration\Configuration), Object(PHPUnit\Runner\ResultCache\DefaultResultCache), Object(PHPUnit\Framework\TestSuite))
#19 /var/www/html/vendor/phpunit/phpunit/phpunit(104): PHPUnit\TextUI\Application->run(Array)
#20 /var/www/html/vendor/bin/phpunit(122): include('/var/www/html/v...')
#21 {main}
[JWT] 開始驗證 Token...
[JWT] Token 前 50 字元: eyJ0eXAiOiJKV1QiLCJhbGciOiJIUzI1NiJ9.eyJzdWIiOjEsI...
[JWT] 公鑰長度: 450 bytes
[JWT] Token 格式無效: Incorrect key for this algorithm
[JWT] Token 無效: Token 格式無效: Incorrect key for this algorithm
[JWT] 異常類型: App\Domains\Auth\Exceptions\InvalidTokenException
[JWT] 堆疊追蹤: #0 /var/www/html/app/Domains/Auth/Services/JwtTokenService.php(122): App\Infrastructure\Auth\Jwt\FirebaseJwtProvider->validateToken('eyJ0eXAiOiJKV1Q...', 'access')
#1 /var/www/html/app/Application/Middleware/JwtAuthenticationMiddleware.php(97): App\Domains\Auth\Services\JwtTokenService->validateAccessToken('eyJ0eXAiOiJKV1Q...')
#2 /var/www/html/app/Infrastructure/Routing/Middleware/MiddlewareDispatcher.php(63): App\Application\Middleware\JwtAuthenticationMiddleware->process(Object(App\Infrastructure\Http\ServerRequest), Object(App\Infrastructure\Routing\ClosureRequestHandler))
#3 /var/www/html/app/Infrastructure/Routing/Middleware/MiddlewareDispatcher.php(27): App\Infrastructure\Routing\Contracts\RequestHandlerInterface@anonymous->handle(Object(App\Infrastructure\Http\ServerRequest))
#4 /var/www/html/app/Infrastructure/Routing/RouteDispatcher.php(75): App\Infrastructure\Routing\Middleware\MiddlewareDispatcher->dispatch(Object(App\Infrastructure\Http\ServerRequest), Array, Object(App\Infrastructure\Routing\ClosureRequestHandler))
#5 /var/www/html/app/Application.php(130): App\Infrastructure\Routing\RouteDispatcher->dispatch(Object(App\Infrastructure\Http\ServerRequest))
#6 /var/www/html/app/Application.php(49): App\Application->handleRequest(Object(App\Infrastructure\Http\ServerRequest))
#7 /var/www/html/tests/Integration/Statistics/StatisticsApiIntegrationTest.php(91): App\Application->run(Object(App\Infrastructure\Http\ServerRequest))
#8 /var/www/html/tests/Integration/Statistics/StatisticsApiIntegrationTest.php(124): Tests\Integration\Statistics\StatisticsApiIntegrationTest->makeRequest('GET', '/api/statistics...', NULL, Array)
#9 /var/www/html/tests/Integration/Statistics/StatisticsApiIntegrationTest.php(340): Tests\Integration\Statistics\StatisticsApiIntegrationTest->makeAuthenticatedRequest('GET', '/api/statistics...')
#10 /var/www/html/vendor/phpunit/phpunit/src/Framework/TestCase.php(1656): Tests\Integration\Statistics\StatisticsApiIntegrationTest->testConcurrentRequests()
#11 /var/www/html/vendor/phpunit/phpunit/src/Framework/TestCase.php(514): PHPUnit\Framework\TestCase->runTest()
#12 /var/www/html/vendor/phpunit/phpunit/src/Framework/TestRunner/TestRunner.php(87): PHPUnit\Framework\TestCase->runBare()
#13 /var/www/html/vendor/phpunit/phpunit/src/Framework/TestCase.php(361): PHPUnit\Framework\TestRunner->run(Object(Tests\Integration\Statistics\StatisticsApiIntegrationTest))
#14 /var/www/html/vendor/phpunit/phpunit/src/Framework/TestSuite.php(369): PHPUnit\Framework\TestCase->run()
#15 /var/www/html/vendor/phpunit/phpunit/src/Framework/TestSuite.php(369): PHPUnit\Framework\TestSuite->run()
#16 /var/www/html/vendor/phpunit/phpunit/src/Framework/TestSuite.php(369): PHPUnit\Framework\TestSuite->run()
#17 /var/www/html/vendor/phpunit/phpunit/src/TextUI/TestRunner.php(64): PHPUnit\Framework\TestSuite->run()
#18 /var/www/html/vendor/phpunit/phpunit/src/TextUI/Application.php(211): PHPUnit\TextUI\TestRunner->run(Object(PHPUnit\TextUI\Configuration\Configuration), Object(PHPUnit\Runner\ResultCache\DefaultResultCache), Object(PHPUnit\Framework\TestSuite))
#19 /var/www/html/vendor/phpunit/phpunit/phpunit(104): PHPUnit\TextUI\Application->run(Array)
#20 /var/www/html/vendor/bin/phpunit(122): include('/var/www/html/v...')
#21 {main}
[JWT] 開始驗證 Token...
[JWT] Token 前 50 字元: eyJ0eXAiOiJKV1QiLCJhbGciOiJIUzI1NiJ9.eyJzdWIiOjEsI...
[JWT] 公鑰長度: 450 bytes
[JWT] Token 格式無效: Incorrect key for this algorithm
[JWT] Token 無效: Token 格式無效: Incorrect key for this algorithm
[JWT] 異常類型: App\Domains\Auth\Exceptions\InvalidTokenException
[JWT] 堆疊追蹤: #0 /var/www/html/app/Domains/Auth/Services/JwtTokenService.php(122): App\Infrastructure\Auth\Jwt\FirebaseJwtProvider->validateToken('eyJ0eXAiOiJKV1Q...', 'access')
#1 /var/www/html/app/Application/Middleware/JwtAuthenticationMiddleware.php(97): App\Domains\Auth\Services\JwtTokenService->validateAccessToken('eyJ0eXAiOiJKV1Q...')
#2 /var/www/html/app/Infrastructure/Routing/Middleware/MiddlewareDispatcher.php(63): App\Application\Middleware\JwtAuthenticationMiddleware->process(Object(App\Infrastructure\Http\ServerRequest), Object(App\Infrastructure\Routing\ClosureRequestHandler))
#3 /var/www/html/app/Infrastructure/Routing/Middleware/MiddlewareDispatcher.php(27): App\Infrastructure\Routing\Contracts\RequestHandlerInterface@anonymous->handle(Object(App\Infrastructure\Http\ServerRequest))
#4 /var/www/html/app/Infrastructure/Routing/RouteDispatcher.php(75): App\Infrastructure\Routing\Middleware\MiddlewareDispatcher->dispatch(Object(App\Infrastructure\Http\ServerRequest), Array, Object(App\Infrastructure\Routing\ClosureRequestHandler))
#5 /var/www/html/app/Application.php(130): App\Infrastructure\Routing\RouteDispatcher->dispatch(Object(App\Infrastructure\Http\ServerRequest))
#6 /var/www/html/app/Application.php(49): App\Application->handleRequest(Object(App\Infrastructure\Http\ServerRequest))
#7 /var/www/html/tests/Integration/Statistics/StatisticsApiIntegrationTest.php(91): App\Application->run(Object(App\Infrastructure\Http\ServerRequest))
#8 /var/www/html/tests/Integration/Statistics/StatisticsApiIntegrationTest.php(124): Tests\Integration\Statistics\StatisticsApiIntegrationTest->makeRequest('GET', '/api/statistics...', NULL, Array)
#9 /var/www/html/tests/Integration/Statistics/StatisticsApiIntegrationTest.php(340): Tests\Integration\Statistics\StatisticsApiIntegrationTest->makeAuthenticatedRequest('GET', '/api/statistics...')
#10 /var/www/html/vendor/phpunit/phpunit/src/Framework/TestCase.php(1656): Tests\Integration\Statistics\StatisticsApiIntegrationTest->testConcurrentRequests()
#11 /var/www/html/vendor/phpunit/phpunit/src/Framework/TestCase.php(514): PHPUnit\Framework\TestCase->runTest()
#12 /var/www/html/vendor/phpunit/phpunit/src/Framework/TestRunner/TestRunner.php(87): PHPUnit\Framework\TestCase->runBare()
#13 /var/www/html/vendor/phpunit/phpunit/src/Framework/TestCase.php(361): PHPUnit\Framework\TestRunner->run(Object(Tests\Integration\Statistics\StatisticsApiIntegrationTest))
#14 /var/www/html/vendor/phpunit/phpunit/src/Framework/TestSuite.php(369): PHPUnit\Framework\TestCase->run()
#15 /var/www/html/vendor/phpunit/phpunit/src/Framework/TestSuite.php(369): PHPUnit\Framework\TestSuite->run()
#16 /var/www/html/vendor/phpunit/phpunit/src/Framework/TestSuite.php(369): PHPUnit\Framework\TestSuite->run()
#17 /var/www/html/vendor/phpunit/phpunit/src/TextUI/TestRunner.php(64): PHPUnit\Framework\TestSuite->run()
#18 /var/www/html/vendor/phpunit/phpunit/src/TextUI/Application.php(211): PHPUnit\TextUI\TestRunner->run(Object(PHPUnit\TextUI\Configuration\Configuration), Object(PHPUnit\Runner\ResultCache\DefaultResultCache), Object(PHPUnit\Framework\TestSuite))
#19 /var/www/html/vendor/phpunit/phpunit/phpunit(104): PHPUnit\TextUI\Application->run(Array)
#20 /var/www/html/vendor/bin/phpunit(122): include('/var/www/html/v...')
#21 {main}
S[JWT] 開始驗證 Token...
[JWT] Token 前 50 字元: eyJ0eXAiOiJKV1QiLCJhbGciOiJIUzI1NiJ9.eyJzdWIiOjEsI...
[JWT] 公鑰長度: 450 bytes
[JWT] Token 格式無效: Incorrect key for this algorithm
[JWT] Token 無效: Token 格式無效: Incorrect key for this algorithm
[JWT] 異常類型: App\Domains\Auth\Exceptions\InvalidTokenException
[JWT] 堆疊追蹤: #0 /var/www/html/app/Domains/Auth/Services/JwtTokenService.php(122): App\Infrastructure\Auth\Jwt\FirebaseJwtProvider->validateToken('eyJ0eXAiOiJKV1Q...', 'access')
#1 /var/www/html/app/Application/Middleware/JwtAuthenticationMiddleware.php(97): App\Domains\Auth\Services\JwtTokenService->validateAccessToken('eyJ0eXAiOiJKV1Q...')
#2 /var/www/html/app/Infrastructure/Routing/Middleware/MiddlewareDispatcher.php(63): App\Application\Middleware\JwtAuthenticationMiddleware->process(Object(App\Infrastructure\Http\ServerRequest), Object(App\Infrastructure\Routing\ClosureRequestHandler))
#3 /var/www/html/app/Infrastructure/Routing/Middleware/MiddlewareDispatcher.php(27): App\Infrastructure\Routing\Contracts\RequestHandlerInterface@anonymous->handle(Object(App\Infrastructure\Http\ServerRequest))
#4 /var/www/html/app/Infrastructure/Routing/RouteDispatcher.php(75): App\Infrastructure\Routing\Middleware\MiddlewareDispatcher->dispatch(Object(App\Infrastructure\Http\ServerRequest), Array, Object(App\Infrastructure\Routing\ClosureRequestHandler))
#5 /var/www/html/app/Application.php(130): App\Infrastructure\Routing\RouteDispatcher->dispatch(Object(App\Infrastructure\Http\ServerRequest))
#6 /var/www/html/app/Application.php(49): App\Application->handleRequest(Object(App\Infrastructure\Http\ServerRequest))
#7 /var/www/html/tests/Integration/Statistics/StatisticsApiIntegrationTest.php(91): App\Application->run(Object(App\Infrastructure\Http\ServerRequest))
#8 /var/www/html/tests/Integration/Statistics/StatisticsApiIntegrationTest.php(124): Tests\Integration\Statistics\StatisticsApiIntegrationTest->makeRequest('GET', '/api/statistics...', NULL, Array)
#9 /var/www/html/tests/Integration/Statistics/StatisticsApiIntegrationTest.php(360): Tests\Integration\Statistics\StatisticsApiIntegrationTest->makeAuthenticatedRequest('GET', '/api/statistics...')
#10 /var/www/html/vendor/phpunit/phpunit/src/Framework/TestCase.php(1656): Tests\Integration\Statistics\StatisticsApiIntegrationTest->testRateLimitingBehavior()
#11 /var/www/html/vendor/phpunit/phpunit/src/Framework/TestCase.php(514): PHPUnit\Framework\TestCase->runTest()
#12 /var/www/html/vendor/phpunit/phpunit/src/Framework/TestRunner/TestRunner.php(87): PHPUnit\Framework\TestCase->runBare()
#13 /var/www/html/vendor/phpunit/phpunit/src/Framework/TestCase.php(361): PHPUnit\Framework\TestRunner->run(Object(Tests\Integration\Statistics\StatisticsApiIntegrationTest))
#14 /var/www/html/vendor/phpunit/phpunit/src/Framework/TestSuite.php(369): PHPUnit\Framework\TestCase->run()
#15 /var/www/html/vendor/phpunit/phpunit/src/Framework/TestSuite.php(369): PHPUnit\Framework\TestSuite->run()
#16 /var/www/html/vendor/phpunit/phpunit/src/Framework/TestSuite.php(369): PHPUnit\Framework\TestSuite->run()
#17 /var/www/html/vendor/phpunit/phpunit/src/TextUI/TestRunner.php(64): PHPUnit\Framework\TestSuite->run()
#18 /var/www/html/vendor/phpunit/phpunit/src/TextUI/Application.php(211): PHPUnit\TextUI\TestRunner->run(Object(PHPUnit\TextUI\Configuration\Configuration), Object(PHPUnit\Runner\ResultCache\DefaultResultCache), Object(PHPUnit\Framework\TestSuite))
#19 /var/www/html/vendor/phpunit/phpunit/phpunit(104): PHPUnit\TextUI\Application->run(Array)
#20 /var/www/html/vendor/bin/phpunit(122): include('/var/www/html/v...')
#21 {main}
[JWT] 開始驗證 Token...
[JWT] Token 前 50 字元: eyJ0eXAiOiJKV1QiLCJhbGciOiJIUzI1NiJ9.eyJzdWIiOjEsI...
[JWT] 公鑰長度: 450 bytes
[JWT] Token 格式無效: Incorrect key for this algorithm
[JWT] Token 無效: Token 格式無效: Incorrect key for this algorithm
[JWT] 異常類型: App\Domains\Auth\Exceptions\InvalidTokenException
[JWT] 堆疊追蹤: #0 /var/www/html/app/Domains/Auth/Services/JwtTokenService.php(122): App\Infrastructure\Auth\Jwt\FirebaseJwtProvider->validateToken('eyJ0eXAiOiJKV1Q...', 'access')
#1 /var/www/html/app/Application/Middleware/JwtAuthenticationMiddleware.php(97): App\Domains\Auth\Services\JwtTokenService->validateAccessToken('eyJ0eXAiOiJKV1Q...')
#2 /var/www/html/app/Infrastructure/Routing/Middleware/MiddlewareDispatcher.php(63): App\Application\Middleware\JwtAuthenticationMiddleware->process(Object(App\Infrastructure\Http\ServerRequest), Object(App\Infrastructure\Routing\ClosureRequestHandler))
#3 /var/www/html/app/Infrastructure/Routing/Middleware/MiddlewareDispatcher.php(27): App\Infrastructure\Routing\Contracts\RequestHandlerInterface@anonymous->handle(Object(App\Infrastructure\Http\ServerRequest))
#4 /var/www/html/app/Infrastructure/Routing/RouteDispatcher.php(75): App\Infrastructure\Routing\Middleware\MiddlewareDispatcher->dispatch(Object(App\Infrastructure\Http\ServerRequest), Array, Object(App\Infrastructure\Routing\ClosureRequestHandler))
#5 /var/www/html/app/Application.php(130): App\Infrastructure\Routing\RouteDispatcher->dispatch(Object(App\Infrastructure\Http\ServerRequest))
#6 /var/www/html/app/Application.php(49): App\Application->handleRequest(Object(App\Infrastructure\Http\ServerRequest))
#7 /var/www/html/tests/Integration/Statistics/StatisticsApiIntegrationTest.php(91): App\Application->run(Object(App\Infrastructure\Http\ServerRequest))
#8 /var/www/html/tests/Integration/Statistics/StatisticsApiIntegrationTest.php(124): Tests\Integration\Statistics\StatisticsApiIntegrationTest->makeRequest('GET', '/api/statistics...', NULL, Array)
#9 /var/www/html/tests/Integration/Statistics/StatisticsApiIntegrationTest.php(360): Tests\Integration\Statistics\StatisticsApiIntegrationTest->makeAuthenticatedRequest('GET', '/api/statistics...')
#10 /var/www/html/vendor/phpunit/phpunit/src/Framework/TestCase.php(1656): Tests\Integration\Statistics\StatisticsApiIntegrationTest->testRateLimitingBehavior()
#11 /var/www/html/vendor/phpunit/phpunit/src/Framework/TestCase.php(514): PHPUnit\Framework\TestCase->runTest()
#12 /var/www/html/vendor/phpunit/phpunit/src/Framework/TestRunner/TestRunner.php(87): PHPUnit\Framework\TestCase->runBare()
#13 /var/www/html/vendor/phpunit/phpunit/src/Framework/TestCase.php(361): PHPUnit\Framework\TestRunner->run(Object(Tests\Integration\Statistics\StatisticsApiIntegrationTest))
#14 /var/www/html/vendor/phpunit/phpunit/src/Framework/TestSuite.php(369): PHPUnit\Framework\TestCase->run()
#15 /var/www/html/vendor/phpunit/phpunit/src/Framework/TestSuite.php(369): PHPUnit\Framework\TestSuite->run()
#16 /var/www/html/vendor/phpunit/phpunit/src/Framework/TestSuite.php(369): PHPUnit\Framework\TestSuite->run()
#17 /var/www/html/vendor/phpunit/phpunit/src/TextUI/TestRunner.php(64): PHPUnit\Framework\TestSuite->run()
#18 /var/www/html/vendor/phpunit/phpunit/src/TextUI/Application.php(211): PHPUnit\TextUI\TestRunner->run(Object(PHPUnit\TextUI\Configuration\Configuration), Object(PHPUnit\Runner\ResultCache\DefaultResultCache), Object(PHPUnit\Framework\TestSuite))
#19 /var/www/html/vendor/phpunit/phpunit/phpunit(104): PHPUnit\TextUI\Application->run(Array)
#20 /var/www/html/vendor/bin/phpunit(122): include('/var/www/html/v...')
#21 {main}
[JWT] 開始驗證 Token...
[JWT] Token 前 50 字元: eyJ0eXAiOiJKV1QiLCJhbGciOiJIUzI1NiJ9.eyJzdWIiOjEsI...
[JWT] 公鑰長度: 450 bytes
[JWT] Token 格式無效: Incorrect key for this algorithm
[JWT] Token 無效: Token 格式無效: Incorrect key for this algorithm
[JWT] 異常類型: App\Domains\Auth\Exceptions\InvalidTokenException
[JWT] 堆疊追蹤: #0 /var/www/html/app/Domains/Auth/Services/JwtTokenService.php(122): App\Infrastructure\Auth\Jwt\FirebaseJwtProvider->validateToken('eyJ0eXAiOiJKV1Q...', 'access')
#1 /var/www/html/app/Application/Middleware/JwtAuthenticationMiddleware.php(97): App\Domains\Auth\Services\JwtTokenService->validateAccessToken('eyJ0eXAiOiJKV1Q...')
#2 /var/www/html/app/Infrastructure/Routing/Middleware/MiddlewareDispatcher.php(63): App\Application\Middleware\JwtAuthenticationMiddleware->process(Object(App\Infrastructure\Http\ServerRequest), Object(App\Infrastructure\Routing\ClosureRequestHandler))
#3 /var/www/html/app/Infrastructure/Routing/Middleware/MiddlewareDispatcher.php(27): App\Infrastructure\Routing\Contracts\RequestHandlerInterface@anonymous->handle(Object(App\Infrastructure\Http\ServerRequest))
#4 /var/www/html/app/Infrastructure/Routing/RouteDispatcher.php(75): App\Infrastructure\Routing\Middleware\MiddlewareDispatcher->dispatch(Object(App\Infrastructure\Http\ServerRequest), Array, Object(App\Infrastructure\Routing\ClosureRequestHandler))
#5 /var/www/html/app/Application.php(130): App\Infrastructure\Routing\RouteDispatcher->dispatch(Object(App\Infrastructure\Http\ServerRequest))
#6 /var/www/html/app/Application.php(49): App\Application->handleRequest(Object(App\Infrastructure\Http\ServerRequest))
#7 /var/www/html/tests/Integration/Statistics/StatisticsApiIntegrationTest.php(91): App\Application->run(Object(App\Infrastructure\Http\ServerRequest))
#8 /var/www/html/tests/Integration/Statistics/StatisticsApiIntegrationTest.php(124): Tests\Integration\Statistics\StatisticsApiIntegrationTest->makeRequest('GET', '/api/statistics...', NULL, Array)
#9 /var/www/html/tests/Integration/Statistics/StatisticsApiIntegrationTest.php(360): Tests\Integration\Statistics\StatisticsApiIntegrationTest->makeAuthenticatedRequest('GET', '/api/statistics...')
#10 /var/www/html/vendor/phpunit/phpunit/src/Framework/TestCase.php(1656): Tests\Integration\Statistics\StatisticsApiIntegrationTest->testRateLimitingBehavior()
#11 /var/www/html/vendor/phpunit/phpunit/src/Framework/TestCase.php(514): PHPUnit\Framework\TestCase->runTest()
#12 /var/www/html/vendor/phpunit/phpunit/src/Framework/TestRunner/TestRunner.php(87): PHPUnit\Framework\TestCase->runBare()
#13 /var/www/html/vendor/phpunit/phpunit/src/Framework/TestCase.php(361): PHPUnit\Framework\TestRunner->run(Object(Tests\Integration\Statistics\StatisticsApiIntegrationTest))
#14 /var/www/html/vendor/phpunit/phpunit/src/Framework/TestSuite.php(369): PHPUnit\Framework\TestCase->run()
#15 /var/www/html/vendor/phpunit/phpunit/src/Framework/TestSuite.php(369): PHPUnit\Framework\TestSuite->run()
#16 /var/www/html/vendor/phpunit/phpunit/src/Framework/TestSuite.php(369): PHPUnit\Framework\TestSuite->run()
#17 /var/www/html/vendor/phpunit/phpunit/src/TextUI/TestRunner.php(64): PHPUnit\Framework\TestSuite->run()
#18 /var/www/html/vendor/phpunit/phpunit/src/TextUI/Application.php(211): PHPUnit\TextUI\TestRunner->run(Object(PHPUnit\TextUI\Configuration\Configuration), Object(PHPUnit\Runner\ResultCache\DefaultResultCache), Object(PHPUnit\Framework\TestSuite))
#19 /var/www/html/vendor/phpunit/phpunit/phpunit(104): PHPUnit\TextUI\Application->run(Array)
#20 /var/www/html/vendor/bin/phpunit(122): include('/var/www/html/v...')
#21 {main}
[JWT] 開始驗證 Token...
[JWT] Token 前 50 字元: eyJ0eXAiOiJKV1QiLCJhbGciOiJIUzI1NiJ9.eyJzdWIiOjEsI...
[JWT] 公鑰長度: 450 bytes
[JWT] Token 格式無效: Incorrect key for this algorithm
[JWT] Token 無效: Token 格式無效: Incorrect key for this algorithm
[JWT] 異常類型: App\Domains\Auth\Exceptions\InvalidTokenException
[JWT] 堆疊追蹤: #0 /var/www/html/app/Domains/Auth/Services/JwtTokenService.php(122): App\Infrastructure\Auth\Jwt\FirebaseJwtProvider->validateToken('eyJ0eXAiOiJKV1Q...', 'access')
#1 /var/www/html/app/Application/Middleware/JwtAuthenticationMiddleware.php(97): App\Domains\Auth\Services\JwtTokenService->validateAccessToken('eyJ0eXAiOiJKV1Q...')
#2 /var/www/html/app/Infrastructure/Routing/Middleware/MiddlewareDispatcher.php(63): App\Application\Middleware\JwtAuthenticationMiddleware->process(Object(App\Infrastructure\Http\ServerRequest), Object(App\Infrastructure\Routing\ClosureRequestHandler))
#3 /var/www/html/app/Infrastructure/Routing/Middleware/MiddlewareDispatcher.php(27): App\Infrastructure\Routing\Contracts\RequestHandlerInterface@anonymous->handle(Object(App\Infrastructure\Http\ServerRequest))
#4 /var/www/html/app/Infrastructure/Routing/RouteDispatcher.php(75): App\Infrastructure\Routing\Middleware\MiddlewareDispatcher->dispatch(Object(App\Infrastructure\Http\ServerRequest), Array, Object(App\Infrastructure\Routing\ClosureRequestHandler))
#5 /var/www/html/app/Application.php(130): App\Infrastructure\Routing\RouteDispatcher->dispatch(Object(App\Infrastructure\Http\ServerRequest))
#6 /var/www/html/app/Application.php(49): App\Application->handleRequest(Object(App\Infrastructure\Http\ServerRequest))
#7 /var/www/html/tests/Integration/Statistics/StatisticsApiIntegrationTest.php(91): App\Application->run(Object(App\Infrastructure\Http\ServerRequest))
#8 /var/www/html/tests/Integration/Statistics/StatisticsApiIntegrationTest.php(124): Tests\Integration\Statistics\StatisticsApiIntegrationTest->makeRequest('GET', '/api/statistics...', NULL, Array)
#9 /var/www/html/tests/Integration/Statistics/StatisticsApiIntegrationTest.php(360): Tests\Integration\Statistics\StatisticsApiIntegrationTest->makeAuthenticatedRequest('GET', '/api/statistics...')
#10 /var/www/html/vendor/phpunit/phpunit/src/Framework/TestCase.php(1656): Tests\Integration\Statistics\StatisticsApiIntegrationTest->testRateLimitingBehavior()
#11 /var/www/html/vendor/phpunit/phpunit/src/Framework/TestCase.php(514): PHPUnit\Framework\TestCase->runTest()
#12 /var/www/html/vendor/phpunit/phpunit/src/Framework/TestRunner/TestRunner.php(87): PHPUnit\Framework\TestCase->runBare()
#13 /var/www/html/vendor/phpunit/phpunit/src/Framework/TestCase.php(361): PHPUnit\Framework\TestRunner->run(Object(Tests\Integration\Statistics\StatisticsApiIntegrationTest))
#14 /var/www/html/vendor/phpunit/phpunit/src/Framework/TestSuite.php(369): PHPUnit\Framework\TestCase->run()
#15 /var/www/html/vendor/phpunit/phpunit/src/Framework/TestSuite.php(369): PHPUnit\Framework\TestSuite->run()
#16 /var/www/html/vendor/phpunit/phpunit/src/Framework/TestSuite.php(369): PHPUnit\Framework\TestSuite->run()
#17 /var/www/html/vendor/phpunit/phpunit/src/TextUI/TestRunner.php(64): PHPUnit\Framework\TestSuite->run()
#18 /var/www/html/vendor/phpunit/phpunit/src/TextUI/Application.php(211): PHPUnit\TextUI\TestRunner->run(Object(PHPUnit\TextUI\Configuration\Configuration), Object(PHPUnit\Runner\ResultCache\DefaultResultCache), Object(PHPUnit\Framework\TestSuite))
#19 /var/www/html/vendor/phpunit/phpunit/phpunit(104): PHPUnit\TextUI\Application->run(Array)
#20 /var/www/html/vendor/bin/phpunit(122): include('/var/www/html/v...')
#21 {main}
[JWT] 開始驗證 Token...
[JWT] Token 前 50 字元: eyJ0eXAiOiJKV1QiLCJhbGciOiJIUzI1NiJ9.eyJzdWIiOjEsI...
[JWT] 公鑰長度: 450 bytes
[JWT] Token 格式無效: Incorrect key for this algorithm
[JWT] Token 無效: Token 格式無效: Incorrect key for this algorithm
[JWT] 異常類型: App\Domains\Auth\Exceptions\InvalidTokenException
[JWT] 堆疊追蹤: #0 /var/www/html/app/Domains/Auth/Services/JwtTokenService.php(122): App\Infrastructure\Auth\Jwt\FirebaseJwtProvider->validateToken('eyJ0eXAiOiJKV1Q...', 'access')
#1 /var/www/html/app/Application/Middleware/JwtAuthenticationMiddleware.php(97): App\Domains\Auth\Services\JwtTokenService->validateAccessToken('eyJ0eXAiOiJKV1Q...')
#2 /var/www/html/app/Infrastructure/Routing/Middleware/MiddlewareDispatcher.php(63): App\Application\Middleware\JwtAuthenticationMiddleware->process(Object(App\Infrastructure\Http\ServerRequest), Object(App\Infrastructure\Routing\ClosureRequestHandler))
#3 /var/www/html/app/Infrastructure/Routing/Middleware/MiddlewareDispatcher.php(27): App\Infrastructure\Routing\Contracts\RequestHandlerInterface@anonymous->handle(Object(App\Infrastructure\Http\ServerRequest))
#4 /var/www/html/app/Infrastructure/Routing/RouteDispatcher.php(75): App\Infrastructure\Routing\Middleware\MiddlewareDispatcher->dispatch(Object(App\Infrastructure\Http\ServerRequest), Array, Object(App\Infrastructure\Routing\ClosureRequestHandler))
#5 /var/www/html/app/Application.php(130): App\Infrastructure\Routing\RouteDispatcher->dispatch(Object(App\Infrastructure\Http\ServerRequest))
#6 /var/www/html/app/Application.php(49): App\Application->handleRequest(Object(App\Infrastructure\Http\ServerRequest))
#7 /var/www/html/tests/Integration/Statistics/StatisticsApiIntegrationTest.php(91): App\Application->run(Object(App\Infrastructure\Http\ServerRequest))
#8 /var/www/html/tests/Integration/Statistics/StatisticsApiIntegrationTest.php(124): Tests\Integration\Statistics\StatisticsApiIntegrationTest->makeRequest('GET', '/api/statistics...', NULL, Array)
#9 /var/www/html/tests/Integration/Statistics/StatisticsApiIntegrationTest.php(360): Tests\Integration\Statistics\StatisticsApiIntegrationTest->makeAuthenticatedRequest('GET', '/api/statistics...')
#10 /var/www/html/vendor/phpunit/phpunit/src/Framework/TestCase.php(1656): Tests\Integration\Statistics\StatisticsApiIntegrationTest->testRateLimitingBehavior()
#11 /var/www/html/vendor/phpunit/phpunit/src/Framework/TestCase.php(514): PHPUnit\Framework\TestCase->runTest()
#12 /var/www/html/vendor/phpunit/phpunit/src/Framework/TestRunner/TestRunner.php(87): PHPUnit\Framework\TestCase->runBare()
#13 /var/www/html/vendor/phpunit/phpunit/src/Framework/TestCase.php(361): PHPUnit\Framework\TestRunner->run(Object(Tests\Integration\Statistics\StatisticsApiIntegrationTest))
#14 /var/www/html/vendor/phpunit/phpunit/src/Framework/TestSuite.php(369): PHPUnit\Framework\TestCase->run()
#15 /var/www/html/vendor/phpunit/phpunit/src/Framework/TestSuite.php(369): PHPUnit\Framework\TestSuite->run()
#16 /var/www/html/vendor/phpunit/phpunit/src/Framework/TestSuite.php(369): PHPUnit\Framework\TestSuite->run()
#17 /var/www/html/vendor/phpunit/phpunit/src/TextUI/TestRunner.php(64): PHPUnit\Framework\TestSuite->run()
#18 /var/www/html/vendor/phpunit/phpunit/src/TextUI/Application.php(211): PHPUnit\TextUI\TestRunner->run(Object(PHPUnit\TextUI\Configuration\Configuration), Object(PHPUnit\Runner\ResultCache\DefaultResultCache), Object(PHPUnit\Framework\TestSuite))
#19 /var/www/html/vendor/phpunit/phpunit/phpunit(104): PHPUnit\TextUI\Application->run(Array)
#20 /var/www/html/vendor/bin/phpunit(122): include('/var/www/html/v...')
#21 {main}
[JWT] 開始驗證 Token...
[JWT] Token 前 50 字元: eyJ0eXAiOiJKV1QiLCJhbGciOiJIUzI1NiJ9.eyJzdWIiOjEsI...
[JWT] 公鑰長度: 450 bytes
[JWT] Token 格式無效: Incorrect key for this algorithm
[JWT] Token 無效: Token 格式無效: Incorrect key for this algorithm
[JWT] 異常類型: App\Domains\Auth\Exceptions\InvalidTokenException
[JWT] 堆疊追蹤: #0 /var/www/html/app/Domains/Auth/Services/JwtTokenService.php(122): App\Infrastructure\Auth\Jwt\FirebaseJwtProvider->validateToken('eyJ0eXAiOiJKV1Q...', 'access')
#1 /var/www/html/app/Application/Middleware/JwtAuthenticationMiddleware.php(97): App\Domains\Auth\Services\JwtTokenService->validateAccessToken('eyJ0eXAiOiJKV1Q...')
#2 /var/www/html/app/Infrastructure/Routing/Middleware/MiddlewareDispatcher.php(63): App\Application\Middleware\JwtAuthenticationMiddleware->process(Object(App\Infrastructure\Http\ServerRequest), Object(App\Infrastructure\Routing\ClosureRequestHandler))
#3 /var/www/html/app/Infrastructure/Routing/Middleware/MiddlewareDispatcher.php(27): App\Infrastructure\Routing\Contracts\RequestHandlerInterface@anonymous->handle(Object(App\Infrastructure\Http\ServerRequest))
#4 /var/www/html/app/Infrastructure/Routing/RouteDispatcher.php(75): App\Infrastructure\Routing\Middleware\MiddlewareDispatcher->dispatch(Object(App\Infrastructure\Http\ServerRequest), Array, Object(App\Infrastructure\Routing\ClosureRequestHandler))
#5 /var/www/html/app/Application.php(130): App\Infrastructure\Routing\RouteDispatcher->dispatch(Object(App\Infrastructure\Http\ServerRequest))
#6 /var/www/html/app/Application.php(49): App\Application->handleRequest(Object(App\Infrastructure\Http\ServerRequest))
#7 /var/www/html/tests/Integration/Statistics/StatisticsApiIntegrationTest.php(91): App\Application->run(Object(App\Infrastructure\Http\ServerRequest))
#8 /var/www/html/tests/Integration/Statistics/StatisticsApiIntegrationTest.php(124): Tests\Integration\Statistics\StatisticsApiIntegrationTest->makeRequest('GET', '/api/statistics...', NULL, Array)
#9 /var/www/html/tests/Integration/Statistics/StatisticsApiIntegrationTest.php(360): Tests\Integration\Statistics\StatisticsApiIntegrationTest->makeAuthenticatedRequest('GET', '/api/statistics...')
#10 /var/www/html/vendor/phpunit/phpunit/src/Framework/TestCase.php(1656): Tests\Integration\Statistics\StatisticsApiIntegrationTest->testRateLimitingBehavior()
#11 /var/www/html/vendor/phpunit/phpunit/src/Framework/TestCase.php(514): PHPUnit\Framework\TestCase->runTest()
#12 /var/www/html/vendor/phpunit/phpunit/src/Framework/TestRunner/TestRunner.php(87): PHPUnit\Framework\TestCase->runBare()
#13 /var/www/html/vendor/phpunit/phpunit/src/Framework/TestCase.php(361): PHPUnit\Framework\TestRunner->run(Object(Tests\Integration\Statistics\StatisticsApiIntegrationTest))
#14 /var/www/html/vendor/phpunit/phpunit/src/Framework/TestSuite.php(369): PHPUnit\Framework\TestCase->run()
#15 /var/www/html/vendor/phpunit/phpunit/src/Framework/TestSuite.php(369): PHPUnit\Framework\TestSuite->run()
#16 /var/www/html/vendor/phpunit/phpunit/src/Framework/TestSuite.php(369): PHPUnit\Framework\TestSuite->run()
#17 /var/www/html/vendor/phpunit/phpunit/src/TextUI/TestRunner.php(64): PHPUnit\Framework\TestSuite->run()
#18 /var/www/html/vendor/phpunit/phpunit/src/TextUI/Application.php(211): PHPUnit\TextUI\TestRunner->run(Object(PHPUnit\TextUI\Configuration\Configuration), Object(PHPUnit\Runner\ResultCache\DefaultResultCache), Object(PHPUnit\Framework\TestSuite))
#19 /var/www/html/vendor/phpunit/phpunit/phpunit(104): PHPUnit\TextUI\Application->run(Array)
#20 /var/www/html/vendor/bin/phpunit(122): include('/var/www/html/v...')
#21 {main}
[JWT] 開始驗證 Token...
[JWT] Token 前 50 字元: eyJ0eXAiOiJKV1QiLCJhbGciOiJIUzI1NiJ9.eyJzdWIiOjEsI...
[JWT] 公鑰長度: 450 bytes
[JWT] Token 格式無效: Incorrect key for this algorithm
[JWT] Token 無效: Token 格式無效: Incorrect key for this algorithm
[JWT] 異常類型: App\Domains\Auth\Exceptions\InvalidTokenException
[JWT] 堆疊追蹤: #0 /var/www/html/app/Domains/Auth/Services/JwtTokenService.php(122): App\Infrastructure\Auth\Jwt\FirebaseJwtProvider->validateToken('eyJ0eXAiOiJKV1Q...', 'access')
#1 /var/www/html/app/Application/Middleware/JwtAuthenticationMiddleware.php(97): App\Domains\Auth\Services\JwtTokenService->validateAccessToken('eyJ0eXAiOiJKV1Q...')
#2 /var/www/html/app/Infrastructure/Routing/Middleware/MiddlewareDispatcher.php(63): App\Application\Middleware\JwtAuthenticationMiddleware->process(Object(App\Infrastructure\Http\ServerRequest), Object(App\Infrastructure\Routing\ClosureRequestHandler))
#3 /var/www/html/app/Infrastructure/Routing/Middleware/MiddlewareDispatcher.php(27): App\Infrastructure\Routing\Contracts\RequestHandlerInterface@anonymous->handle(Object(App\Infrastructure\Http\ServerRequest))
#4 /var/www/html/app/Infrastructure/Routing/RouteDispatcher.php(75): App\Infrastructure\Routing\Middleware\MiddlewareDispatcher->dispatch(Object(App\Infrastructure\Http\ServerRequest), Array, Object(App\Infrastructure\Routing\ClosureRequestHandler))
#5 /var/www/html/app/Application.php(130): App\Infrastructure\Routing\RouteDispatcher->dispatch(Object(App\Infrastructure\Http\ServerRequest))
#6 /var/www/html/app/Application.php(49): App\Application->handleRequest(Object(App\Infrastructure\Http\ServerRequest))
#7 /var/www/html/tests/Integration/Statistics/StatisticsApiIntegrationTest.php(91): App\Application->run(Object(App\Infrastructure\Http\ServerRequest))
#8 /var/www/html/tests/Integration/Statistics/StatisticsApiIntegrationTest.php(124): Tests\Integration\Statistics\StatisticsApiIntegrationTest->makeRequest('GET', '/api/statistics...', NULL, Array)
#9 /var/www/html/tests/Integration/Statistics/StatisticsApiIntegrationTest.php(360): Tests\Integration\Statistics\StatisticsApiIntegrationTest->makeAuthenticatedRequest('GET', '/api/statistics...')
#10 /var/www/html/vendor/phpunit/phpunit/src/Framework/TestCase.php(1656): Tests\Integration\Statistics\StatisticsApiIntegrationTest->testRateLimitingBehavior()
#11 /var/www/html/vendor/phpunit/phpunit/src/Framework/TestCase.php(514): PHPUnit\Framework\TestCase->runTest()
#12 /var/www/html/vendor/phpunit/phpunit/src/Framework/TestRunner/TestRunner.php(87): PHPUnit\Framework\TestCase->runBare()
#13 /var/www/html/vendor/phpunit/phpunit/src/Framework/TestCase.php(361): PHPUnit\Framework\TestRunner->run(Object(Tests\Integration\Statistics\StatisticsApiIntegrationTest))
#14 /var/www/html/vendor/phpunit/phpunit/src/Framework/TestSuite.php(369): PHPUnit\Framework\TestCase->run()
#15 /var/www/html/vendor/phpunit/phpunit/src/Framework/TestSuite.php(369): PHPUnit\Framework\TestSuite->run()
#16 /var/www/html/vendor/phpunit/phpunit/src/Framework/TestSuite.php(369): PHPUnit\Framework\TestSuite->run()
#17 /var/www/html/vendor/phpunit/phpunit/src/TextUI/TestRunner.php(64): PHPUnit\Framework\TestSuite->run()
#18 /var/www/html/vendor/phpunit/phpunit/src/TextUI/Application.php(211): PHPUnit\TextUI\TestRunner->run(Object(PHPUnit\TextUI\Configuration\Configuration), Object(PHPUnit\Runner\ResultCache\DefaultResultCache), Object(PHPUnit\Framework\TestSuite))
#19 /var/www/html/vendor/phpunit/phpunit/phpunit(104): PHPUnit\TextUI\Application->run(Array)
#20 /var/www/html/vendor/bin/phpunit(122): include('/var/www/html/v...')
#21 {main}
[JWT] 開始驗證 Token...
[JWT] Token 前 50 字元: eyJ0eXAiOiJKV1QiLCJhbGciOiJIUzI1NiJ9.eyJzdWIiOjEsI...
[JWT] 公鑰長度: 450 bytes
[JWT] Token 格式無效: Incorrect key for this algorithm
[JWT] Token 無效: Token 格式無效: Incorrect key for this algorithm
[JWT] 異常類型: App\Domains\Auth\Exceptions\InvalidTokenException
[JWT] 堆疊追蹤: #0 /var/www/html/app/Domains/Auth/Services/JwtTokenService.php(122): App\Infrastructure\Auth\Jwt\FirebaseJwtProvider->validateToken('eyJ0eXAiOiJKV1Q...', 'access')
#1 /var/www/html/app/Application/Middleware/JwtAuthenticationMiddleware.php(97): App\Domains\Auth\Services\JwtTokenService->validateAccessToken('eyJ0eXAiOiJKV1Q...')
#2 /var/www/html/app/Infrastructure/Routing/Middleware/MiddlewareDispatcher.php(63): App\Application\Middleware\JwtAuthenticationMiddleware->process(Object(App\Infrastructure\Http\ServerRequest), Object(App\Infrastructure\Routing\ClosureRequestHandler))
#3 /var/www/html/app/Infrastructure/Routing/Middleware/MiddlewareDispatcher.php(27): App\Infrastructure\Routing\Contracts\RequestHandlerInterface@anonymous->handle(Object(App\Infrastructure\Http\ServerRequest))
#4 /var/www/html/app/Infrastructure/Routing/RouteDispatcher.php(75): App\Infrastructure\Routing\Middleware\MiddlewareDispatcher->dispatch(Object(App\Infrastructure\Http\ServerRequest), Array, Object(App\Infrastructure\Routing\ClosureRequestHandler))
#5 /var/www/html/app/Application.php(130): App\Infrastructure\Routing\RouteDispatcher->dispatch(Object(App\Infrastructure\Http\ServerRequest))
#6 /var/www/html/app/Application.php(49): App\Application->handleRequest(Object(App\Infrastructure\Http\ServerRequest))
#7 /var/www/html/tests/Integration/Statistics/StatisticsApiIntegrationTest.php(91): App\Application->run(Object(App\Infrastructure\Http\ServerRequest))
#8 /var/www/html/tests/Integration/Statistics/StatisticsApiIntegrationTest.php(124): Tests\Integration\Statistics\StatisticsApiIntegrationTest->makeRequest('GET', '/api/statistics...', NULL, Array)
#9 /var/www/html/tests/Integration/Statistics/StatisticsApiIntegrationTest.php(360): Tests\Integration\Statistics\StatisticsApiIntegrationTest->makeAuthenticatedRequest('GET', '/api/statistics...')
#10 /var/www/html/vendor/phpunit/phpunit/src/Framework/TestCase.php(1656): Tests\Integration\Statistics\StatisticsApiIntegrationTest->testRateLimitingBehavior()
#11 /var/www/html/vendor/phpunit/phpunit/src/Framework/TestCase.php(514): PHPUnit\Framework\TestCase->runTest()
#12 /var/www/html/vendor/phpunit/phpunit/src/Framework/TestRunner/TestRunner.php(87): PHPUnit\Framework\TestCase->runBare()
#13 /var/www/html/vendor/phpunit/phpunit/src/Framework/TestCase.php(361): PHPUnit\Framework\TestRunner->run(Object(Tests\Integration\Statistics\StatisticsApiIntegrationTest))
#14 /var/www/html/vendor/phpunit/phpunit/src/Framework/TestSuite.php(369): PHPUnit\Framework\TestCase->run()
#15 /var/www/html/vendor/phpunit/phpunit/src/Framework/TestSuite.php(369): PHPUnit\Framework\TestSuite->run()
#16 /var/www/html/vendor/phpunit/phpunit/src/Framework/TestSuite.php(369): PHPUnit\Framework\TestSuite->run()
#17 /var/www/html/vendor/phpunit/phpunit/src/TextUI/TestRunner.php(64): PHPUnit\Framework\TestSuite->run()
#18 /var/www/html/vendor/phpunit/phpunit/src/TextUI/Application.php(211): PHPUnit\TextUI\TestRunner->run(Object(PHPUnit\TextUI\Configuration\Configuration), Object(PHPUnit\Runner\ResultCache\DefaultResultCache), Object(PHPUnit\Framework\TestSuite))
#19 /var/www/html/vendor/phpunit/phpunit/phpunit(104): PHPUnit\TextUI\Application->run(Array)
#20 /var/www/html/vendor/bin/phpunit(122): include('/var/www/html/v...')
#21 {main}
[JWT] 開始驗證 Token...
[JWT] Token 前 50 字元: eyJ0eXAiOiJKV1QiLCJhbGciOiJIUzI1NiJ9.eyJzdWIiOjEsI...
[JWT] 公鑰長度: 450 bytes
[JWT] Token 格式無效: Incorrect key for this algorithm
[JWT] Token 無效: Token 格式無效: Incorrect key for this algorithm
[JWT] 異常類型: App\Domains\Auth\Exceptions\InvalidTokenException
[JWT] 堆疊追蹤: #0 /var/www/html/app/Domains/Auth/Services/JwtTokenService.php(122): App\Infrastructure\Auth\Jwt\FirebaseJwtProvider->validateToken('eyJ0eXAiOiJKV1Q...', 'access')
#1 /var/www/html/app/Application/Middleware/JwtAuthenticationMiddleware.php(97): App\Domains\Auth\Services\JwtTokenService->validateAccessToken('eyJ0eXAiOiJKV1Q...')
#2 /var/www/html/app/Infrastructure/Routing/Middleware/MiddlewareDispatcher.php(63): App\Application\Middleware\JwtAuthenticationMiddleware->process(Object(App\Infrastructure\Http\ServerRequest), Object(App\Infrastructure\Routing\ClosureRequestHandler))
#3 /var/www/html/app/Infrastructure/Routing/Middleware/MiddlewareDispatcher.php(27): App\Infrastructure\Routing\Contracts\RequestHandlerInterface@anonymous->handle(Object(App\Infrastructure\Http\ServerRequest))
#4 /var/www/html/app/Infrastructure/Routing/RouteDispatcher.php(75): App\Infrastructure\Routing\Middleware\MiddlewareDispatcher->dispatch(Object(App\Infrastructure\Http\ServerRequest), Array, Object(App\Infrastructure\Routing\ClosureRequestHandler))
#5 /var/www/html/app/Application.php(130): App\Infrastructure\Routing\RouteDispatcher->dispatch(Object(App\Infrastructure\Http\ServerRequest))
#6 /var/www/html/app/Application.php(49): App\Application->handleRequest(Object(App\Infrastructure\Http\ServerRequest))
#7 /var/www/html/tests/Integration/Statistics/StatisticsApiIntegrationTest.php(91): App\Application->run(Object(App\Infrastructure\Http\ServerRequest))
#8 /var/www/html/tests/Integration/Statistics/StatisticsApiIntegrationTest.php(124): Tests\Integration\Statistics\StatisticsApiIntegrationTest->makeRequest('GET', '/api/statistics...', NULL, Array)
#9 /var/www/html/tests/Integration/Statistics/StatisticsApiIntegrationTest.php(360): Tests\Integration\Statistics\StatisticsApiIntegrationTest->makeAuthenticatedRequest('GET', '/api/statistics...')
#10 /var/www/html/vendor/phpunit/phpunit/src/Framework/TestCase.php(1656): Tests\Integration\Statistics\StatisticsApiIntegrationTest->testRateLimitingBehavior()
#11 /var/www/html/vendor/phpunit/phpunit/src/Framework/TestCase.php(514): PHPUnit\Framework\TestCase->runTest()
#12 /var/www/html/vendor/phpunit/phpunit/src/Framework/TestRunner/TestRunner.php(87): PHPUnit\Framework\TestCase->runBare()
#13 /var/www/html/vendor/phpunit/phpunit/src/Framework/TestCase.php(361): PHPUnit\Framework\TestRunner->run(Object(Tests\Integration\Statistics\StatisticsApiIntegrationTest))
#14 /var/www/html/vendor/phpunit/phpunit/src/Framework/TestSuite.php(369): PHPUnit\Framework\TestCase->run()
#15 /var/www/html/vendor/phpunit/phpunit/src/Framework/TestSuite.php(369): PHPUnit\Framework\TestSuite->run()
#16 /var/www/html/vendor/phpunit/phpunit/src/Framework/TestSuite.php(369): PHPUnit\Framework\TestSuite->run()
#17 /var/www/html/vendor/phpunit/phpunit/src/TextUI/TestRunner.php(64): PHPUnit\Framework\TestSuite->run()
#18 /var/www/html/vendor/phpunit/phpunit/src/TextUI/Application.php(211): PHPUnit\TextUI\TestRunner->run(Object(PHPUnit\TextUI\Configuration\Configuration), Object(PHPUnit\Runner\ResultCache\DefaultResultCache), Object(PHPUnit\Framework\TestSuite))
#19 /var/www/html/vendor/phpunit/phpunit/phpunit(104): PHPUnit\TextUI\Application->run(Array)
#20 /var/www/html/vendor/bin/phpunit(122): include('/var/www/html/v...')
#21 {main}
[JWT] 開始驗證 Token...
[JWT] Token 前 50 字元: eyJ0eXAiOiJKV1QiLCJhbGciOiJIUzI1NiJ9.eyJzdWIiOjEsI...
[JWT] 公鑰長度: 450 bytes
[JWT] Token 格式無效: Incorrect key for this algorithm
[JWT] Token 無效: Token 格式無效: Incorrect key for this algorithm
[JWT] 異常類型: App\Domains\Auth\Exceptions\InvalidTokenException
[JWT] 堆疊追蹤: #0 /var/www/html/app/Domains/Auth/Services/JwtTokenService.php(122): App\Infrastructure\Auth\Jwt\FirebaseJwtProvider->validateToken('eyJ0eXAiOiJKV1Q...', 'access')
#1 /var/www/html/app/Application/Middleware/JwtAuthenticationMiddleware.php(97): App\Domains\Auth\Services\JwtTokenService->validateAccessToken('eyJ0eXAiOiJKV1Q...')
#2 /var/www/html/app/Infrastructure/Routing/Middleware/MiddlewareDispatcher.php(63): App\Application\Middleware\JwtAuthenticationMiddleware->process(Object(App\Infrastructure\Http\ServerRequest), Object(App\Infrastructure\Routing\ClosureRequestHandler))
#3 /var/www/html/app/Infrastructure/Routing/Middleware/MiddlewareDispatcher.php(27): App\Infrastructure\Routing\Contracts\RequestHandlerInterface@anonymous->handle(Object(App\Infrastructure\Http\ServerRequest))
#4 /var/www/html/app/Infrastructure/Routing/RouteDispatcher.php(75): App\Infrastructure\Routing\Middleware\MiddlewareDispatcher->dispatch(Object(App\Infrastructure\Http\ServerRequest), Array, Object(App\Infrastructure\Routing\ClosureRequestHandler))
#5 /var/www/html/app/Application.php(130): App\Infrastructure\Routing\RouteDispatcher->dispatch(Object(App\Infrastructure\Http\ServerRequest))
#6 /var/www/html/app/Application.php(49): App\Application->handleRequest(Object(App\Infrastructure\Http\ServerRequest))
#7 /var/www/html/tests/Integration/Statistics/StatisticsApiIntegrationTest.php(91): App\Application->run(Object(App\Infrastructure\Http\ServerRequest))
#8 /var/www/html/tests/Integration/Statistics/StatisticsApiIntegrationTest.php(124): Tests\Integration\Statistics\StatisticsApiIntegrationTest->makeRequest('GET', '/api/statistics...', NULL, Array)
#9 /var/www/html/tests/Integration/Statistics/StatisticsApiIntegrationTest.php(360): Tests\Integration\Statistics\StatisticsApiIntegrationTest->makeAuthenticatedRequest('GET', '/api/statistics...')
#10 /var/www/html/vendor/phpunit/phpunit/src/Framework/TestCase.php(1656): Tests\Integration\Statistics\StatisticsApiIntegrationTest->testRateLimitingBehavior()
#11 /var/www/html/vendor/phpunit/phpunit/src/Framework/TestCase.php(514): PHPUnit\Framework\TestCase->runTest()
#12 /var/www/html/vendor/phpunit/phpunit/src/Framework/TestRunner/TestRunner.php(87): PHPUnit\Framework\TestCase->runBare()
#13 /var/www/html/vendor/phpunit/phpunit/src/Framework/TestCase.php(361): PHPUnit\Framework\TestRunner->run(Object(Tests\Integration\Statistics\StatisticsApiIntegrationTest))
#14 /var/www/html/vendor/phpunit/phpunit/src/Framework/TestSuite.php(369): PHPUnit\Framework\TestCase->run()
#15 /var/www/html/vendor/phpunit/phpunit/src/Framework/TestSuite.php(369): PHPUnit\Framework\TestSuite->run()
#16 /var/www/html/vendor/phpunit/phpunit/src/Framework/TestSuite.php(369): PHPUnit\Framework\TestSuite->run()
#17 /var/www/html/vendor/phpunit/phpunit/src/TextUI/TestRunner.php(64): PHPUnit\Framework\TestSuite->run()
#18 /var/www/html/vendor/phpunit/phpunit/src/TextUI/Application.php(211): PHPUnit\TextUI\TestRunner->run(Object(PHPUnit\TextUI\Configuration\Configuration), Object(PHPUnit\Runner\ResultCache\DefaultResultCache), Object(PHPUnit\Framework\TestSuite))
#19 /var/www/html/vendor/phpunit/phpunit/phpunit(104): PHPUnit\TextUI\Application->run(Array)
#20 /var/www/html/vendor/bin/phpunit(122): include('/var/www/html/v...')
#21 {main}
..... 2135 / 2190 ( 97%)
..................................S.........EE.EEEEE...       2190 / 2190 (100%)

Time: 01:42.479, Memory: 53.00 MB

There were 60 errors:

1) Tests\Unit\Repository\PostRepositoryPerformanceTest::testBulkInsertPerformance
PDOException: SQLSTATE[HY000]: General error: 1 no such table: users

/var/www/html/app/Domains/Post/Repositories/PostRepository.php:222
/var/www/html/tests/Unit/Repository/PostRepositoryPerformanceTest.php:44
/var/www/html/vendor/mockery/mockery/library/Mockery/Expectation.php:901
/var/www/html/vendor/mockery/mockery/library/Mockery/Expectation.php:761
/var/www/html/vendor/mockery/mockery/library/Mockery/ExpectationDirector.php:87
/var/www/html/app/Domains/Post/Repositories/PostRepository.php:220
/var/www/html/app/Domains/Post/Repositories/PostRepository.php:375
/var/www/html/app/Domains/Post/Repositories/PostRepository.php:84
/var/www/html/app/Domains/Post/Repositories/PostRepository.php:350
/var/www/html/tests/Unit/Repository/PostRepositoryPerformanceTest.php:135

2) Tests\Unit\Repository\PostRepositoryPerformanceTest::testPaginationPerformance
PDOException: SQLSTATE[HY000]: General error: 1 no such table: users

/var/www/html/app/Domains/Post/Repositories/PostRepository.php:222
/var/www/html/tests/Unit/Repository/PostRepositoryPerformanceTest.php:44
/var/www/html/vendor/mockery/mockery/library/Mockery/Expectation.php:901
/var/www/html/vendor/mockery/mockery/library/Mockery/Expectation.php:761
/var/www/html/vendor/mockery/mockery/library/Mockery/ExpectationDirector.php:87
/var/www/html/app/Domains/Post/Repositories/PostRepository.php:220
/var/www/html/app/Domains/Post/Repositories/PostRepository.php:375
/var/www/html/app/Domains/Post/Repositories/PostRepository.php:84
/var/www/html/app/Domains/Post/Repositories/PostRepository.php:350
/var/www/html/tests/Unit/Repository/PostRepositoryPerformanceTest.php:156

3) Tests\Unit\Repository\PostRepositoryPerformanceTest::testSearchPerformance
PDOException: SQLSTATE[HY000]: General error: 1 no such table: users

/var/www/html/app/Domains/Post/Repositories/PostRepository.php:222
/var/www/html/tests/Unit/Repository/PostRepositoryPerformanceTest.php:44
/var/www/html/vendor/mockery/mockery/library/Mockery/Expectation.php:901
/var/www/html/vendor/mockery/mockery/library/Mockery/Expectation.php:761
/var/www/html/vendor/mockery/mockery/library/Mockery/ExpectationDirector.php:87
/var/www/html/app/Domains/Post/Repositories/PostRepository.php:220
/var/www/html/app/Domains/Post/Repositories/PostRepository.php:375
/var/www/html/app/Domains/Post/Repositories/PostRepository.php:84
/var/www/html/app/Domains/Post/Repositories/PostRepository.php:350
/var/www/html/tests/Unit/Repository/PostRepositoryPerformanceTest.php:181

4) Tests\Unit\Repository\PostRepositoryTest::testCanCreatePost
PDOException: SQLSTATE[HY000]: General error: 1 no such table: users

/var/www/html/app/Domains/Post/Repositories/PostRepository.php:222
/var/www/html/tests/Unit/Repository/PostRepositoryTest.php:46
/var/www/html/vendor/mockery/mockery/library/Mockery/Expectation.php:901
/var/www/html/vendor/mockery/mockery/library/Mockery/Expectation.php:761
/var/www/html/vendor/mockery/mockery/library/Mockery/ExpectationDirector.php:87
/var/www/html/app/Domains/Post/Repositories/PostRepository.php:220
/var/www/html/app/Domains/Post/Repositories/PostRepository.php:375
/var/www/html/app/Domains/Post/Repositories/PostRepository.php:84
/var/www/html/app/Domains/Post/Repositories/PostRepository.php:350
/var/www/html/tests/Unit/Repository/PostRepositoryTest.php:123

5) Tests\Unit\Repository\PostRepositoryTest::testCanFindPostById
PDOException: SQLSTATE[HY000]: General error: 1 no such table: users

/var/www/html/app/Domains/Post/Repositories/PostRepository.php:222
/var/www/html/tests/Unit/Repository/PostRepositoryTest.php:46
/var/www/html/vendor/mockery/mockery/library/Mockery/Expectation.php:901
/var/www/html/vendor/mockery/mockery/library/Mockery/Expectation.php:761
/var/www/html/vendor/mockery/mockery/library/Mockery/ExpectationDirector.php:87
/var/www/html/app/Domains/Post/Repositories/PostRepository.php:220
/var/www/html/app/Domains/Post/Repositories/PostRepository.php:375
/var/www/html/app/Domains/Post/Repositories/PostRepository.php:84
/var/www/html/app/Domains/Post/Repositories/PostRepository.php:350
/var/www/html/tests/Unit/Repository/PostRepositoryTest.php:136

6) Tests\Unit\Repository\PostRepositoryTest::testCanFindPostByUuid
PDOException: SQLSTATE[HY000]: General error: 1 no such table: users

/var/www/html/app/Domains/Post/Repositories/PostRepository.php:222
/var/www/html/tests/Unit/Repository/PostRepositoryTest.php:46
/var/www/html/vendor/mockery/mockery/library/Mockery/Expectation.php:901
/var/www/html/vendor/mockery/mockery/library/Mockery/Expectation.php:761
/var/www/html/vendor/mockery/mockery/library/Mockery/ExpectationDirector.php:87
/var/www/html/app/Domains/Post/Repositories/PostRepository.php:220
/var/www/html/app/Domains/Post/Repositories/PostRepository.php:375
/var/www/html/app/Domains/Post/Repositories/PostRepository.php:84
/var/www/html/app/Domains/Post/Repositories/PostRepository.php:350
/var/www/html/tests/Unit/Repository/PostRepositoryTest.php:150

7) Tests\Unit\Repository\PostRepositoryTest::testCanUpdatePost
PDOException: SQLSTATE[HY000]: General error: 1 no such table: users

/var/www/html/app/Domains/Post/Repositories/PostRepository.php:222
/var/www/html/tests/Unit/Repository/PostRepositoryTest.php:46
/var/www/html/vendor/mockery/mockery/library/Mockery/Expectation.php:901
/var/www/html/vendor/mockery/mockery/library/Mockery/Expectation.php:761
/var/www/html/vendor/mockery/mockery/library/Mockery/ExpectationDirector.php:87
/var/www/html/app/Domains/Post/Repositories/PostRepository.php:220
/var/www/html/app/Domains/Post/Repositories/PostRepository.php:375
/var/www/html/app/Domains/Post/Repositories/PostRepository.php:84
/var/www/html/app/Domains/Post/Repositories/PostRepository.php:350
/var/www/html/tests/Unit/Repository/PostRepositoryTest.php:164

8) Tests\Unit\Repository\PostRepositoryTest::testCanDeletePost
PDOException: SQLSTATE[HY000]: General error: 1 no such table: users

/var/www/html/app/Domains/Post/Repositories/PostRepository.php:222
/var/www/html/tests/Unit/Repository/PostRepositoryTest.php:46
/var/www/html/vendor/mockery/mockery/library/Mockery/Expectation.php:901
/var/www/html/vendor/mockery/mockery/library/Mockery/Expectation.php:761
/var/www/html/vendor/mockery/mockery/library/Mockery/ExpectationDirector.php:87
/var/www/html/app/Domains/Post/Repositories/PostRepository.php:220
/var/www/html/app/Domains/Post/Repositories/PostRepository.php:375
/var/www/html/app/Domains/Post/Repositories/PostRepository.php:84
/var/www/html/app/Domains/Post/Repositories/PostRepository.php:350
/var/www/html/tests/Unit/Repository/PostRepositoryTest.php:185

9) Tests\Unit\Repository\PostRepositoryTest::testCanPaginatePosts
PDOException: SQLSTATE[HY000]: General error: 1 no such table: users

/var/www/html/app/Domains/Post/Repositories/PostRepository.php:222
/var/www/html/tests/Unit/Repository/PostRepositoryTest.php:46
/var/www/html/vendor/mockery/mockery/library/Mockery/Expectation.php:901
/var/www/html/vendor/mockery/mockery/library/Mockery/Expectation.php:761
/var/www/html/vendor/mockery/mockery/library/Mockery/ExpectationDirector.php:87
/var/www/html/app/Domains/Post/Repositories/PostRepository.php:220
/var/www/html/app/Domains/Post/Repositories/PostRepository.php:375
/var/www/html/app/Domains/Post/Repositories/PostRepository.php:84
/var/www/html/app/Domains/Post/Repositories/PostRepository.php:350
/var/www/html/tests/Unit/Repository/PostRepositoryTest.php:197

10) Tests\Unit\Repository\PostRepositoryTest::testCanGetPinnedPosts
PDOException: SQLSTATE[HY000]: General error: 1 no such table: users

/var/www/html/app/Domains/Post/Repositories/PostRepository.php:222
/var/www/html/tests/Unit/Repository/PostRepositoryTest.php:46
/var/www/html/vendor/mockery/mockery/library/Mockery/Expectation.php:901
/var/www/html/vendor/mockery/mockery/library/Mockery/Expectation.php:761
/var/www/html/vendor/mockery/mockery/library/Mockery/ExpectationDirector.php:87
/var/www/html/app/Domains/Post/Repositories/PostRepository.php:220
/var/www/html/app/Domains/Post/Repositories/PostRepository.php:375
/var/www/html/app/Domains/Post/Repositories/PostRepository.php:84
/var/www/html/app/Domains/Post/Repositories/PostRepository.php:350
/var/www/html/tests/Unit/Repository/PostRepositoryTest.php:215

11) Tests\Unit\Repository\PostRepositoryTest::testCanSetPinnedStatus
PDOException: SQLSTATE[HY000]: General error: 1 no such table: users

/var/www/html/app/Domains/Post/Repositories/PostRepository.php:222
/var/www/html/tests/Unit/Repository/PostRepositoryTest.php:46
/var/www/html/vendor/mockery/mockery/library/Mockery/Expectation.php:901
/var/www/html/vendor/mockery/mockery/library/Mockery/Expectation.php:761
/var/www/html/vendor/mockery/mockery/library/Mockery/ExpectationDirector.php:87
/var/www/html/app/Domains/Post/Repositories/PostRepository.php:220
/var/www/html/app/Domains/Post/Repositories/PostRepository.php:375
/var/www/html/app/Domains/Post/Repositories/PostRepository.php:84
/var/www/html/app/Domains/Post/Repositories/PostRepository.php:350
/var/www/html/tests/Unit/Repository/PostRepositoryTest.php:240

12) Tests\Unit\Repository\PostRepositoryTest::testCanIncrementViews
PDOException: SQLSTATE[HY000]: General error: 1 no such table: users

/var/www/html/app/Domains/Post/Repositories/PostRepository.php:222
/var/www/html/tests/Unit/Repository/PostRepositoryTest.php:46
/var/www/html/vendor/mockery/mockery/library/Mockery/Expectation.php:901
/var/www/html/vendor/mockery/mockery/library/Mockery/Expectation.php:761
/var/www/html/vendor/mockery/mockery/library/Mockery/ExpectationDirector.php:87
/var/www/html/app/Domains/Post/Repositories/PostRepository.php:220
/var/www/html/app/Domains/Post/Repositories/PostRepository.php:375
/var/www/html/app/Domains/Post/Repositories/PostRepository.php:84
/var/www/html/app/Domains/Post/Repositories/PostRepository.php:350
/var/www/html/tests/Unit/Repository/PostRepositoryTest.php:260

13) Tests\Unit\Repository\PostRepositoryTest::testShouldRollbackOnTagAssignmentError
PDOException: SQLSTATE[HY000]: General error: 1 no such table: users

/var/www/html/app/Domains/Post/Repositories/PostRepository.php:222
/var/www/html/tests/Unit/Repository/PostRepositoryTest.php:46
/var/www/html/vendor/mockery/mockery/library/Mockery/Expectation.php:901
/var/www/html/vendor/mockery/mockery/library/Mockery/Expectation.php:761
/var/www/html/vendor/mockery/mockery/library/Mockery/ExpectationDirector.php:87
/var/www/html/app/Domains/Post/Repositories/PostRepository.php:220
/var/www/html/app/Domains/Post/Repositories/PostRepository.php:375
/var/www/html/app/Domains/Post/Repositories/PostRepository.php:84
/var/www/html/app/Domains/Post/Repositories/PostRepository.php:350
/var/www/html/tests/Unit/Repository/PostRepositoryTest.php:276

14) Tests\Unit\Repository\PostRepositoryTest::testShouldCommitOnTagAssignmentSuccess
PDOException: SQLSTATE[HY000]: General error: 1 no such table: users

/var/www/html/app/Domains/Post/Repositories/PostRepository.php:222
/var/www/html/tests/Unit/Repository/PostRepositoryTest.php:46
/var/www/html/vendor/mockery/mockery/library/Mockery/Expectation.php:901
/var/www/html/vendor/mockery/mockery/library/Mockery/Expectation.php:761
/var/www/html/vendor/mockery/mockery/library/Mockery/ExpectationDirector.php:87
/var/www/html/app/Domains/Post/Repositories/PostRepository.php:220
/var/www/html/app/Domains/Post/Repositories/PostRepository.php:375
/var/www/html/app/Domains/Post/Repositories/PostRepository.php:84
/var/www/html/app/Domains/Post/Repositories/PostRepository.php:350
/var/www/html/tests/Unit/Repository/PostRepositoryTest.php:298

15) Tests\Unit\Repository\PostRepositoryTest::testFindByCreationSource
PDOException: SQLSTATE[HY000]: General error: 1 no such table: users

/var/www/html/app/Domains/Post/Repositories/PostRepository.php:222
/var/www/html/tests/Unit/Repository/PostRepositoryTest.php:46
/var/www/html/vendor/mockery/mockery/library/Mockery/Expectation.php:901
/var/www/html/vendor/mockery/mockery/library/Mockery/Expectation.php:761
/var/www/html/vendor/mockery/mockery/library/Mockery/ExpectationDirector.php:87
/var/www/html/app/Domains/Post/Repositories/PostRepository.php:220
/var/www/html/app/Domains/Post/Repositories/PostRepository.php:375
/var/www/html/app/Domains/Post/Repositories/PostRepository.php:84
/var/www/html/app/Domains/Post/Repositories/PostRepository.php:350
/var/www/html/tests/Unit/Repository/PostRepositoryTest.php:309

16) Tests\Unit\Repository\PostRepositoryTest::testGetSourceDistribution
PDOException: SQLSTATE[HY000]: General error: 1 no such table: users

/var/www/html/app/Domains/Post/Repositories/PostRepository.php:222
/var/www/html/tests/Unit/Repository/PostRepositoryTest.php:46
/var/www/html/vendor/mockery/mockery/library/Mockery/Expectation.php:901
/var/www/html/vendor/mockery/mockery/library/Mockery/Expectation.php:761
/var/www/html/vendor/mockery/mockery/library/Mockery/ExpectationDirector.php:87
/var/www/html/app/Domains/Post/Repositories/PostRepository.php:220
/var/www/html/app/Domains/Post/Repositories/PostRepository.php:375
/var/www/html/app/Domains/Post/Repositories/PostRepository.php:84
/var/www/html/app/Domains/Post/Repositories/PostRepository.php:350
/var/www/html/tests/Unit/Repository/PostRepositoryTest.php:338

17) Tests\Unit\Repository\PostRepositoryTest::testFindByCreationSourceAndDetail
PDOException: SQLSTATE[HY000]: General error: 1 no such table: users

/var/www/html/app/Domains/Post/Repositories/PostRepository.php:222
/var/www/html/tests/Unit/Repository/PostRepositoryTest.php:46
/var/www/html/vendor/mockery/mockery/library/Mockery/Expectation.php:901
/var/www/html/vendor/mockery/mockery/library/Mockery/Expectation.php:761
/var/www/html/vendor/mockery/mockery/library/Mockery/ExpectationDirector.php:87
/var/www/html/app/Domains/Post/Repositories/PostRepository.php:220
/var/www/html/app/Domains/Post/Repositories/PostRepository.php:375
/var/www/html/app/Domains/Post/Repositories/PostRepository.php:84
/var/www/html/app/Domains/Post/Repositories/PostRepository.php:350
/var/www/html/tests/Unit/Repository/PostRepositoryTest.php:356

18) Tests\Unit\Repository\PostRepositoryTest::testCountByCreationSource
PDOException: SQLSTATE[HY000]: General error: 1 no such table: users

/var/www/html/app/Domains/Post/Repositories/PostRepository.php:222
/var/www/html/tests/Unit/Repository/PostRepositoryTest.php:46
/var/www/html/vendor/mockery/mockery/library/Mockery/Expectation.php:901
/var/www/html/vendor/mockery/mockery/library/Mockery/Expectation.php:761
/var/www/html/vendor/mockery/mockery/library/Mockery/ExpectationDirector.php:87
/var/www/html/app/Domains/Post/Repositories/PostRepository.php:220
/var/www/html/app/Domains/Post/Repositories/PostRepository.php:375
/var/www/html/app/Domains/Post/Repositories/PostRepository.php:84
/var/www/html/app/Domains/Post/Repositories/PostRepository.php:350
/var/www/html/tests/Unit/Repository/PostRepositoryTest.php:383

19) Tests\Unit\Repository\PostRepositoryTest::testPaginateByCreationSource
PDOException: SQLSTATE[HY000]: General error: 1 no such table: users

/var/www/html/app/Domains/Post/Repositories/PostRepository.php:222
/var/www/html/tests/Unit/Repository/PostRepositoryTest.php:46
/var/www/html/vendor/mockery/mockery/library/Mockery/Expectation.php:901
/var/www/html/vendor/mockery/mockery/library/Mockery/Expectation.php:761
/var/www/html/vendor/mockery/mockery/library/Mockery/ExpectationDirector.php:87
/var/www/html/app/Domains/Post/Repositories/PostRepository.php:220
/var/www/html/app/Domains/Post/Repositories/PostRepository.php:375
/var/www/html/app/Domains/Post/Repositories/PostRepository.php:84
/var/www/html/app/Domains/Post/Repositories/PostRepository.php:350
/var/www/html/tests/Unit/Repository/PostRepositoryTest.php:406

20) Tests\Unit\Repository\UserRepositoryTest::createUserSuccessfully
PDOException: SQLSTATE[HY000]: General error: 1 table users has no column named password_hash

/var/www/html/app/Domains/Auth/Repositories/UserRepository.php:23
/var/www/html/tests/Unit/Repository/UserRepositoryTest.php:63

21) Tests\Unit\Repository\UserRepositoryTest::updateUserSuccessfully
PDOException: SQLSTATE[HY000]: General error: 1 table users has no column named password_hash

/var/www/html/app/Domains/Auth/Repositories/UserRepository.php:23
/var/www/html/tests/Unit/Repository/UserRepositoryTest.php:76

22) Tests\Unit\Repository\UserRepositoryTest::deleteUserSuccessfully
PDOException: SQLSTATE[HY000]: General error: 1 table users has no column named password_hash

/var/www/html/app/Domains/Auth/Repositories/UserRepository.php:23
/var/www/html/tests/Unit/Repository/UserRepositoryTest.php:99

23) Tests\Unit\Repository\UserRepositoryTest::findUserByUuid
PDOException: SQLSTATE[HY000]: General error: 1 table users has no column named password_hash

/var/www/html/app/Domains/Auth/Repositories/UserRepository.php:23
/var/www/html/tests/Unit/Repository/UserRepositoryTest.php:123

24) Tests\Unit\Repository\UserRepositoryTest::findUserByUsername
PDOException: SQLSTATE[HY000]: General error: 1 table users has no column named password_hash

/var/www/html/app/Domains/Auth/Repositories/UserRepository.php:23
/var/www/html/tests/Unit/Repository/UserRepositoryTest.php:140

25) Tests\Unit\Repository\UserRepositoryTest::findUserByEmail
PDOException: SQLSTATE[HY000]: General error: 1 table users has no column named password_hash

/var/www/html/app/Domains/Auth/Repositories/UserRepository.php:23
/var/www/html/tests/Unit/Repository/UserRepositoryTest.php:156

26) Tests\Unit\Repository\UserRepositoryTest::preventDuplicateUsername
PDOException: SQLSTATE[HY000]: General error: 1 table users has no column named password_hash

/var/www/html/app/Domains/Auth/Repositories/UserRepository.php:23
/var/www/html/tests/Unit/Repository/UserRepositoryTest.php:172

27) Tests\Unit\Repository\UserRepositoryTest::preventDuplicateEmail
PDOException: SQLSTATE[HY000]: General error: 1 table users has no column named password_hash

/var/www/html/app/Domains/Auth/Repositories/UserRepository.php:23
/var/www/html/tests/Unit/Repository/UserRepositoryTest.php:189

28) Tests\Unit\Repository\UserRepositoryTest::findUserById
PDOException: SQLSTATE[HY000]: General error: 1 table users has no column named password_hash

/var/www/html/app/Domains/Auth/Repositories/UserRepository.php:23
/var/www/html/tests/Unit/Repository/UserRepositoryTest.php:206

29) Tests\Unit\Repository\UserRepositoryTest::updateLastLoginTime
PDOException: SQLSTATE[HY000]: General error: 1 table users has no column named password_hash

/var/www/html/app/Domains/Auth/Repositories/UserRepository.php:23
/var/www/html/tests/Unit/Repository/UserRepositoryTest.php:224

30) Tests\Integration\AttachmentUploadTest::should_handle_large_file_upload
PDOException: SQLSTATE[HY000]: General error: 1 no such table: users

/var/www/html/app/Domains/Post/Repositories/PostRepository.php:222
/var/www/html/tests/Support/Traits/CacheTestTrait.php:95
/var/www/html/vendor/mockery/mockery/library/Mockery/Expectation.php:901
/var/www/html/vendor/mockery/mockery/library/Mockery/Expectation.php:761
/var/www/html/vendor/mockery/mockery/library/Mockery/ExpectationDirector.php:87
/var/www/html/app/Domains/Post/Repositories/PostRepository.php:220
/var/www/html/app/Domains/Attachment/Services/AttachmentService.php:330
/var/www/html/app/Domains/Attachment/Services/AttachmentService.php:360
/var/www/html/tests/Integration/AttachmentUploadTest.php:173
/var/www/html/vendor/bin/phpunit:122

31) Tests\Integration\AttachmentUploadTest::should_validate_file_types
PDOException: SQLSTATE[HY000]: General error: 1 no such table: users

/var/www/html/app/Domains/Post/Repositories/PostRepository.php:222
/var/www/html/tests/Support/Traits/CacheTestTrait.php:95
/var/www/html/vendor/mockery/mockery/library/Mockery/Expectation.php:901
/var/www/html/vendor/mockery/mockery/library/Mockery/Expectation.php:761
/var/www/html/vendor/mockery/mockery/library/Mockery/ExpectationDirector.php:87
/var/www/html/app/Domains/Post/Repositories/PostRepository.php:220
/var/www/html/app/Domains/Attachment/Services/AttachmentService.php:330
/var/www/html/app/Domains/Attachment/Services/AttachmentService.php:360
/var/www/html/tests/Integration/AttachmentUploadTest.php:194
/var/www/html/vendor/bin/phpunit:122

32) Tests\Integration\AuthControllerTest::registerUserSuccessfully
ArgumentCountError: Too few arguments to function App\Application\Controllers\Api\V1\AuthController::__construct(), 5 passed in /var/www/html/tests/Integration/AuthControllerTest.php on line 153 and exactly 7 expected

/var/www/html/app/Application/Controllers/Api/V1/AuthController.php:41
/var/www/html/tests/Integration/AuthControllerTest.php:153
/var/www/html/vendor/bin/phpunit:122

33) Tests\Integration\AuthControllerTest::returnValidationErrorsForInvalidRegistrationData
ArgumentCountError: Too few arguments to function App\Application\Controllers\Api\V1\AuthController::__construct(), 5 passed in /var/www/html/tests/Integration/AuthControllerTest.php on line 200 and exactly 7 expected

/var/www/html/app/Application/Controllers/Api/V1/AuthController.php:41
/var/www/html/tests/Integration/AuthControllerTest.php:200
/var/www/html/vendor/bin/phpunit:122

34) Tests\Integration\AuthControllerTest::loginUserSuccessfully
TypeError: App\Domains\Auth\DTOs\LoginResponseDTO::__construct(): Argument #6 ($sessionId) must be of type ?string, array given, called in /var/www/html/tests/Integration/AuthControllerTest.php on line 254

/var/www/html/app/Domains/Auth/DTOs/LoginResponseDTO.php:16
/var/www/html/tests/Integration/AuthControllerTest.php:254
/var/www/html/vendor/bin/phpunit:122

35) Tests\Integration\AuthControllerTest::returnErrorForInvalidLogin
ArgumentCountError: Too few arguments to function App\Application\Controllers\Api\V1\AuthController::__construct(), 5 passed in /var/www/html/tests/Integration/AuthControllerTest.php on line 300 and exactly 7 expected

/var/www/html/app/Application/Controllers/Api/V1/AuthController.php:41
/var/www/html/tests/Integration/AuthControllerTest.php:300
/var/www/html/vendor/bin/phpunit:122

36) Tests\Integration\AuthControllerTest::logoutUserSuccessfully
ArgumentCountError: Too few arguments to function App\Application\Controllers\Api\V1\AuthController::__construct(), 5 passed in /var/www/html/tests/Integration/AuthControllerTest.php on line 334 and exactly 7 expected

/var/www/html/app/Application/Controllers/Api/V1/AuthController.php:41
/var/www/html/tests/Integration/AuthControllerTest.php:334
/var/www/html/vendor/bin/phpunit:122

37) Tests\Integration\Repositories\PostRepositoryTest::testCreatePost
PDOException: SQLSTATE[HY000]: General error: 1 no such table: users

/var/www/html/app/Domains/Post/Repositories/PostRepository.php:222
/var/www/html/tests/Integration/Repositories/PostRepositoryTest.php:47
/var/www/html/vendor/mockery/mockery/library/Mockery/Expectation.php:901
/var/www/html/vendor/mockery/mockery/library/Mockery/Expectation.php:761
/var/www/html/vendor/mockery/mockery/library/Mockery/ExpectationDirector.php:87
/var/www/html/app/Domains/Post/Repositories/PostRepository.php:220
/var/www/html/app/Domains/Post/Repositories/PostRepository.php:375
/var/www/html/app/Domains/Post/Repositories/PostRepository.php:84
/var/www/html/app/Domains/Post/Repositories/PostRepository.php:350
/var/www/html/tests/Integration/Repositories/PostRepositoryTest.php:192
/var/www/html/vendor/bin/phpunit:122

38) Tests\Integration\Repositories\PostRepositoryTest::testFindPostById
PDOException: SQLSTATE[HY000]: General error: 1 no such table: users

/var/www/html/app/Domains/Post/Repositories/PostRepository.php:222
/var/www/html/tests/Integration/Repositories/PostRepositoryTest.php:47
/var/www/html/vendor/mockery/mockery/library/Mockery/Expectation.php:901
/var/www/html/vendor/mockery/mockery/library/Mockery/Expectation.php:761
/var/www/html/vendor/mockery/mockery/library/Mockery/ExpectationDirector.php:87
/var/www/html/app/Domains/Post/Repositories/PostRepository.php:220
/var/www/html/app/Domains/Post/Repositories/PostRepository.php:375
/var/www/html/app/Domains/Post/Repositories/PostRepository.php:84
/var/www/html/app/Domains/Post/Repositories/PostRepository.php:350
/var/www/html/tests/Integration/Repositories/PostRepositoryTest.php:205
/var/www/html/vendor/bin/phpunit:122

39) Tests\Integration\Repositories\PostRepositoryTest::testFindNonExistentPost
PDOException: SQLSTATE[HY000]: General error: 1 no such table: users

/var/www/html/app/Domains/Post/Repositories/PostRepository.php:222
/var/www/html/tests/Integration/Repositories/PostRepositoryTest.php:47
/var/www/html/vendor/mockery/mockery/library/Mockery/Expectation.php:901
/var/www/html/vendor/mockery/mockery/library/Mockery/Expectation.php:761
/var/www/html/vendor/mockery/mockery/library/Mockery/ExpectationDirector.php:87
/var/www/html/app/Domains/Post/Repositories/PostRepository.php:220
/var/www/html/tests/Integration/Repositories/PostRepositoryTest.php:219
/var/www/html/vendor/bin/phpunit:122

40) Tests\Integration\Repositories\PostRepositoryTest::testFindPostByUuid
PDOException: SQLSTATE[HY000]: General error: 1 no such table: users

/var/www/html/app/Domains/Post/Repositories/PostRepository.php:222
/var/www/html/tests/Integration/Repositories/PostRepositoryTest.php:47
/var/www/html/vendor/mockery/mockery/library/Mockery/Expectation.php:901
/var/www/html/vendor/mockery/mockery/library/Mockery/Expectation.php:761
/var/www/html/vendor/mockery/mockery/library/Mockery/ExpectationDirector.php:87
/var/www/html/app/Domains/Post/Repositories/PostRepository.php:220
/var/www/html/app/Domains/Post/Repositories/PostRepository.php:375
/var/www/html/app/Domains/Post/Repositories/PostRepository.php:84
/var/www/html/app/Domains/Post/Repositories/PostRepository.php:350
/var/www/html/tests/Integration/Repositories/PostRepositoryTest.php:227
/var/www/html/vendor/bin/phpunit:122

41) Tests\Integration\Repositories\PostRepositoryTest::testFindPostBySeqNumber
PDOException: SQLSTATE[HY000]: General error: 1 no such table: users

/var/www/html/app/Domains/Post/Repositories/PostRepository.php:222
/var/www/html/tests/Integration/Repositories/PostRepositoryTest.php:47
/var/www/html/vendor/mockery/mockery/library/Mockery/Expectation.php:901
/var/www/html/vendor/mockery/mockery/library/Mockery/Expectation.php:761
/var/www/html/vendor/mockery/mockery/library/Mockery/ExpectationDirector.php:87
/var/www/html/app/Domains/Post/Repositories/PostRepository.php:220
/var/www/html/app/Domains/Post/Repositories/PostRepository.php:375
/var/www/html/app/Domains/Post/Repositories/PostRepository.php:84
/var/www/html/app/Domains/Post/Repositories/PostRepository.php:350
/var/www/html/tests/Integration/Repositories/PostRepositoryTest.php:242
/var/www/html/vendor/bin/phpunit:122

42) Tests\Integration\Repositories\PostRepositoryTest::testUpdatePost
PDOException: SQLSTATE[HY000]: General error: 1 no such table: users

/var/www/html/app/Domains/Post/Repositories/PostRepository.php:222
/var/www/html/tests/Integration/Repositories/PostRepositoryTest.php:47
/var/www/html/vendor/mockery/mockery/library/Mockery/Expectation.php:901
/var/www/html/vendor/mockery/mockery/library/Mockery/Expectation.php:761
/var/www/html/vendor/mockery/mockery/library/Mockery/ExpectationDirector.php:87
/var/www/html/app/Domains/Post/Repositories/PostRepository.php:220
/var/www/html/app/Domains/Post/Repositories/PostRepository.php:375
/var/www/html/app/Domains/Post/Repositories/PostRepository.php:84
/var/www/html/app/Domains/Post/Repositories/PostRepository.php:350
/var/www/html/tests/Integration/Repositories/PostRepositoryTest.php:255
/var/www/html/vendor/bin/phpunit:122

43) Tests\Integration\Repositories\PostRepositoryTest::testSoftDeletePost
PDOException: SQLSTATE[HY000]: General error: 1 no such table: users

/var/www/html/app/Domains/Post/Repositories/PostRepository.php:222
/var/www/html/tests/Integration/Repositories/PostRepositoryTest.php:47
/var/www/html/vendor/mockery/mockery/library/Mockery/Expectation.php:901
/var/www/html/vendor/mockery/mockery/library/Mockery/Expectation.php:761
/var/www/html/vendor/mockery/mockery/library/Mockery/ExpectationDirector.php:87
/var/www/html/app/Domains/Post/Repositories/PostRepository.php:220
/var/www/html/app/Domains/Post/Repositories/PostRepository.php:375
/var/www/html/app/Domains/Post/Repositories/PostRepository.php:84
/var/www/html/app/Domains/Post/Repositories/PostRepository.php:350
/var/www/html/tests/Integration/Repositories/PostRepositoryTest.php:277
/var/www/html/vendor/bin/phpunit:122

44) Tests\Integration\Repositories\PostRepositoryTest::testPaginatePosts
PDOException: SQLSTATE[HY000]: General error: 1 no such table: users

/var/www/html/app/Domains/Post/Repositories/PostRepository.php:222
/var/www/html/tests/Integration/Repositories/PostRepositoryTest.php:47
/var/www/html/vendor/mockery/mockery/library/Mockery/Expectation.php:901
/var/www/html/vendor/mockery/mockery/library/Mockery/Expectation.php:761
/var/www/html/vendor/mockery/mockery/library/Mockery/ExpectationDirector.php:87
/var/www/html/app/Domains/Post/Repositories/PostRepository.php:220
/var/www/html/app/Domains/Post/Repositories/PostRepository.php:375
/var/www/html/app/Domains/Post/Repositories/PostRepository.php:84
/var/www/html/app/Domains/Post/Repositories/PostRepository.php:350
/var/www/html/tests/Integration/Repositories/PostRepositoryTest.php:299
/var/www/html/vendor/bin/phpunit:122

45) Tests\Integration\Repositories\PostRepositoryTest::testGetPinnedPosts
PDOException: SQLSTATE[HY000]: General error: 1 no such table: users

/var/www/html/app/Domains/Post/Repositories/PostRepository.php:222
/var/www/html/tests/Integration/Repositories/PostRepositoryTest.php:47
/var/www/html/vendor/mockery/mockery/library/Mockery/Expectation.php:901
/var/www/html/vendor/mockery/mockery/library/Mockery/Expectation.php:761
/var/www/html/vendor/mockery/mockery/library/Mockery/ExpectationDirector.php:87
/var/www/html/app/Domains/Post/Repositories/PostRepository.php:220
/var/www/html/app/Domains/Post/Repositories/PostRepository.php:375
/var/www/html/app/Domains/Post/Repositories/PostRepository.php:84
/var/www/html/app/Domains/Post/Repositories/PostRepository.php:350
/var/www/html/tests/Integration/Repositories/PostRepositoryTest.php:334
/var/www/html/vendor/bin/phpunit:122

46) Tests\Integration\Repositories\PostRepositoryTest::testSetPinned
PDOException: SQLSTATE[HY000]: General error: 1 no such table: users

/var/www/html/app/Domains/Post/Repositories/PostRepository.php:222
/var/www/html/tests/Integration/Repositories/PostRepositoryTest.php:47
/var/www/html/vendor/mockery/mockery/library/Mockery/Expectation.php:901
/var/www/html/vendor/mockery/mockery/library/Mockery/Expectation.php:761
/var/www/html/vendor/mockery/mockery/library/Mockery/ExpectationDirector.php:87
/var/www/html/app/Domains/Post/Repositories/PostRepository.php:220
/var/www/html/app/Domains/Post/Repositories/PostRepository.php:375
/var/www/html/app/Domains/Post/Repositories/PostRepository.php:84
/var/www/html/app/Domains/Post/Repositories/PostRepository.php:350
/var/www/html/tests/Integration/Repositories/PostRepositoryTest.php:359
/var/www/html/vendor/bin/phpunit:122

47) Tests\Integration\Repositories\PostRepositoryTest::testIncrementViews
PDOException: SQLSTATE[HY000]: General error: 1 no such table: users

/var/www/html/app/Domains/Post/Repositories/PostRepository.php:222
/var/www/html/tests/Integration/Repositories/PostRepositoryTest.php:47
/var/www/html/vendor/mockery/mockery/library/Mockery/Expectation.php:901
/var/www/html/vendor/mockery/mockery/library/Mockery/Expectation.php:761
/var/www/html/vendor/mockery/mockery/library/Mockery/ExpectationDirector.php:87
/var/www/html/app/Domains/Post/Repositories/PostRepository.php:220
/var/www/html/app/Domains/Post/Repositories/PostRepository.php:375
/var/www/html/app/Domains/Post/Repositories/PostRepository.php:84
/var/www/html/app/Domains/Post/Repositories/PostRepository.php:350
/var/www/html/tests/Integration/Repositories/PostRepositoryTest.php:387
/var/www/html/vendor/bin/phpunit:122

48) Tests\Integration\Repositories\PostRepositoryTest::testIncrementViewsWithInvalidIp
PDOException: SQLSTATE[HY000]: General error: 1 no such table: users

/var/www/html/app/Domains/Post/Repositories/PostRepository.php:222
/var/www/html/tests/Integration/Repositories/PostRepositoryTest.php:47
/var/www/html/vendor/mockery/mockery/library/Mockery/Expectation.php:901
/var/www/html/vendor/mockery/mockery/library/Mockery/Expectation.php:761
/var/www/html/vendor/mockery/mockery/library/Mockery/ExpectationDirector.php:87
/var/www/html/app/Domains/Post/Repositories/PostRepository.php:220
/var/www/html/app/Domains/Post/Repositories/PostRepository.php:375
/var/www/html/app/Domains/Post/Repositories/PostRepository.php:84
/var/www/html/app/Domains/Post/Repositories/PostRepository.php:350
/var/www/html/tests/Integration/Repositories/PostRepositoryTest.php:409
/var/www/html/vendor/bin/phpunit:122

49) Tests\Integration\Repositories\PostRepositoryTest::testSetTags
PDOException: SQLSTATE[HY000]: General error: 1 no such table: users

/var/www/html/app/Domains/Post/Repositories/PostRepository.php:222
/var/www/html/tests/Integration/Repositories/PostRepositoryTest.php:47
/var/www/html/vendor/mockery/mockery/library/Mockery/Expectation.php:901
/var/www/html/vendor/mockery/mockery/library/Mockery/Expectation.php:761
/var/www/html/vendor/mockery/mockery/library/Mockery/ExpectationDirector.php:87
/var/www/html/app/Domains/Post/Repositories/PostRepository.php:220
/var/www/html/app/Domains/Post/Repositories/PostRepository.php:375
/var/www/html/app/Domains/Post/Repositories/PostRepository.php:84
/var/www/html/app/Domains/Post/Repositories/PostRepository.php:350
/var/www/html/tests/Integration/Repositories/PostRepositoryTest.php:421
/var/www/html/vendor/bin/phpunit:122

50) Tests\Integration\Repositories\PostRepositoryTest::testGetPostsByTag
PDOException: SQLSTATE[HY000]: General error: 1 no such table: users

/var/www/html/app/Domains/Post/Repositories/PostRepository.php:222
/var/www/html/tests/Integration/Repositories/PostRepositoryTest.php:47
/var/www/html/vendor/mockery/mockery/library/Mockery/Expectation.php:901
/var/www/html/vendor/mockery/mockery/library/Mockery/Expectation.php:761
/var/www/html/vendor/mockery/mockery/library/Mockery/ExpectationDirector.php:87
/var/www/html/app/Domains/Post/Repositories/PostRepository.php:220
/var/www/html/app/Domains/Post/Repositories/PostRepository.php:375
/var/www/html/app/Domains/Post/Repositories/PostRepository.php:84
/var/www/html/app/Domains/Post/Repositories/PostRepository.php:350
/var/www/html/tests/Integration/Repositories/PostRepositoryTest.php:444
/var/www/html/vendor/bin/phpunit:122

51) Tests\Integration\Repositories\PostRepositoryTest::testSecurityValidationForDisallowedFields
PDOException: SQLSTATE[HY000]: General error: 1 no such table: users

/var/www/html/app/Domains/Post/Repositories/PostRepository.php:222
/var/www/html/tests/Integration/Repositories/PostRepositoryTest.php:47
/var/www/html/vendor/mockery/mockery/library/Mockery/Expectation.php:901
/var/www/html/vendor/mockery/mockery/library/Mockery/Expectation.php:761
/var/www/html/vendor/mockery/mockery/library/Mockery/ExpectationDirector.php:87
/var/www/html/app/Domains/Post/Repositories/PostRepository.php:220
/var/www/html/app/Domains/Post/Repositories/PostRepository.php:375
/var/www/html/app/Domains/Post/Repositories/PostRepository.php:84
/var/www/html/app/Domains/Post/Repositories/PostRepository.php:350
/var/www/html/tests/Integration/Repositories/PostRepositoryTest.php:466
/var/www/html/vendor/bin/phpunit:122

52) Tests\Integration\Repositories\PostRepositoryTest::testDeletedPostsAreNotReturned
PDOException: SQLSTATE[HY000]: General error: 1 no such table: users

/var/www/html/app/Domains/Post/Repositories/PostRepository.php:222
/var/www/html/tests/Integration/Repositories/PostRepositoryTest.php:47
/var/www/html/vendor/mockery/mockery/library/Mockery/Expectation.php:901
/var/www/html/vendor/mockery/mockery/library/Mockery/Expectation.php:761
/var/www/html/vendor/mockery/mockery/library/Mockery/ExpectationDirector.php:87
/var/www/html/app/Domains/Post/Repositories/PostRepository.php:220
/var/www/html/app/Domains/Post/Repositories/PostRepository.php:375
/var/www/html/app/Domains/Post/Repositories/PostRepository.php:84
/var/www/html/app/Domains/Post/Repositories/PostRepository.php:350
/var/www/html/tests/Integration/Repositories/PostRepositoryTest.php:486
/var/www/html/vendor/bin/phpunit:122

53) Tests\Integration\Repositories\PostRepositoryTest::testTransactionRollbackOnError
PDOException: SQLSTATE[HY000]: General error: 1 no such table: users

/var/www/html/app/Domains/Post/Repositories/PostRepository.php:222
/var/www/html/tests/Integration/Repositories/PostRepositoryTest.php:47
/var/www/html/vendor/mockery/mockery/library/Mockery/Expectation.php:901
/var/www/html/vendor/mockery/mockery/library/Mockery/Expectation.php:761
/var/www/html/vendor/mockery/mockery/library/Mockery/ExpectationDirector.php:87
/var/www/html/app/Domains/Post/Repositories/PostRepository.php:220
/var/www/html/app/Domains/Post/Repositories/PostRepository.php:375
/var/www/html/app/Domains/Post/Repositories/PostRepository.php:84
/var/www/html/app/Domains/Post/Repositories/PostRepository.php:350
/var/www/html/tests/Integration/Repositories/PostRepositoryTest.php:505
/var/www/html/vendor/bin/phpunit:122

54) Tests\Security\PasswordHashingTest::shouldHashPasswordUsingArgon2id
PDOException: SQLSTATE[HY000]: General error: 1 table users has no column named password_hash

/var/www/html/app/Domains/Auth/Repositories/UserRepository.php:23
/var/www/html/app/Domains/Auth/Services/AuthService.php:33
/var/www/html/tests/Security/PasswordHashingTest.php:122
/var/www/html/vendor/bin/phpunit:122

55) Tests\Security\PasswordHashingTest::shouldUseAppropriateHashingOptions
PDOException: SQLSTATE[HY000]: General error: 1 table users has no column named password_hash

/var/www/html/app/Domains/Auth/Repositories/UserRepository.php:23
/var/www/html/app/Domains/Auth/Services/AuthService.php:33
/var/www/html/tests/Security/PasswordHashingTest.php:174
/var/www/html/vendor/bin/phpunit:122

56) Tests\Security\PasswordHashingTest::shouldPreventPasswordReuse
PDOException: SQLSTATE[HY000]: General error: 1 table users has no column named password_hash

/var/www/html/app/Domains/Auth/Repositories/UserRepository.php:23
/var/www/html/app/Domains/Auth/Services/AuthService.php:33
/var/www/html/tests/Security/PasswordHashingTest.php:252
/var/www/html/vendor/bin/phpunit:122

57) Tests\Security\SqlInjectionTest::shouldPreventSqlInjectionInTitleSearch
PDOException: SQLSTATE[HY000]: General error: 1 no such table: users

/var/www/html/app/Domains/Post/Repositories/PostRepository.php:525
/var/www/html/tests/Security/SqlInjectionTest.php:45
/var/www/html/vendor/mockery/mockery/library/Mockery/Expectation.php:901
/var/www/html/vendor/mockery/mockery/library/Mockery/Expectation.php:761
/var/www/html/vendor/mockery/mockery/library/Mockery/ExpectationDirector.php:87
/var/www/html/app/Domains/Post/Repositories/PostRepository.php:484
/var/www/html/tests/Security/SqlInjectionTest.php:94
/var/www/html/vendor/bin/phpunit:122

58) Tests\Security\SqlInjectionTest::shouldHandleSpecialCharactersInContent
PDOException: SQLSTATE[HY000]: General error: 1 no such table: users

/var/www/html/app/Domains/Post/Repositories/PostRepository.php:222
/var/www/html/tests/Security/SqlInjectionTest.php:45
/var/www/html/vendor/mockery/mockery/library/Mockery/Expectation.php:901
/var/www/html/vendor/mockery/mockery/library/Mockery/Expectation.php:761
/var/www/html/vendor/mockery/mockery/library/Mockery/ExpectationDirector.php:87
/var/www/html/app/Domains/Post/Repositories/PostRepository.php:220
/var/www/html/app/Domains/Post/Repositories/PostRepository.php:375
/var/www/html/app/Domains/Post/Repositories/PostRepository.php:84
/var/www/html/app/Domains/Post/Repositories/PostRepository.php:350
/var/www/html/tests/Security/SqlInjectionTest.php:120
/var/www/html/vendor/bin/phpunit:122

59) Tests\Security\SqlInjectionTest::shouldPreventSqlInjectionInUserIdFilter
PDOException: SQLSTATE[HY000]: General error: 1 no such table: users

/var/www/html/app/Domains/Post/Repositories/PostRepository.php:525
/var/www/html/tests/Security/SqlInjectionTest.php:45
/var/www/html/vendor/mockery/mockery/library/Mockery/Expectation.php:901
/var/www/html/vendor/mockery/mockery/library/Mockery/Expectation.php:761
/var/www/html/vendor/mockery/mockery/library/Mockery/ExpectationDirector.php:87
/var/www/html/app/Domains/Post/Repositories/PostRepository.php:484
/var/www/html/tests/Security/SqlInjectionTest.php:135
/var/www/html/vendor/bin/phpunit:122

60) Tests\Security\SqlInjectionTest::shouldSanitizeSearchInput
PDOException: SQLSTATE[HY000]: General error: 1 no such table: users

/var/www/html/app/Domains/Post/Repositories/PostRepository.php:525
/var/www/html/tests/Security/SqlInjectionTest.php:45
/var/www/html/vendor/mockery/mockery/library/Mockery/Expectation.php:901
/var/www/html/vendor/mockery/mockery/library/Mockery/Expectation.php:761
/var/www/html/vendor/mockery/mockery/library/Mockery/ExpectationDirector.php:87
/var/www/html/app/Domains/Post/Repositories/PostRepository.php:484
/var/www/html/tests/Security/SqlInjectionTest.php:166
/var/www/html/vendor/bin/phpunit:122

--

There were 13 failures:

1) Tests\Unit\Application\Middleware\JwtAuthenticationMiddlewareTest::testShouldFailWhenIpAddressMismatch
Failed asserting that two strings are equal.
--- Expected
+++ Actual
@@ @@
-'Token 無效'
+'認證驗證失敗'

/var/www/html/tests/Unit/Application/Middleware/JwtAuthenticationMiddlewareTest.php:305

2) Tests\Unit\Application\Middleware\JwtAuthenticationMiddlewareTest::testShouldRejectWhenIpAddressMismatch
Failed asserting that two strings are equal.
--- Expected
+++ Actual
@@ @@
-'Token 無效'
+'認證驗證失敗'

/var/www/html/tests/Unit/Application/Middleware/JwtAuthenticationMiddlewareTest.php:328

3) Tests\Unit\Application\Middleware\JwtAuthenticationMiddlewareTest::testShouldRejectWhenDeviceFingerprintMismatch
Failed asserting that two strings are equal.
--- Expected
+++ Actual
@@ @@
-'Token 無效'
+'認證驗證失敗'

/var/www/html/tests/Unit/Application/Middleware/JwtAuthenticationMiddlewareTest.php:378

4) Tests\Unit\Domains\Auth\Services\JwtTokenServiceTest::test_validateAccessToken_should_return_payload_when_valid_token
Expectation failed for method name is "parseTokenUnsafe" when invoked 1 time.
Method was expected to be called 1 time, actually called 0 times.

5) Tests\Unit\Domains\Auth\Services\JwtTokenServiceTest::test_validateAccessToken_should_throw_exception_when_token_blacklisted
Expectation failed for method name is "parseTokenUnsafe" when invoked 1 time.
Method was expected to be called 1 time, actually called 0 times.

6) Tests\Integration\AttachmentUploadTest::should_handle_concurrent_uploads
上傳失敗: SQLSTATE[HY000]: General error: 1 no such table: users

/var/www/html/tests/Integration/AttachmentUploadTest.php:154
/var/www/html/vendor/bin/phpunit:122

7) Tests\Integration\AttachmentUploadTest::should_handle_disk_full_error
Failed asserting that exception of type "PDOException" matches expected exception "App\Shared\Exceptions\ValidationException". Message was: "SQLSTATE[HY000]: General error: 1 no such table: users" at
/var/www/html/app/Domains/Post/Repositories/PostRepository.php:222
/var/www/html/tests/Support/Traits/CacheTestTrait.php:95
/var/www/html/vendor/mockery/mockery/library/Mockery/Expectation.php:901
/var/www/html/vendor/mockery/mockery/library/Mockery/Expectation.php:761
/var/www/html/vendor/mockery/mockery/library/Mockery/ExpectationDirector.php:87
/var/www/html/app/Domains/Post/Repositories/PostRepository.php:220
/var/www/html/app/Domains/Attachment/Services/AttachmentService.php:330
/var/www/html/app/Domains/Attachment/Services/AttachmentService.php:360
/var/www/html/tests/Integration/AttachmentUploadTest.php:223
/var/www/html/vendor/bin/phpunit:122
.

/var/www/html/vendor/bin/phpunit:122

8) Tests\Integration\AttachmentUploadTest::should_handle_permission_error
Failed asserting that exception of type "PDOException" matches expected exception "App\Shared\Exceptions\ValidationException". Message was: "SQLSTATE[HY000]: General error: 1 no such table: users" at
/var/www/html/app/Domains/Post/Repositories/PostRepository.php:222
/var/www/html/tests/Support/Traits/CacheTestTrait.php:95
/var/www/html/vendor/mockery/mockery/library/Mockery/Expectation.php:901
/var/www/html/vendor/mockery/mockery/library/Mockery/Expectation.php:761
/var/www/html/vendor/mockery/mockery/library/Mockery/ExpectationDirector.php:87
/var/www/html/app/Domains/Post/Repositories/PostRepository.php:220
/var/www/html/app/Domains/Attachment/Services/AttachmentService.php:330
/var/www/html/app/Domains/Attachment/Services/AttachmentService.php:360
/var/www/html/tests/Integration/AttachmentUploadTest.php:247
/var/www/html/vendor/bin/phpunit:122
.

/var/www/html/vendor/bin/phpunit:122

9) Tests\Integration\Statistics\PostViewApiIntegrationTest::testRateLimitingAnonymousUser
在沒有速率限制的情況下，所有請求都應該成功
Failed asserting that actual size 0 matches expected size 10.

/var/www/html/tests/Integration/Statistics/PostViewApiIntegrationTest.php:259
/var/www/html/vendor/bin/phpunit:122

10) Tests\Integration\Statistics\PostViewApiIntegrationTest::testRateLimitingAuthenticatedUser
認證使用者應該有較高的請求限制
Failed asserting that 0 is greater than 5.

/var/www/html/tests/Integration/Statistics/PostViewApiIntegrationTest.php:292
/var/www/html/vendor/bin/phpunit:122

11) Tests\Integration\Statistics\PostViewApiIntegrationTest::testDifferentIPAddresses
IP 127.0.0.1 的請求應該成功
Failed asserting that 500 matches expected 200.

/var/www/html/tests/Integration/Statistics/PostViewApiIntegrationTest.php:311
/var/www/html/vendor/bin/phpunit:122

12) Tests\Integration\Statistics\PostViewApiIntegrationTest::testResponseFormat
Failed asserting that 500 matches expected 200.

/var/www/html/tests/Integration/Statistics/PostViewApiIntegrationTest.php:377
/var/www/html/vendor/bin/phpunit:122

13) Tests\Integration\Statistics\PostViewApiIntegrationTest::testViewTrackingForMultiplePosts
Post ID 1 的瀏覽請求應該成功
Failed asserting that 500 matches expected 200.

/var/www/html/tests/Integration/Statistics/PostViewApiIntegrationTest.php:451
/var/www/html/vendor/bin/phpunit:122

ERRORS!
Tests: 2190, Assertions: 9095, Errors: 60, Failures: 13, PHPUnit Deprecations: 1, Skipped: 36.
